Component: Arm Compiler for Embedded 6.21 Tool: armlink [5ec1fa00]

==============================================================================

Section Cross References

    main.o(.text) refers (Special) to _printf_percent.o(.ARM.Collect$$_printf_percent$$00000000) for _printf_percent
    main.o(.text) refers (Special) to _printf_d.o(.ARM.Collect$$_printf_percent$$00000009) for _printf_d
    main.o(.text) refers (Special) to _printf_dec.o(.text) for _printf_int_dec
    main.o(.text.main) refers (Special) to _printf_percent.o(.ARM.Collect$$_printf_percent$$00000000) for _printf_percent
    main.o(.text.main) refers (Special) to _printf_d.o(.ARM.Collect$$_printf_percent$$00000009) for _printf_d
    main.o(.text.main) refers (Special) to _printf_dec.o(.text) for _printf_int_dec
    main.o(.text.main) refers to queue.o(.text.xQueueCreateMutex) for xQueueCreateMutex
    main.o(.text.main) refers to main.o(.bss._Semaphore) for _Semaphore
    main.o(.text.main) refers to event_groups.o(.text.xEventGroupCreate) for xEventGroupCreate
    main.o(.text.main) refers to main.o(.bss.event_hdl) for event_hdl
    main.o(.text.main) refers to system_stm32f10x.o(.text.SystemInit) for SystemInit
    main.o(.text.main) refers to system_stm32f10x.o(.text.SystemCoreClockUpdate) for SystemCoreClockUpdate
    main.o(.text.main) refers to my_usart.o(.text.usart1_cfg_A9A10) for usart1_cfg_A9A10
    main.o(.text.main) refers to puts.o(.text) for puts
    main.o(.text.main) refers to stm32f10x_rcc.o(.text.RCC_APB2PeriphClockCmd) for RCC_APB2PeriphClockCmd
    main.o(.text.main) refers to stm32f10x_gpio.o(.text.GPIO_PinRemapConfig) for GPIO_PinRemapConfig
    main.o(.text.main) refers to stm32f10x_gpio.o(.text.GPIO_Init) for GPIO_Init
    main.o(.text.main) refers to main.o(.text.Task_receive_uart) for Task_receive_uart
    main.o(.text.main) refers to tasks.o(.text.xTaskCreate) for xTaskCreate
    main.o(.text.main) refers to main.o(.text.Task_send_data) for Task_send_data
    main.o(.text.main) refers to main.o(.text.Task_check_syntax) for Task_check_syntax
    main.o(.text.main) refers to main.o(.text.Task_controll_led) for Task_controll_led
    main.o(.text.main) refers to tasks.o(.text.vTaskStartScheduler) for vTaskStartScheduler
    main.o(.ARM.exidx.text.main) refers (Special) to _printf_percent.o(.ARM.Collect$$_printf_percent$$00000000) for _printf_percent
    main.o(.ARM.exidx.text.main) refers (Special) to _printf_d.o(.ARM.Collect$$_printf_percent$$00000009) for _printf_d
    main.o(.ARM.exidx.text.main) refers (Special) to _printf_dec.o(.text) for _printf_int_dec
    main.o(.ARM.exidx.text.main) refers to main.o(.text.main) for [Anonymous Symbol]
    main.o(.text.Task_receive_uart) refers (Special) to _printf_percent.o(.ARM.Collect$$_printf_percent$$00000000) for _printf_percent
    main.o(.text.Task_receive_uart) refers (Special) to _printf_d.o(.ARM.Collect$$_printf_percent$$00000009) for _printf_d
    main.o(.text.Task_receive_uart) refers (Special) to _printf_dec.o(.text) for _printf_int_dec
    main.o(.text.Task_receive_uart) refers to main.o(.bss._Semaphore) for _Semaphore
    main.o(.text.Task_receive_uart) refers to my_usart.o(.bss.RX_available) for RX_available
    main.o(.text.Task_receive_uart) refers to main.o(.bss.event_hdl) for event_hdl
    main.o(.text.Task_receive_uart) refers to queue.o(.text.xQueueGenericSend) for xQueueGenericSend
    main.o(.text.Task_receive_uart) refers to tasks.o(.text.vTaskDelay) for vTaskDelay
    main.o(.text.Task_receive_uart) refers to queue.o(.text.xQueueSemaphoreTake) for xQueueSemaphoreTake
    main.o(.text.Task_receive_uart) refers to event_groups.o(.text.xEventGroupSetBits) for xEventGroupSetBits
    main.o(.ARM.exidx.text.Task_receive_uart) refers (Special) to _printf_percent.o(.ARM.Collect$$_printf_percent$$00000000) for _printf_percent
    main.o(.ARM.exidx.text.Task_receive_uart) refers (Special) to _printf_d.o(.ARM.Collect$$_printf_percent$$00000009) for _printf_d
    main.o(.ARM.exidx.text.Task_receive_uart) refers (Special) to _printf_dec.o(.text) for _printf_int_dec
    main.o(.ARM.exidx.text.Task_receive_uart) refers to main.o(.text.Task_receive_uart) for [Anonymous Symbol]
    main.o(.text.Task_send_data) refers (Special) to _printf_percent.o(.ARM.Collect$$_printf_percent$$00000000) for _printf_percent
    main.o(.text.Task_send_data) refers (Special) to _printf_d.o(.ARM.Collect$$_printf_percent$$00000009) for _printf_d
    main.o(.text.Task_send_data) refers (Special) to _printf_dec.o(.text) for _printf_int_dec
    main.o(.text.Task_send_data) refers to main.o(.bss.event_hdl) for event_hdl
    main.o(.text.Task_send_data) refers to main.o(.bss._Semaphore) for _Semaphore
    main.o(.text.Task_send_data) refers to my_usart.o(.bss.RX_Buffer) for RX_Buffer
    main.o(.text.Task_send_data) refers to tasks.o(.text.vTaskDelay) for vTaskDelay
    main.o(.text.Task_send_data) refers to event_groups.o(.text.xEventGroupWaitBits) for xEventGroupWaitBits
[...]
    [Anonymous Symbol]                       0x080030c8   Section        0  port.o(.text.xPortSysTickHandler)
    [Anonymous Symbol]                       0x080030f8   Section        0  queue.o(.text.xQueueCreateMutex)
    [Anonymous Symbol]                       0x08003120   Section        0  queue.o(.text.xQueueCreateMutexStatic)
    [Anonymous Symbol]                       0x0800318c   Section        0  queue.o(.text.xQueueGenericCreate)
    [Anonymous Symbol]                       0x08003214   Section        0  queue.o(.text.xQueueGenericCreateStatic)
    [Anonymous Symbol]                       0x08003294   Section        0  queue.o(.text.xQueueGenericSend)
    [Anonymous Symbol]                       0x080034bc   Section        0  queue.o(.text.xQueueReceive)
    [Anonymous Symbol]                       0x08003694   Section        0  queue.o(.text.xQueueSemaphoreTake)
    [Anonymous Symbol]                       0x080038a0   Section        0  tasks.o(.text.xTaskCheckForTimeOut)
    [Anonymous Symbol]                       0x08003900   Section        0  tasks.o(.text.xTaskCreate)
    [Anonymous Symbol]                       0x08003960   Section        0  tasks.o(.text.xTaskCreateStatic)
    [Anonymous Symbol]                       0x080039b0   Section        0  tasks.o(.text.xTaskGetCurrentTaskHandle)
    [Anonymous Symbol]                       0x080039bc   Section        0  tasks.o(.text.xTaskGetSchedulerState)
    [Anonymous Symbol]                       0x080039e4   Section        0  tasks.o(.text.xTaskGetTickCount)
    [Anonymous Symbol]                       0x080039f0   Section        0  tasks.o(.text.xTaskIncrementTick)
    [Anonymous Symbol]                       0x08003b78   Section        0  tasks.o(.text.xTaskPriorityDisinherit)
    [Anonymous Symbol]                       0x08003bec   Section        0  tasks.o(.text.xTaskPriorityInherit)
    [Anonymous Symbol]                       0x08003c94   Section        0  tasks.o(.text.xTaskRemoveFromEventList)
    [Anonymous Symbol]                       0x08003d74   Section        0  tasks.o(.text.xTaskResumeAll)
    [Anonymous Symbol]                       0x08003ed8   Section        0  timers.o(.text.xTimerCreateTimerTask)
    ADCPrescTable                            0x08003f90   Data           4  stm32f10x_rcc.o(.rodata.ADCPrescTable)
    [Anonymous Symbol]                       0x08003f90   Section        0  stm32f10x_rcc.o(.rodata.ADCPrescTable)
    APBAHBPrescTable                         0x08003fa4   Data          16  stm32f10x_rcc.o(.rodata.APBAHBPrescTable)
    [Anonymous Symbol]                       0x08003fa4   Section        0  stm32f10x_rcc.o(.rodata.APBAHBPrescTable)
    .L.str.15                                0x08003fcb   Data           9  main.o(.rodata.str1.1)
    [Anonymous Symbol]                       0x08003fcb   Section        0  main.o(.rodata.str1.1)
    .Lstr.24                                 0x08003fd4   Data           7  main.o(.rodata.str1.1)
    .Lstr.23                                 0x08003fdb   Data           7  main.o(.rodata.str1.1)
    .L.str.8                                 0x08003fe2   Data           2  main.o(.rodata.str1.1)
    _strtok_saves1                           0x20000000   Data           4  strtok.o(.data)
    .data                                    0x20000000   Section        4  strtok.o(.data)
    .data                                    0x20000004   Section        4  stdio_streams.o(.data)
    .data                                    0x20000008   Section        4  stdio_streams.o(.data)
    .data                                    0x2000000c   Section        4  stdio_streams.o(.data)
    .data                                    0x20000010   Section        4  streamlock.o(.data)
    uxCriticalNesting                        0x20000018   Data           4  port.o(.data.uxCriticalNesting)
    [Anonymous Symbol]                       0x20000018   Section        0  port.o(.data.uxCriticalNesting)
    .bss                                     0x20000020   Section       84  stdio_streams.o(.bss)
    .bss                                     0x20000074   Section       84  stdio_streams.o(.bss)
    .bss                                     0x200000c8   Section       84  stdio_streams.o(.bss)
    .bss                                     0x2000011c   Section       96  libspace.o(.bss)
    clib_mutex_cb                            0x200001d4   Data         400  clib_arm.o(.bss.clib_mutex_cb)
    [Anonymous Symbol]                       0x200001d4   Section        0  clib_arm.o(.bss.clib_mutex_cb)
    clib_mutex_id                            0x20000364   Data          20  clib_arm.o(.bss.clib_mutex_id)
    [Anonymous Symbol]                       0x20000364   Section        0  clib_arm.o(.bss.clib_mutex_id)
    os_libspace                              0x20000380   Data         480  clib_arm.o(.bss.os_libspace)
    [Anonymous Symbol]                       0x20000380   Section        0  clib_arm.o(.bss.os_libspace)
    os_libspace_id                           0x20000560   Data          16  clib_arm.o(.bss.os_libspace_id)
    [Anonymous Symbol]                       0x20000560   Section        0  clib_arm.o(.bss.os_libspace_id)
    prvCheckForValidListAndQueue.ucStaticTimerQueueStorage 0x20000570   Data          80  timers.o(.bss.prvCheckForValidListAndQueue.ucStaticTimerQueueStorage)
    [Anonymous Symbol]                       0x20000570   Section        0  timers.o(.bss.prvCheckForValidListAndQueue.ucStaticTimerQueueStorage)
    prvCheckForValidListAndQueue.xStaticTimerQueue 0x200005c0   Data          80  timers.o(.bss.prvCheckForValidListAndQueue.xStaticTimerQueue)
    [Anonymous Symbol]                       0x200005c0   Section        0  timers.o(.bss.prvCheckForValidListAndQueue.xStaticTimerQueue)
    prvSampleTimeNow.xLastTime               0x20000610   Data           4  timers.o(.bss.prvSampleTimeNow.xLastTime)
    [Anonymous Symbol]                       0x20000610   Section        0  timers.o(.bss.prvSampleTimeNow.xLastTime)
    __tagsym$$used.1                         0x20000614   Number         0  tasks.o(.bss.pxCurrentTCB)
    pxCurrentTimerList                       0x20000618   Data           4  timers.o(.bss.pxCurrentTimerList)
    [Anonymous Symbol]                       0x20000618   Section        0  timers.o(.bss.pxCurrentTimerList)
    pxDelayedTaskList                        0x2000061c   Data           4  tasks.o(.bss.pxDelayedTaskList)
    [Anonymous Symbol]                       0x2000061c   Section        0  tasks.o(.bss.pxDelayedTaskList)
    pxEnd                                    0x20000620   Data           4  heap_4.o(.bss.pxEnd)
    [Anonymous Symbol]                       0x20000620   Section        0  heap_4.o(.bss.pxEnd)
    pxOverflowDelayedTaskList                0x20000624   Data           4  tasks.o(.bss.pxOverflowDelayedTaskList)
    [Anonymous Symbol]                       0x20000624   Section        0  tasks.o(.bss.pxOverflowDelayedTaskList)
    pxOverflowTimerList                      0x20000628   Data           4  timers.o(.bss.pxOverflowTimerList)
    [Anonymous Symbol]                       0x20000628   Section        0  timers.o(.bss.pxOverflowTimerList)
    pxReadyTasksLists                        0x2000062c   Data        1120  tasks.o(.bss.pxReadyTasksLists)
    [Anonymous Symbol]                       0x2000062c   Section        0  tasks.o(.bss.pxReadyTasksLists)
    ucHeap                                   0x20000a8e   Data        8192  heap_4.o(.bss.ucHeap)
    [Anonymous Symbol]                       0x20000a8e   Section        0  heap_4.o(.bss.ucHeap)
    uxCurrentNumberOfTasks                   0x20002a90   Data           4  tasks.o(.bss.uxCurrentNumberOfTasks)
    [Anonymous Symbol]                       0x20002a90   Section        0  tasks.o(.bss.uxCurrentNumberOfTasks)
    uxDeletedTasksWaitingCleanUp             0x20002a94   Data           4  tasks.o(.bss.uxDeletedTasksWaitingCleanUp)
    [Anonymous Symbol]                       0x20002a94   Section        0  tasks.o(.bss.uxDeletedTasksWaitingCleanUp)
    uxSchedulerSuspended                     0x20002a98   Data           4  tasks.o(.bss.uxSchedulerSuspended)
    [Anonymous Symbol]                       0x20002a98   Section        0  tasks.o(.bss.uxSchedulerSuspended)
    uxTaskNumber                             0x20002a9c   Data           4  tasks.o(.bss.uxTaskNumber)
    [Anonymous Symbol]                       0x20002a9c   Section        0  tasks.o(.bss.uxTaskNumber)
    uxTopReadyPriority                       0x20002aa0   Data           4  tasks.o(.bss.uxTopReadyPriority)
    [Anonymous Symbol]                       0x20002aa0   Section        0  tasks.o(.bss.uxTopReadyPriority)
    vApplicationGetIdleTaskMemory.Idle_Stack 0x20002aa4   Data         512  cmsis_os2.o(.bss.vApplicationGetIdleTaskMemory.Idle_Stack)
    [Anonymous Symbol]                       0x20002aa4   Section        0  cmsis_os2.o(.bss.vApplicationGetIdleTaskMemory.Idle_Stack)
    vApplicationGetIdleTaskMemory.Idle_TCB   0x20002ca4   Data          92  cmsis_os2.o(.bss.vApplicationGetIdleTaskMemory.Idle_TCB)
    [Anonymous Symbol]                       0x20002ca4   Section        0  cmsis_os2.o(.bss.vApplicationGetIdleTaskMemory.Idle_TCB)
    vApplicationGetTimerTaskMemory.Timer_Stack 0x20002d00   Data         320  cmsis_os2.o(.bss.vApplicationGetTimerTaskMemory.Timer_Stack)
    [Anonymous Symbol]                       0x20002d00   Section        0  cmsis_os2.o(.bss.vApplicationGetTimerTaskMemory.Timer_Stack)
    vApplicationGetTimerTaskMemory.Timer_TCB 0x20002e40   Data          92  cmsis_os2.o(.bss.vApplicationGetTimerTaskMemory.Timer_TCB)
    [Anonymous Symbol]                       0x20002e40   Section        0  cmsis_os2.o(.bss.vApplicationGetTimerTaskMemory.Timer_TCB)
    xActiveTimerList1                        0x20002e9c   Data          20  timers.o(.bss.xActiveTimerList1)
    [Anonymous Symbol]                       0x20002e9c   Section        0  timers.o(.bss.xActiveTimerList1)
    xActiveTimerList2                        0x20002eb0   Data          20  timers.o(.bss.xActiveTimerList2)
    [Anonymous Symbol]                       0x20002eb0   Section        0  timers.o(.bss.xActiveTimerList2)
    xDelayedTaskList1                        0x20002ec4   Data          20  tasks.o(.bss.xDelayedTaskList1)
    [Anonymous Symbol]                       0x20002ec4   Section        0  tasks.o(.bss.xDelayedTaskList1)
    xDelayedTaskList2                        0x20002ed8   Data          20  tasks.o(.bss.xDelayedTaskList2)
    [Anonymous Symbol]                       0x20002ed8   Section        0  tasks.o(.bss.xDelayedTaskList2)
    xFreeBytesRemaining                      0x20002eec   Data           4  heap_4.o(.bss.xFreeBytesRemaining)
    [Anonymous Symbol]                       0x20002eec   Section        0  heap_4.o(.bss.xFreeBytesRemaining)
    xIdleTaskHandle                          0x20002ef0   Data           4  tasks.o(.bss.xIdleTaskHandle)
    [Anonymous Symbol]                       0x20002ef0   Section        0  tasks.o(.bss.xIdleTaskHandle)
    xMinimumEverFreeBytesRemaining           0x20002ef4   Data           4  heap_4.o(.bss.xMinimumEverFreeBytesRemaining)
    [Anonymous Symbol]                       0x20002ef4   Section        0  heap_4.o(.bss.xMinimumEverFreeBytesRemaining)
    xNextTaskUnblockTime                     0x20002ef8   Data           4  tasks.o(.bss.xNextTaskUnblockTime)
    [Anonymous Symbol]                       0x20002ef8   Section        0  tasks.o(.bss.xNextTaskUnblockTime)
    xNumOfOverflows                          0x20002efc   Data           4  tasks.o(.bss.xNumOfOverflows)
    [Anonymous Symbol]                       0x20002efc   Section        0  tasks.o(.bss.xNumOfOverflows)
    xNumberOfSuccessfulAllocations           0x20002f00   Data           4  heap_4.o(.bss.xNumberOfSuccessfulAllocations)
    [Anonymous Symbol]                       0x20002f00   Section        0  heap_4.o(.bss.xNumberOfSuccessfulAllocations)
    xNumberOfSuccessfulFrees                 0x20002f04   Data           4  heap_4.o(.bss.xNumberOfSuccessfulFrees)
    [Anonymous Symbol]                       0x20002f04   Section        0  heap_4.o(.bss.xNumberOfSuccessfulFrees)
    xPendedTicks                             0x20002f08   Data           4  tasks.o(.bss.xPendedTicks)
    [Anonymous Symbol]                       0x20002f08   Section        0  tasks.o(.bss.xPendedTicks)
    xPendingReadyList                        0x20002f0c   Data          20  tasks.o(.bss.xPendingReadyList)
    [Anonymous Symbol]                       0x20002f0c   Section        0  tasks.o(.bss.xPendingReadyList)
    xSchedulerRunning                        0x20002f20   Data           4  tasks.o(.bss.xSchedulerRunning)
    [Anonymous Symbol]                       0x20002f20   Section        0  tasks.o(.bss.xSchedulerRunning)
    xStart                                   0x20002f24   Data           8  heap_4.o(.bss.xStart)
    [Anonymous Symbol]                       0x20002f24   Section        0  heap_4.o(.bss.xStart)
    xSuspendedTaskList                       0x20002f2c   Data          20  tasks.o(.bss.xSuspendedTaskList)
    [Anonymous Symbol]                       0x20002f2c   Section        0  tasks.o(.bss.xSuspendedTaskList)
    xTasksWaitingTermination                 0x20002f40   Data          20  tasks.o(.bss.xTasksWaitingTermination)
    [Anonymous Symbol]                       0x20002f40   Section        0  tasks.o(.bss.xTasksWaitingTermination)
    xTickCount                               0x20002f54   Data           4  tasks.o(.bss.xTickCount)
    [Anonymous Symbol]                       0x20002f54   Section        0  tasks.o(.bss.xTickCount)
    xTimerQueue                              0x20002f58   Data           4  timers.o(.bss.xTimerQueue)
    [Anonymous Symbol]                       0x20002f58   Section        0  timers.o(.bss.xTimerQueue)
    xTimerTaskHandle                         0x20002f5c   Data           4  timers.o(.bss.xTimerTaskHandle)
    [Anonymous Symbol]                       0x20002f5c   Section        0  timers.o(.bss.xTimerTaskHandle)
    xYieldPending                            0x20002f60   Data           4  tasks.o(.bss.xYieldPending)
    [Anonymous Symbol]                       0x20002f60   Section        0  tasks.o(.bss.xYieldPending)
    Heap_Mem                                 0x20002f68   Data         512  startup_stm32f10x_md.o(HEAP)
    HEAP                                     0x20002f68   Section      512  startup_stm32f10x_md.o(HEAP)
    Stack_Mem                                0x20003168   Data        1024  startup_stm32f10x_md.o(STACK)
    STACK                                    0x20003168   Section     1024  startup_stm32f10x_md.o(STACK)
    __initial_sp                             0x20003568   Data           0  startup_stm32f10x_md.o(STACK)

    Global Symbols

    Symbol Name                              Value     Ov Type        Size  Object(Section)

    BuildAttributes$$THM_ISAv4$P$D$K$B$S$PE$A:L22UL41UL21$X:L11$S22US41US21$IEEE1$IW$~IW$USESV6$~STKCKD$USESV7$~SHL$OTIME$ROPI$EBA8$UX$STANDARDLIB$REQ8$PRES8$EABIv2 0x00000000   Number         0  anon$$obj.o ABSOLUTE
    __fp_init_empty                          0x00000000   Number         0  fpinit_empty.o ABSOLUTE
    __ARM_exceptions_init                     - Undefined Weak Reference
    __alloca_initialize                       - Undefined Weak Reference
    __arm_preinit_                            - Undefined Weak Reference
    __arm_relocate_pie_                       - Undefined Weak Reference
    __cpp_initialize__aeabi_                  - Undefined Weak Reference
    __cxa_finalize                            - Undefined Weak Reference
    __rt_locale                               - Undefined Weak Reference
    __sigvec_lookup                           - Undefined Weak Reference
    __user_heap_extent                        - Undefined Weak Reference
    _atexit_init                              - Undefined Weak Reference
    _call_atexit_fns                          - Undefined Weak Reference
    _clock_init                               - Undefined Weak Reference
    _fp_trap_init                             - Undefined Weak Reference
    _fp_trap_shutdown                         - Undefined Weak Reference
    _get_lc_collate                           - Undefined Weak Reference
    _get_lc_ctype                             - Undefined Weak Reference
    _get_lc_monetary                          - Undefined Weak Reference
    _get_lc_numeric                           - Undefined Weak Reference
    _get_lc_time                              - Undefined Weak Reference
    _getenv_init                              - Undefined Weak Reference
    _handle_redirection                       - Undefined Weak Reference
    _printf_post_padding                      - Undefined Weak Reference
    _printf_pre_padding                       - Undefined Weak Reference
    _printf_truncate_signed                   - Undefined Weak Reference
    _printf_truncate_unsigned                 - Undefined Weak Reference
    _rand_init                                - Undefined Weak Reference
    _signal_finish                            - Undefined Weak Reference
    _signal_init                              - Undefined Weak Reference
    __Vectors_Size                           0x000000ec   Number         0  startup_stm32f10x_md.o ABSOLUTE
    __Vectors                                0x08000000   Data           4  startup_stm32f10x_md.o(RESET)
    __Vectors_End                            0x080000ec   Data           0  startup_stm32f10x_md.o(RESET)
    __main                                   0x080000ed   Thumb Code     8  __main.o(!!!main)
    __scatterload                            0x080000f5   Thumb Code     0  __scatter.o(!!!scatter)
    __scatterload_rt2                        0x080000f5   Thumb Code    84  __scatter.o(!!!scatter)
    __scatterload_rt2_thumb_only             0x080000f5   Thumb Code     0  __scatter.o(!!!scatter)
    __scatterload_loop                       0x080000ff   Thumb Code     0  __scatter.o(!!!scatter)
    __scatterload_copy                       0x08000151   Thumb Code    26  __scatter_copy.o(!!handler_copy)
    __scatterload_null                       0x0800016d   Thumb Code     2  __scatter.o(!!handler_null)
    __scatterload_zeroinit                   0x08000171   Thumb Code    28  __scatter_zi.o(!!handler_zi)
    _printf_d                                0x0800018d   Thumb Code     0  _printf_d.o(.ARM.Collect$$_printf_percent$$00000009)
    _printf_percent                          0x0800018d   Thumb Code     0  _printf_percent.o(.ARM.Collect$$_printf_percent$$00000000)
    _printf_percent_end                      0x08000193   Thumb Code     0  _printf_percent_end.o(.ARM.Collect$$_printf_percent$$00000017)
    __rt_lib_init                            0x08000197   Thumb Code     0  libinit.o(.ARM.Collect$$libinit$$00000000)
    __rt_lib_init_fp_1                       0x08000199   Thumb Code     0  libinit2.o(.ARM.Collect$$libinit$$00000002)
    __rt_lib_init_heap_2                     0x08000199   Thumb Code     0  libinit2.o(.ARM.Collect$$libinit$$00000007)
    __rt_lib_init_preinit_1                  0x08000199   Thumb Code     0  libinit2.o(.ARM.Collect$$libinit$$00000006)
    __rt_lib_init_relocate_pie_1             0x08000199   Thumb Code     0  libinit2.o(.ARM.Collect$$libinit$$00000004)
    __rt_lib_init_atexit_1                   0x080001a1   Thumb Code     0  libinit2.o(.ARM.Collect$$libinit$$0000001D)
    __rt_lib_init_clock_1                    0x080001a1   Thumb Code     0  libinit2.o(.ARM.Collect$$libinit$$00000023)
    __rt_lib_init_fp_trap_1                  0x080001a1   Thumb Code     0  libinit2.o(.ARM.Collect$$libinit$$00000021)
    __rt_lib_init_getenv_1                   0x080001a1   Thumb Code     0  libinit2.o(.ARM.Collect$$libinit$$00000025)
    __rt_lib_init_heap_1                     0x080001a1   Thumb Code     0  libinit2.o(.ARM.Collect$$libinit$$0000000C)
    __rt_lib_init_lc_collate_1               0x080001a1   Thumb Code     0  libinit2.o(.ARM.Collect$$libinit$$00000013)
    __rt_lib_init_lc_ctype_1                 0x080001a1   Thumb Code     0  libinit2.o(.ARM.Collect$$libinit$$00000015)
    __rt_lib_init_lc_monetary_1              0x080001a1   Thumb Code     0  libinit2.o(.ARM.Collect$$libinit$$00000017)
    __rt_lib_init_lc_numeric_1               0x080001a1   Thumb Code     0  libinit2.o(.ARM.Collect$$libinit$$00000019)
    __rt_lib_init_lc_time_1                  0x080001a1   Thumb Code     0  libinit2.o(.ARM.Collect$$libinit$$0000001B)
    __rt_lib_init_rand_1                     0x080001a1   Thumb Code     0  libinit2.o(.ARM.Collect$$libinit$$00000010)
    __rt_lib_init_signal_1                   0x080001a1   Thumb Code     0  libinit2.o(.ARM.Collect$$libinit$$0000001F)
    __rt_lib_init_stdio_2                    0x080001a1   Thumb Code     0  libinit2.o(.ARM.Collect$$libinit$$00000026)
    __rt_lib_init_user_alloc_1               0x080001a1   Thumb Code     0  libinit2.o(.ARM.Collect$$libinit$$0000000E)
    __rt_lib_init_alloca_1                   0x080001a5   Thumb Code     0  libinit2.o(.ARM.Collect$$libinit$$00000030)
    __rt_lib_init_argv_1                     0x080001a5   Thumb Code     0  libinit2.o(.ARM.Collect$$libinit$$0000002E)
    __rt_lib_init_cpp_1                      0x080001a5   Thumb Code     0  libinit2.o(.ARM.Collect$$libinit$$00000034)
    __rt_lib_init_exceptions_1               0x080001a5   Thumb Code     0  libinit2.o(.ARM.Collect$$libinit$$00000032)
    __rt_lib_init_return                     0x080001a5   Thumb Code     0  libinit2.o(.ARM.Collect$$libinit$$00000035)
    __rt_lib_init_stdio_1                    0x080001a5   Thumb Code     0  libinit2.o(.ARM.Collect$$libinit$$00000027)
    __rt_lib_shutdown                        0x080001a7   Thumb Code     0  libshutdown.o(.ARM.Collect$$libshutdown$$00000000)
    __rt_lib_shutdown_cpp_1                  0x080001a9   Thumb Code     0  libshutdown2.o(.ARM.Collect$$libshutdown$$00000002)
    __rt_lib_shutdown_stdio_2                0x080001a9   Thumb Code     0  libshutdown2.o(.ARM.Collect$$libshutdown$$00000003)
    __rt_lib_shutdown_fp_trap_1              0x080001ad   Thumb Code     0  libshutdown2.o(.ARM.Collect$$libshutdown$$00000007)
    __rt_lib_shutdown_heap_2                 0x080001ad   Thumb Code     0  libshutdown2.o(.ARM.Collect$$libshutdown$$0000000D)
    __rt_lib_shutdown_signal_1               0x080001ad   Thumb Code     0  libshutdown2.o(.ARM.Collect$$libshutdown$$0000000A)
    __rt_lib_shutdown_stdio_1                0x080001ad   Thumb Code     0  libshutdown2.o(.ARM.Collect$$libshutdown$$00000004)
    __rt_lib_shutdown_user_alloc_1           0x080001ad   Thumb Code     0  libshutdown2.o(.ARM.Collect$$libshutdown$$0000000C)
    __rt_lib_shutdown_heap_1                 0x080001b1   Thumb Code     0  libshutdown2.o(.ARM.Collect$$libshutdown$$0000000F)
    __rt_lib_shutdown_return                 0x080001b1   Thumb Code     0  libshutdown2.o(.ARM.Collect$$libshutdown$$00000010)
    __rt_entry                               0x080001b3   Thumb Code     0  __rtentry.o(.ARM.Collect$$rtentry$$00000000)
    __rt_entry_presh_1                       0x080001b3   Thumb Code     0  __rtentry2.o(.ARM.Collect$$rtentry$$00000002)
    __rt_entry_sh                            0x080001b3   Thumb Code     0  __rtentry4.o(.ARM.Collect$$rtentry$$00000004)
    __rt_entry_postsh_1                      0x080001b9   Thumb Code     0  __rtentry2.o(.ARM.Collect$$rtentry$$00000008)
    __rt_entry_li                            0x080001c1   Thumb Code     0  __rtentry2.o(.ARM.Collect$$rtentry$$0000000A)
    __rt_entry_main                          0x080001c5   Thumb Code     0  __rtentry2.o(.ARM.Collect$$rtentry$$0000000D)
    __rt_entry_postli_1                      0x080001c5   Thumb Code     0  __rtentry2.o(.ARM.Collect$$rtentry$$0000000C)
    __rt_exit                                0x080001cd   Thumb Code     0  rtexit.o(.ARM.Collect$$rtexit$$00000000)
    __rt_exit_ls                             0x080001cf   Thumb Code     0  rtexit2.o(.ARM.Collect$$rtexit$$00000003)
    __rt_exit_prels_1                        0x080001cf   Thumb Code     0  rtexit2.o(.ARM.Collect$$rtexit$$00000002)
    __rt_exit_exit                           0x080001d3   Thumb Code     0  rtexit2.o(.ARM.Collect$$rtexit$$00000004)
    Reset_Handler                            0x080001d9   Thumb Code     8  startup_stm32f10x_md.o(.text)
    NMI_Handler                              0x080001e1   Thumb Code     2  startup_stm32f10x_md.o(.text)
    HardFault_Handler                        0x080001e3   Thumb Code     2  startup_stm32f10x_md.o(.text)
    MemManage_Handler                        0x080001e5   Thumb Code     2  startup_stm32f10x_md.o(.text)
    BusFault_Handler                         0x080001e7   Thumb Code     2  startup_stm32f10x_md.o(.text)
    UsageFault_Handler                       0x080001e9   Thumb Code     2  startup_stm32f10x_md.o(.text)
    DebugMon_Handler                         0x080001ed   Thumb Code     2  startup_stm32f10x_md.o(.text)
    ADC1_2_IRQHandler                        0x080001f3   Thumb Code     0  startup_stm32f10x_md.o(.text)
    CAN1_RX1_IRQHandler                      0x080001f3   Thumb Code     0  startup_stm32f10x_md.o(.text)
    CAN1_SCE_IRQHandler                      0x080001f3   Thumb Code     0  startup_stm32f10x_md.o(.text)
    DMA1_Channel1_IRQHandler                 0x080001f3   Thumb Code     0  startup_stm32f10x_md.o(.text)
    DMA1_Channel2_IRQHandler                 0x080001f3   Thumb Code     0  startup_stm32f10x_md.o(.text)
    DMA1_Channel3_IRQHandler                 0x080001f3   Thumb Code     0  startup_stm32f10x_md.o(.text)
    DMA1_Channel4_IRQHandler                 0x080001f3   Thumb Code     0  startup_stm32f10x_md.o(.text)
    DMA1_Channel5_IRQHandler                 0x080001f3   Thumb Code     0  startup_stm32f10x_md.o(.text)
    DMA1_Channel6_IRQHandler                 0x080001f3   Thumb Code     0  startup_stm32f10x_md.o(.text)
    DMA1_Channel7_IRQHandler                 0x080001f3   Thumb Code     0  startup_stm32f10x_md.o(.text)
    EXTI0_IRQHandler                         0x080001f3   Thumb Code     0  startup_stm32f10x_md.o(.text)
    EXTI15_10_IRQHandler                     0x080001f3   Thumb Code     0  startup_stm32f10x_md.o(.text)
    EXTI1_IRQHandler                         0x080001f3   Thumb Code     0  startup_stm32f10x_md.o(.text)
    EXTI2_IRQHandler                         0x080001f3   Thumb Code     0  startup_stm32f10x_md.o(.text)
    EXTI3_IRQHandler                         0x080001f3   Thumb Code     0  startup_stm32f10x_md.o(.text)
    EXTI4_IRQHandler                         0x080001f3   Thumb Code     0  startup_stm32f10x_md.o(.text)
    EXTI9_5_IRQHandler                       0x080001f3   Thumb Code     0  startup_stm32f10x_md.o(.text)
    FLASH_IRQHandler                         0x080001f3   Thumb Code     0  startup_stm32f10x_md.o(.text)
    I2C1_ER_IRQHandler                       0x080001f3   Thumb Code     0  startup_stm32f10x_md.o(.text)
    I2C1_EV_IRQHandler                       0x080001f3   Thumb Code     0  startup_stm32f10x_md.o(.text)
    I2C2_ER_IRQHandler                       0x080001f3   Thumb Code     0  startup_stm32f10x_md.o(.text)
    I2C2_EV_IRQHandler                       0x080001f3   Thumb Code     0  startup_stm32f10x_md.o(.text)
    PVD_IRQHandler                           0x080001f3   Thumb Code     0  startup_stm32f10x_md.o(.text)
    RCC_IRQHandler                           0x080001f3   Thumb Code     0  startup_stm32f10x_md.o(.text)
    RTCAlarm_IRQHandler                      0x080001f3   Thumb Code     0  startup_stm32f10x_md.o(.text)
    RTC_IRQHandler                           0x080001f3   Thumb Code     0  startup_stm32f10x_md.o(.text)
    SPI1_IRQHandler                          0x080001f3   Thumb Code     0  startup_stm32f10x_md.o(.text)
    SPI2_IRQHandler                          0x080001f3   Thumb Code     0  startup_stm32f10x_md.o(.text)
    TAMPER_IRQHandler                        0x080001f3   Thumb Code     0  startup_stm32f10x_md.o(.text)
    TIM1_BRK_IRQHandler                      0x080001f3   Thumb Code     0  startup_stm32f10x_md.o(.text)
    TIM1_CC_IRQHandler                       0x080001f3   Thumb Code     0  startup_stm32f10x_md.o(.text)
    TIM1_TRG_COM_IRQHandler                  0x080001f3   Thumb Code     0  startup_stm32f10x_md.o(.text)
    TIM1_UP_IRQHandler                       0x080001f3   Thumb Code     0  startup_stm32f10x_md.o(.text)
    TIM2_IRQHandler                          0x080001f3   Thumb Code     0  startup_stm32f10x_md.o(.text)
    TIM3_IRQHandler                          0x080001f3   Thumb Code     0  startup_stm32f10x_md.o(.text)
    TIM4_IRQHandler                          0x080001f3   Thumb Code     0  startup_stm32f10x_md.o(.text)
    USART2_IRQHandler                        0x080001f3   Thumb Code     0  startup_stm32f10x_md.o(.text)
    USART3_IRQHandler                        0x080001f3   Thumb Code     0  startup_stm32f10x_md.o(.text)
    USBWakeUp_IRQHandler                     0x080001f3   Thumb Code     0  startup_stm32f10x_md.o(.text)
    USB_HP_CAN1_TX_IRQHandler                0x080001f3   Thumb Code     0  startup_stm32f10x_md.o(.text)
    USB_LP_CAN1_RX0_IRQHandler               0x080001f3   Thumb Code     0  startup_stm32f10x_md.o(.text)
    WWDG_IRQHandler                          0x080001f3   Thumb Code     0  startup_stm32f10x_md.o(.text)
    __user_initial_stackheap                 0x080001f5   Thumb Code     0  startup_stm32f10x_md.o(.text)
    __2printf                                0x08000219   Thumb Code    20  noretval__2printf.o(.text)
    __printf                                 0x08000231   Thumb Code   104  __printf.o(.text)
    _printf_int_dec                          0x08000299   Thumb Code   104  _printf_dec.o(.text)
    puts                                     0x08000311   Thumb Code    40  puts.o(.text)
    strtok                                   0x0800033d   Thumb Code     6  strtok.o(.text)
    __aeabi_memcpy                           0x08000349   Thumb Code     0  rt_memcpy_v6.o(.text)
    __rt_memcpy                              0x08000349   Thumb Code   138  rt_memcpy_v6.o(.text)
    _memcpy_lastbytes                        0x080003af   Thumb Code     0  rt_memcpy_v6.o(.text)
    __aeabi_memset4                          0x080003d3   Thumb Code    16  aeabi_memset4.o(.text)
    __aeabi_memset8                          0x080003d3   Thumb Code     0  aeabi_memset4.o(.text)
    __aeabi_memclr                           0x080003e3   Thumb Code     0  rt_memclr.o(.text)
    __rt_memclr                              0x080003e3   Thumb Code     0  rt_memclr.o(.text)
    _memset                                  0x080003e7   Thumb Code    64  rt_memclr.o(.text)
    strcmp                                   0x08000429   Thumb Code   128  strcmpv7m.o(.text)
    __use_two_region_memory                  0x080004a9   Thumb Code     2  heapauxi.o(.text)
    __rt_heap_escrow                         0x080004ab   Thumb Code     2  heapauxi.o(.text)
    __rt_heap_expand                         0x080004ad   Thumb Code     2  heapauxi.o(.text)
    _printf_int_common                       0x080004af   Thumb Code   178  _printf_intcommon.o(.text)
    _printf_char_file                        0x08000561   Thumb Code    32  _printf_char_file.o(.text)
    __strtok_internal                        0x08000585   Thumb Code    64  strtok_int.o(.text)
    __aeabi_memcpy4                          0x080005c9   Thumb Code     0  rt_memcpy_w.o(.text)
    __aeabi_memcpy8                          0x080005c9   Thumb Code     0  rt_memcpy_w.o(.text)
    __rt_memcpy_w                            0x080005c9   Thumb Code   100  rt_memcpy_w.o(.text)
    _memcpy_lastbytes_aligned                0x08000611   Thumb Code     0  rt_memcpy_w.o(.text)
    __aeabi_memclr4                          0x0800062d   Thumb Code     0  rt_memclr_w.o(.text)
    __aeabi_memclr8                          0x0800062d   Thumb Code     0  rt_memclr_w.o(.text)
    __rt_memclr_w                            0x0800062d   Thumb Code     0  rt_memclr_w.o(.text)
    _memset_w                                0x08000631   Thumb Code    74  rt_memclr_w.o(.text)
    _printf_char_common                      0x08000687   Thumb Code    32  _printf_char_common.o(.text)
    ferror                                   0x080006ad   Thumb Code    30  ferror_locked.o(.text)
    _initio                                  0x080006cd   Thumb Code   240  initio_locked.o(.text)
    _terminateio                             0x080007bd   Thumb Code   168  initio_locked.o(.text)
    strcspn                                  0x08000895   Thumb Code    32  strcspn.o(.text)
    strspn                                   0x080008b5   Thumb Code    28  strspn.o(.text)
    __user_setup_stackheap                   0x080008d1   Thumb Code    74  sys_stackheap_outer.o(.text)
    free_internal$concurrent                 0x0800091b   Thumb Code    98  h1_free_threads.o(.text)
    free                                     0x0800097d   Thumb Code    20  h1_free_threads.o(.text)
    _fclose_internal                         0x08000991   Thumb Code    76  fclose.o(.text)
    fclose                                   0x08000991   Thumb Code     0  fclose.o(.text)
    setvbuf                                  0x080009dd   Thumb Code   104  setvbuf_locked.o(.text)
    freopen                                  0x08000af9   Thumb Code    42  fopen_locked.o(.text)
    _fopen$locked                            0x08000b23   Thumb Code   100  fopen_locked.o(.text)
    exit                                     0x08000b91   Thumb Code    18  exit.o(.text)
    __rt_SIGRTRED                            0x08000ba3   Thumb Code    14  defsig_rtred_outer.o(.text)
    __user_libspace                          0x08000bb1   Thumb Code     8  libspace.o(.text)
    __user_perproc_libspace                  0x08000bb1   Thumb Code     0  libspace.o(.text)
    __rt_heap_descriptor                     0x08000bb9   Thumb Code    10  rt_heap_descriptor_twolibspace.o(.text)
    __use_no_heap                            0x08000bc3   Thumb Code     2  hguard.o(.text)
    __heap$guard                             0x08000bc5   Thumb Code     2  hguard.o(.text)
    _terminate_user_alloc                    0x08000bc7   Thumb Code     2  init_alloc.o(.text)
    _init_user_alloc                         0x08000bc9   Thumb Code     2  init_alloc.o(.text)
    __Heap_Full                              0x08000bcb   Thumb Code    34  init_alloc.o(.text)
    __Heap_Broken                            0x08000bed   Thumb Code     6  init_alloc.o(.text)
    _init_alloc                              0x08000bf3   Thumb Code    94  init_alloc.o(.text)
    malloc_internal$concurrent               0x08000c61   Thumb Code   130  h1_alloc_threads.o(.text)
    malloc                                   0x08000ce3   Thumb Code    20  h1_alloc_threads.o(.text)
    _fseek                                   0x08000cf9   Thumb Code   242  fseek.o(.text)
    fseek                                    0x08000cf9   Thumb Code     0  fseek.o(.text)
    _seterr                                  0x08000df1   Thumb Code    20  stdio.o(.text)
    _writebuf                                0x08000e05   Thumb Code   108  stdio.o(.text)
    _fflush                                  0x08000e71   Thumb Code    70  stdio.o(.text)
    _deferredlazyseek                        0x08000eb7   Thumb Code    60  stdio.o(.text)
    __sig_exit                               0x08000ef9   Thumb Code    10  defsig_exit.o(.text)
    __rt_SIGRTRED_inner                      0x08000f05   Thumb Code    14  defsig_rtred_inner.o(.text)
    _sys_exit                                0x08000f39   Thumb Code     8  sys_exit.o(.text)
    __Heap_Initialize                        0x08000f45   Thumb Code    14  h1_init_threads.o(.text)
    _maybe_terminate_alloc                   0x08000f45   Thumb Code     0  maybetermalloc2.o(.text)
    __Heap_DescSize                          0x08000f53   Thumb Code     4  h1_init_threads.o(.text)
    __Heap_ProvideMemory                     0x08000f65   Thumb Code    68  h1_extend_threads.o(.text)
    _ftell_internal                          0x08000fa9   Thumb Code    66  ftell.o(.text)
    ftell                                    0x08000fa9   Thumb Code     0  ftell.o(.text)
    __default_signal_display                 0x08000feb   Thumb Code    50  defsig_general.o(.text)
    __rt_SIGRTMEM                            0x0800101d   Thumb Code    14  defsig_rtmem_outer.o(.text)
    __I$use$semihosting                      0x0800102b   Thumb Code     0  use_no_semi.o(.text)
    __use_no_semihosting_swi                 0x0800102b   Thumb Code     2  use_no_semi.o(.text)
    __aeabi_errno_addr                       0x0800102d   Thumb Code     4  rt_errno_addr_twolibspace.o(.text)
    __errno$twolibspace                      0x0800102d   Thumb Code     0  rt_errno_addr_twolibspace.o(.text)
    __rt_errno_addr$twolibspace              0x0800102d   Thumb Code     0  rt_errno_addr_twolibspace.o(.text)
    __semihosting_library_function           0x0800102d   Thumb Code     0  indicate_semi.o(.text)
    _terminate_alloc                         0x08001031   Thumb Code    16  term_alloc.o(.text)
    __rt_SIGRTMEM_inner                      0x08001041   Thumb Code    22  defsig_rtmem_inner.o(.text)
    __Heap_Finalize                          0x08001091   Thumb Code    10  h1_final_threads.o(.text)
    GPIO_Init                                0x0800109d   Thumb Code   528  stm32f10x_gpio.o(.text.GPIO_Init)
    GPIO_PinRemapConfig                      0x080012ad   Thumb Code   128  stm32f10x_gpio.o(.text.GPIO_PinRemapConfig)
    GPIO_ResetBits                           0x0800132d   Thumb Code     4  stm32f10x_gpio.o(.text.GPIO_ResetBits)
    GPIO_SetBits                             0x08001331   Thumb Code     4  stm32f10x_gpio.o(.text.GPIO_SetBits)
    PendSV_Handler                           0x08001341   Thumb Code    68  port.o(.text.PendSV_Handler)
    RCC_APB2PeriphClockCmd                   0x08001385   Thumb Code    24  stm32f10x_rcc.o(.text.RCC_APB2PeriphClockCmd)
    RCC_GetClocksFreq                        0x0800139d   Thumb Code   140  stm32f10x_rcc.o(.text.RCC_GetClocksFreq)
    SVC_Handler                              0x08001431   Thumb Code    36  port.o(.text.SVC_Handler)
    SysTick_Handler                          0x08001455   Thumb Code    30  cmsis_os2.o(.text.SysTick_Handler)
    SystemCoreClockUpdate                    0x08001475   Thumb Code    92  system_stm32f10x.o(.text.SystemCoreClockUpdate)
    SystemInit                               0x080014d1   Thumb Code   330  system_stm32f10x.o(.text.SystemInit)
    Task_check_syntax                        0x0800161d   Thumb Code   166  main.o(.text.Task_check_syntax)
    Task_controll_led                        0x080016c5   Thumb Code   170  main.o(.text.Task_controll_led)
    Task_receive_uart                        0x08001771   Thumb Code    74  main.o(.text.Task_receive_uart)
    Task_send_data                           0x080017bd   Thumb Code    86  main.o(.text.Task_send_data)
    USART1_IRQHandler                        0x08001815   Thumb Code   114  my_usart.o(.text.USART1_IRQHandler)
    USART_ClearFlag                          0x08001889   Thumb Code     6  stm32f10x_usart.o(.text.USART_ClearFlag)
    USART_ClearITPendingBit                  0x08001891   Thumb Code    14  stm32f10x_usart.o(.text.USART_ClearITPendingBit)
    USART_Cmd                                0x080018a1   Thumb Code    20  stm32f10x_usart.o(.text.USART_Cmd)
    USART_GetFlagStatus                      0x080018b5   Thumb Code    10  stm32f10x_usart.o(.text.USART_GetFlagStatus)
    USART_GetITStatus                        0x080018c1   Thumb Code    48  stm32f10x_usart.o(.text.USART_GetITStatus)
    USART_ITConfig                           0x080018f1   Thumb Code    46  stm32f10x_usart.o(.text.USART_ITConfig)
    USART_Init                               0x08001921   Thumb Code   182  stm32f10x_usart.o(.text.USART_Init)
    USART_ReceiveData                        0x080019d9   Thumb Code     8  stm32f10x_usart.o(.text.USART_ReceiveData)
    USART_SendData                           0x080019e1   Thumb Code     8  stm32f10x_usart.o(.text.USART_SendData)
    __user_perthread_libspace                0x080019e9   Thumb Code   126  clib_arm.o(.text.__user_perthread_libspace)
    _mutex_acquire                           0x08001a69   Thumb Code    36  clib_arm.o(.text._mutex_acquire)
    _mutex_free                              0x08001a8d   Thumb Code    78  clib_arm.o(.text._mutex_free)
    _mutex_initialize                        0x08001add   Thumb Code   126  clib_arm.o(.text._mutex_initialize)
    _mutex_release                           0x08001b5d   Thumb Code    38  clib_arm.o(.text._mutex_release)
    _platform_post_stackheap_init            0x08001b85   Thumb Code     2  clib_arm.o(.text._platform_post_stackheap_init)
    _sys_close                               0x08001b89   Thumb Code    20  retarget_io.o(.text._sys_close)
    _sys_flen                                0x08001b9d   Thumb Code     4  retarget_io.o(.text._sys_flen)
    _sys_istty                               0x08001ba1   Thumb Code    16  retarget_io.o(.text._sys_istty)
    _sys_open                                0x08001bb1   Thumb Code   100  retarget_io.o(.text._sys_open)
    _sys_seek                                0x08001c15   Thumb Code     6  retarget_io.o(.text._sys_seek)
    _sys_write                               0x08001c1d   Thumb Code    34  retarget_io.o(.text._sys_write)
    _ttywrch                                 0x08001c41   Thumb Code     4  retarget_io.o(.text._ttywrch)
    checkSyntax                              0x08001c45   Thumb Code   144  main.o(.text.checkSyntax)
    fputc                                    0x08001d01   Thumb Code    36  my_usart.o(.text.fputc)
    main                                     0x08001d25   Thumb Code   224  main.o(.text.main)
    pvPortMalloc                             0x080025a1   Thumb Code   424  heap_4.o(.text.pvPortMalloc)
    pvTaskIncrementMutexHeldCount            0x08002749   Thumb Code    24  tasks.o(.text.pvTaskIncrementMutexHeldCount)
    pxPortInitialiseStack                    0x08002761   Thumb Code    32  port.o(.text.pxPortInitialiseStack)
    usart1_cfg_A9A10                         0x08002781   Thumb Code   188  my_usart.o(.text.usart1_cfg_A9A10)
    uxListRemove                             0x0800283d   Thumb Code    36  list.o(.text.uxListRemove)
    uxTaskResetEventItemValue                0x08002861   Thumb Code    26  tasks.o(.text.uxTaskResetEventItemValue)
    vApplicationGetIdleTaskMemory            0x0800287d   Thumb Code    26  cmsis_os2.o(.text.vApplicationGetIdleTaskMemory)
    vApplicationGetTimerTaskMemory           0x08002899   Thumb Code    26  cmsis_os2.o(.text.vApplicationGetTimerTaskMemory)
    vApplicationStackOverflowHook            0x080028b5   Thumb Code     2  cmsis_os2.o(.text.vApplicationStackOverflowHook)
    vListInitialise                          0x080028b9   Thumb Code    22  list.o(.text.vListInitialise)
    vListInitialiseItem                      0x080028d1   Thumb Code     6  list.o(.text.vListInitialiseItem)
    vListInsert                              0x080028d9   Thumb Code    96  list.o(.text.vListInsert)
    vPortEnterCritical                       0x08002939   Thumb Code    32  port.o(.text.vPortEnterCritical)
    vPortExitCritical                        0x08002959   Thumb Code    26  port.o(.text.vPortExitCritical)
    vPortFree                                0x08002975   Thumb Code   174  heap_4.o(.text.vPortFree)
    vPortSetupTimerInterrupt                 0x08002a25   Thumb Code    52  port.o(.text.vPortSetupTimerInterrupt)
    vQueueDelete                             0x08002a59   Thumb Code    14  queue.o(.text.vQueueDelete)
    vQueueWaitForMessageRestricted           0x08002a69   Thumb Code    70  queue.o(.text.vQueueWaitForMessageRestricted)
    vTaskDelay                               0x08002ab1   Thumb Code   142  tasks.o(.text.vTaskDelay)
    vTaskInternalSetTimeOutState             0x08002b41   Thumb Code    26  tasks.o(.text.vTaskInternalSetTimeOutState)
    vTaskMissedYield                         0x08002b5d   Thumb Code    14  tasks.o(.text.vTaskMissedYield)
    vTaskPlaceOnEventList                    0x08002b6d   Thumb Code    32  tasks.o(.text.vTaskPlaceOnEventList)
    vTaskPlaceOnEventListRestricted          0x08002b8d   Thumb Code    90  tasks.o(.text.vTaskPlaceOnEventListRestricted)
    vTaskPlaceOnUnorderedEventList           0x08002be9   Thumb Code    88  tasks.o(.text.vTaskPlaceOnUnorderedEventList)
    vTaskPriorityDisinheritAfterTimeout      0x08002c41   Thumb Code   138  tasks.o(.text.vTaskPriorityDisinheritAfterTimeout)
    vTaskRemoveFromUnorderedEventList        0x08002ccd   Thumb Code   178  tasks.o(.text.vTaskRemoveFromUnorderedEventList)
    vTaskStartScheduler                      0x08002d81   Thumb Code   180  tasks.o(.text.vTaskStartScheduler)
    vTaskSuspendAll                          0x08002e3d   Thumb Code    16  tasks.o(.text.vTaskSuspendAll)
    vTaskSwitchContext                       0x08002e4d   Thumb Code   198  tasks.o(.text.vTaskSwitchContext)
    xEventGroupCreate                        0x08002f15   Thumb Code    28  event_groups.o(.text.xEventGroupCreate)
    xEventGroupSetBits                       0x08002f31   Thumb Code   118  event_groups.o(.text.xEventGroupSetBits)
    xEventGroupWaitBits                      0x08002fa9   Thumb Code   192  event_groups.o(.text.xEventGroupWaitBits)
    xPortStartScheduler                      0x08003069   Thumb Code    96  port.o(.text.xPortStartScheduler)
    xPortSysTickHandler                      0x080030c9   Thumb Code    46  port.o(.text.xPortSysTickHandler)
    xQueueCreateMutex                        0x080030f9   Thumb Code    40  queue.o(.text.xQueueCreateMutex)
    xQueueCreateMutexStatic                  0x08003121   Thumb Code   106  queue.o(.text.xQueueCreateMutexStatic)
    xQueueGenericCreate                      0x0800318d   Thumb Code   134  queue.o(.text.xQueueGenericCreate)
    xQueueGenericCreateStatic                0x08003215   Thumb Code   128  queue.o(.text.xQueueGenericCreateStatic)
    xQueueGenericSend                        0x08003295   Thumb Code   552  queue.o(.text.xQueueGenericSend)
    xQueueReceive                            0x080034bd   Thumb Code   472  queue.o(.text.xQueueReceive)
    xQueueSemaphoreTake                      0x08003695   Thumb Code   524  queue.o(.text.xQueueSemaphoreTake)
    xTaskCheckForTimeOut                     0x080038a1   Thumb Code    96  tasks.o(.text.xTaskCheckForTimeOut)
    xTaskCreate                              0x08003901   Thumb Code    94  tasks.o(.text.xTaskCreate)
    xTaskCreateStatic                        0x08003961   Thumb Code    80  tasks.o(.text.xTaskCreateStatic)
    xTaskGetCurrentTaskHandle                0x080039b1   Thumb Code    12  tasks.o(.text.xTaskGetCurrentTaskHandle)
    xTaskGetSchedulerState                   0x080039bd   Thumb Code    38  tasks.o(.text.xTaskGetSchedulerState)
    xTaskGetTickCount                        0x080039e5   Thumb Code    12  tasks.o(.text.xTaskGetTickCount)
    xTaskIncrementTick                       0x080039f1   Thumb Code   390  tasks.o(.text.xTaskIncrementTick)
    xTaskPriorityDisinherit                  0x08003b79   Thumb Code   114  tasks.o(.text.xTaskPriorityDisinherit)
    xTaskPriorityInherit                     0x08003bed   Thumb Code   166  tasks.o(.text.xTaskPriorityInherit)
    xTaskRemoveFromEventList                 0x08003c95   Thumb Code   222  tasks.o(.text.xTaskRemoveFromEventList)
    xTaskResumeAll                           0x08003d75   Thumb Code   356  tasks.o(.text.xTaskResumeAll)
    xTimerCreateTimerTask                    0x08003ed9   Thumb Code   176  timers.o(.text.xTimerCreateTimerTask)
    AHBPrescTable                            0x08003f94   Data          16  system_stm32f10x.o(.rodata.AHBPrescTable)
    __stderr_name                            0x08003fb4   Data           8  retarget_io.o(.rodata.__stderr_name)
    __stdin_name                             0x08003fbc   Data           7  retarget_io.o(.rodata.__stdin_name)
    __stdout_name                            0x08003fc3   Data           8  retarget_io.o(.rodata.__stdout_name)
    uxTopUsedPriority                        0x08003fe4   Data           4  tasks.o(.rodata.uxTopUsedPriority)
    Region$$Table$$Base                      0x08003fe8   Number         0  anon$$obj.o(Region$$Table)
    Region$$Table$$Limit                     0x08004008   Number         0  anon$$obj.o(Region$$Table)
    __aeabi_stdin                            0x20000004   Data           4  stdio_streams.o(.data)
    __aeabi_stdout                           0x20000008   Data           4  stdio_streams.o(.data)
    __aeabi_stderr                           0x2000000c   Data           4  stdio_streams.o(.data)
    _stream_list_lock                        0x20000010   Data           4  streamlock.o(.data)
    SystemCoreClock                          0x20000014   Data           4  system_stm32f10x.o(.data.SystemCoreClock)
    __stdin                                  0x20000020   Data          84  stdio_streams.o(.bss)
    __stdout                                 0x20000074   Data          84  stdio_streams.o(.bss)
    __stderr                                 0x200000c8   Data          84  stdio_streams.o(.bss)
    __libspace_start                         0x2000011c   Data          96  libspace.o(.bss)
    RX_Buffer                                0x2000017c   Data          80  my_usart.o(.bss.RX_Buffer)
    __temporary_stack_top$libspace           0x2000017c   Data           0  libspace.o(.bss)
    RX_available                             0x200001cc   Data           1  my_usart.o(.bss.RX_available)
    RX_index                                 0x200001cd   Data           1  my_usart.o(.bss.RX_index)
    _Semaphore                               0x200001d0   Data           4  main.o(.bss._Semaphore)
    event_hdl                                0x20000378   Data           4  main.o(.bss.event_hdl)
    off_led_flag                             0x2000037c   Data           1  main.o(.bss.off_led_flag)
    on_led_flag                              0x2000037d   Data           1  main.o(.bss.on_led_flag)
    pxCurrentTCB                             0x20000614   Data           4  tasks.o(.bss.pxCurrentTCB)
    receive_length                           0x20000a8c   Data           2  my_usart.o(.bss.receive_length)



==============================================================================

Memory Map of the image

  Image Entry point : 0x080000ed

  Load Region LR_IROM1 (Base: 0x08000000, Size: 0x00004028, Max: 0x00010000, ABSOLUTE)

    Execution Region ER_IROM1 (Exec base: 0x08000000, Load base: 0x08000000, Size: 0x00004008, Max: 0x00010000, ABSOLUTE)

    Exec Addr    Load Addr    Size         Type   Attr      Idx    E Section Name        Object

    0x08000000   0x08000000   0x000000ec   Data   RO          761    RESET               startup_stm32f10x_md.o
    0x080000ec   0x080000ec   0x00000008   Code   RO         1211  * !!!main             c_w.l(__main.o)
    0x080000f4   0x080000f4   0x0000005c   Code   RO         1535    !!!scatter          c_w.l(__scatter.o)
    0x08000150   0x08000150   0x0000001a   Code   RO         1539    !!handler_copy      c_w.l(__scatter_copy.o)
    0x0800016a   0x0800016a   0x00000002   PAD
    0x0800016c   0x0800016c   0x00000002   Code   RO         1536    !!handler_null      c_w.l(__scatter.o)
    0x0800016e   0x0800016e   0x00000002   PAD
    0x08000170   0x08000170   0x0000001c   Code   RO         1541    !!handler_zi        c_w.l(__scatter_zi.o)
    0x0800018c   0x0800018c   0x00000000   Code   RO         1195    .ARM.Collect$$_printf_percent$$00000000  c_w.l(_printf_percent.o)
    0x0800018c   0x0800018c   0x00000006   Code   RO         1194    .ARM.Collect$$_printf_percent$$00000009  c_w.l(_printf_d.o)
    0x08000192   0x08000192   0x00000004   Code   RO         1218    .ARM.Collect$$_printf_percent$$00000017  c_w.l(_printf_percent_end.o)
    0x08000196   0x08000196   0x00000002   Code   RO         1340    .ARM.Collect$$libinit$$00000000  c_w.l(libinit.o)
    0x08000198   0x08000198   0x00000000   Code   RO         1342    .ARM.Collect$$libinit$$00000002  c_w.l(libinit2.o)
    0x08000198   0x08000198   0x00000000   Code   RO         1344    .ARM.Collect$$libinit$$00000004  c_w.l(libinit2.o)
    0x08000198   0x08000198   0x00000000   Code   RO         1346    .ARM.Collect$$libinit$$00000006  c_w.l(libinit2.o)
    0x08000198   0x08000198   0x00000008   Code   RO         1347    .ARM.Collect$$libinit$$00000007  c_w.l(libinit2.o)
    0x080001a0   0x080001a0   0x00000000   Code   RO         1349    .ARM.Collect$$libinit$$0000000C  c_w.l(libinit2.o)
    0x080001a0   0x080001a0   0x00000000   Code   RO         1351    .ARM.Collect$$libinit$$0000000E  c_w.l(libinit2.o)
    0x080001a0   0x080001a0   0x00000000   Code   RO         1353    .ARM.Collect$$libinit$$00000010  c_w.l(libinit2.o)
    0x080001a0   0x080001a0   0x00000000   Code   RO         1356    .ARM.Collect$$libinit$$00000013  c_w.l(libinit2.o)
    0x080001a0   0x080001a0   0x00000000   Code   RO         1358    .ARM.Collect$$libinit$$00000015  c_w.l(libinit2.o)
    0x080001a0   0x080001a0   0x00000000   Code   RO         1360    .ARM.Collect$$libinit$$00000017  c_w.l(libinit2.o)
    0x080001a0   0x080001a0   0x00000000   Code   RO         1362    .ARM.Collect$$libinit$$00000019  c_w.l(libinit2.o)
    0x080001a0   0x080001a0   0x00000000   Code   RO         1364    .ARM.Collect$$libinit$$0000001B  c_w.l(libinit2.o)
    0x080001a0   0x080001a0   0x00000000   Code   RO         1366    .ARM.Collect$$libinit$$0000001D  c_w.l(libinit2.o)
    0x080001a0   0x080001a0   0x00000000   Code   RO         1368    .ARM.Collect$$libinit$$0000001F  c_w.l(libinit2.o)
    0x080001a0   0x080001a0   0x00000000   Code   RO         1370    .ARM.Collect$$libinit$$00000021  c_w.l(libinit2.o)
    0x080001a0   0x080001a0   0x00000000   Code   RO         1372    .ARM.Collect$$libinit$$00000023  c_w.l(libinit2.o)
    0x080001a0   0x080001a0   0x00000000   Code   RO         1374    .ARM.Collect$$libinit$$00000025  c_w.l(libinit2.o)
    0x080001a0   0x080001a0   0x00000004   Code   RO         1375    .ARM.Collect$$libinit$$00000026  c_w.l(libinit2.o)
    0x080001a4   0x080001a4   0x00000000   Code   RO         1376    .ARM.Collect$$libinit$$00000027  c_w.l(libinit2.o)
    0x080001a4   0x080001a4   0x00000000   Code   RO         1380    .ARM.Collect$$libinit$$0000002E  c_w.l(libinit2.o)
    0x080001a4   0x080001a4   0x00000000   Code   RO         1382    .ARM.Collect$$libinit$$00000030  c_w.l(libinit2.o)
    0x080001a4   0x080001a4   0x00000000   Code   RO         1384    .ARM.Collect$$libinit$$00000032  c_w.l(libinit2.o)
    0x080001a4   0x080001a4   0x00000000   Code   RO         1386    .ARM.Collect$$libinit$$00000034  c_w.l(libinit2.o)
    0x080001a4   0x080001a4   0x00000002   Code   RO         1387    .ARM.Collect$$libinit$$00000035  c_w.l(libinit2.o)
    0x080001a6   0x080001a6   0x00000002   Code   RO         1514    .ARM.Collect$$libshutdown$$00000000  c_w.l(libshutdown.o)
    0x080001a8   0x080001a8   0x00000000   Code   RO         1389    .ARM.Collect$$libshutdown$$00000002  c_w.l(libshutdown2.o)
    0x080001a8   0x080001a8   0x00000004   Code   RO         1390    .ARM.Collect$$libshutdown$$00000003  c_w.l(libshutdown2.o)
    0x080001ac   0x080001ac   0x00000000   Code   RO         1391    .ARM.Collect$$libshutdown$$00000004  c_w.l(libshutdown2.o)
    0x080001ac   0x080001ac   0x00000000   Code   RO         1394    .ARM.Collect$$libshutdown$$00000007  c_w.l(libshutdown2.o)
    0x080001ac   0x080001ac   0x00000000   Code   RO         1397    .ARM.Collect$$libshutdown$$0000000A  c_w.l(libshutdown2.o)
    0x080001ac   0x080001ac   0x00000000   Code   RO         1399    .ARM.Collect$$libshutdown$$0000000C  c_w.l(libshutdown2.o)
    0x080001ac   0x080001ac   0x00000004   Code   RO         1400    .ARM.Collect$$libshutdown$$0000000D  c_w.l(libshutdown2.o)
    0x080001b0   0x080001b0   0x00000000   Code   RO         1402    .ARM.Collect$$libshutdown$$0000000F  c_w.l(libshutdown2.o)
    0x080001b0   0x080001b0   0x00000002   Code   RO         1403    .ARM.Collect$$libshutdown$$00000010  c_w.l(libshutdown2.o)
    0x080001b2   0x080001b2   0x00000000   Code   RO         1213    .ARM.Collect$$rtentry$$00000000  c_w.l(__rtentry.o)
    0x080001b2   0x080001b2   0x00000000   Code   RO         1232    .ARM.Collect$$rtentry$$00000002  c_w.l(__rtentry2.o)
    0x080001b2   0x080001b2   0x00000006   Code   RO         1244    .ARM.Collect$$rtentry$$00000004  c_w.l(__rtentry4.o)
    0x080001b8   0x080001b8   0x00000008   Code   RO         1233    .ARM.Collect$$rtentry$$00000008  c_w.l(__rtentry2.o)
    0x080001c0   0x080001c0   0x00000004   Code   RO         1235    .ARM.Collect$$rtentry$$0000000A  c_w.l(__rtentry2.o)
    0x080001c4   0x080001c4   0x00000000   Code   RO         1237    .ARM.Collect$$rtentry$$0000000C  c_w.l(__rtentry2.o)
    0x080001c4   0x080001c4   0x00000008   Code   RO         1238    .ARM.Collect$$rtentry$$0000000D  c_w.l(__rtentry2.o)
    0x080001cc   0x080001cc   0x00000002   Code   RO         1407    .ARM.Collect$$rtexit$$00000000  c_w.l(rtexit.o)
    0x080001ce   0x080001ce   0x00000000   Code   RO         1455    .ARM.Collect$$rtexit$$00000002  c_w.l(rtexit2.o)
    0x080001ce   0x080001ce   0x00000004   Code   RO         1456    .ARM.Collect$$rtexit$$00000003  c_w.l(rtexit2.o)
    0x080001d2   0x080001d2   0x00000006   Code   RO         1457    .ARM.Collect$$rtexit$$00000004  c_w.l(rtexit2.o)
    0x080001d8   0x080001d8   0x00000040   Code   RO          762    .text               startup_stm32f10x_md.o
    0x08000218   0x08000218   0x00000018   Code   RO         1168    .text               c_w.l(noretval__2printf.o)
    0x08000230   0x08000230   0x00000068   Code   RO         1170    .text               c_w.l(__printf.o)
    0x08000298   0x08000298   0x00000078   Code   RO         1172    .text               c_w.l(_printf_dec.o)
    0x08000310   0x08000310   0x0000002c   Code   RO         1196    .text               c_w.l(puts.o)
    0x0800033c   0x0800033c   0x0000000c   Code   RO         1198    .text               c_w.l(strtok.o)
    0x08000348   0x08000348   0x0000008a   Code   RO         1201    .text               c_w.l(rt_memcpy_v6.o)
    0x080003d2   0x080003d2   0x00000010   Code   RO         1203    .text               c_w.l(aeabi_memset4.o)
    0x080003e2   0x080003e2   0x00000044   Code   RO         1205    .text               c_w.l(rt_memclr.o)
    0x08000426   0x08000426   0x00000002   PAD
    0x08000428   0x08000428   0x00000080   Code   RO         1207    .text               c_w.l(strcmpv7m.o)
    0x080004a8   0x080004a8   0x00000006   Code   RO         1209    .text               c_w.l(heapauxi.o)
    0x080004ae   0x080004ae   0x000000b2   Code   RO         1214    .text               c_w.l(_printf_intcommon.o)
    0x08000560   0x08000560   0x00000024   Code   RO         1216    .text               c_w.l(_printf_char_file.o)
    0x08000584   0x08000584   0x00000044   Code   RO         1225    .text               c_w.l(strtok_int.o)
    0x080005c8   0x080005c8   0x00000064   Code   RO         1227    .text               c_w.l(rt_memcpy_w.o)
    0x0800062c   0x0800062c   0x0000004e   Code   RO         1229    .text               c_w.l(rt_memclr_w.o)
    0x0800067a   0x0800067a   0x00000002   PAD
    0x0800067c   0x0800067c   0x00000030   Code   RO         1246    .text               c_w.l(_printf_char_common.o)
    0x080006ac   0x080006ac   0x0000001e   Code   RO         1252    .text               c_w.l(ferror_locked.o)
    0x080006ca   0x080006ca   0x00000002   PAD
    0x080006cc   0x080006cc   0x000001c8   Code   RO         1254    .text               c_w.l(initio_locked.o)
    0x08000894   0x08000894   0x00000020   Code   RO         1256    .text               c_w.l(strcspn.o)
    0x080008b4   0x080008b4   0x0000001c   Code   RO         1258    .text               c_w.l(strspn.o)
    0x080008d0   0x080008d0   0x0000004a   Code   RO         1260    .text               c_w.l(sys_stackheap_outer.o)
    0x0800091a   0x0800091a   0x00000076   Code   RO         1266    .text               c_w.l(h1_free_threads.o)
    0x08000990   0x08000990   0x0000004c   Code   RO         1325    .text               c_w.l(fclose.o)
    0x080009dc   0x080009dc   0x00000068   Code   RO         1327    .text               c_w.l(setvbuf_locked.o)
    0x08000a44   0x08000a44   0x0000014c   Code   RO         1329    .text               c_w.l(fopen_locked.o)
    0x08000b90   0x08000b90   0x00000012   Code   RO         1331    .text               c_w.l(exit.o)
    0x08000ba2   0x08000ba2   0x0000000e   Code   RO         1333    .text               c_w.l(defsig_rtred_outer.o)
    0x08000bb0   0x08000bb0   0x00000008   Code   RO         1404    .text               c_w.l(libspace.o)
    0x08000bb8   0x08000bb8   0x0000000a   Code   RO         1416    .text               c_w.l(rt_heap_descriptor_twolibspace.o)
    0x08000bc2   0x08000bc2   0x00000004   Code   RO         1418    .text               c_w.l(hguard.o)
    0x08000bc6   0x08000bc6   0x0000008a   Code   RO         1420    .text               c_w.l(init_alloc.o)
    0x08000c50   0x08000c50   0x000000a6   Code   RO         1428    .text               c_w.l(h1_alloc_threads.o)
    0x08000cf6   0x08000cf6   0x00000002   PAD
    0x08000cf8   0x08000cf8   0x000000f8   Code   RO         1438    .text               c_w.l(fseek.o)
    0x08000df0   0x08000df0   0x00000108   Code   RO         1440    .text               c_w.l(stdio.o)
    0x08000ef8   0x08000ef8   0x0000000a   Code   RO         1442    .text               c_w.l(defsig_exit.o)
    0x08000f02   0x08000f02   0x00000002   PAD
    0x08000f04   0x08000f04   0x00000034   Code   RO         1444    .text               c_w.l(defsig_rtred_inner.o)
    0x08000f38   0x08000f38   0x0000000c   Code   RO         1450    .text               c_w.l(sys_exit.o)
    0x08000f44   0x08000f44   0x00000000   Code   RO         1462    .text               c_w.l(maybetermalloc2.o)
    0x08000f44   0x08000f44   0x00000012   Code   RO         1467    .text               c_w.l(h1_init_threads.o)
    0x08000f56   0x08000f56   0x00000052   Code   RO         1469    .text               c_w.l(h1_extend_threads.o)
    0x08000fa8   0x08000fa8   0x00000042   Code   RO         1471    .text               c_w.l(ftell.o)
    0x08000fea   0x08000fea   0x00000032   Code   RO         1475    .text               c_w.l(defsig_general.o)
    0x0800101c   0x0800101c   0x0000000e   Code   RO         1477    .text               c_w.l(defsig_rtmem_outer.o)
    0x0800102a   0x0800102a   0x00000002   Code   RO         1494    .text               c_w.l(use_no_semi.o)
    0x0800102c   0x0800102c   0x00000000   Code   RO         1496    .text               c_w.l(indicate_semi.o)
    0x0800102c   0x0800102c   0x00000004   Code   RO         1502    .text               c_w.l(rt_errno_addr_twolibspace.o)
    0x08001030   0x08001030   0x00000010   Code   RO         1506    .text               c_w.l(term_alloc.o)
    0x08001040   0x08001040   0x00000050   Code   RO         1508    .text               c_w.l(defsig_rtmem_inner.o)
    0x08001090   0x08001090   0x0000000a   Code   RO         1517    .text               c_w.l(h1_final_threads.o)
    0x0800109a   0x0800109a   0x00000002   PAD
    0x0800109c   0x0800109c   0x00000210   Code   RO          506    .text.GPIO_Init     stm32f10x_gpio.o
    0x080012ac   0x080012ac   0x00000080   Code   RO          532    .text.GPIO_PinRemapConfig  stm32f10x_gpio.o
    0x0800132c   0x0800132c   0x00000004   Code   RO          520    .text.GPIO_ResetBits  stm32f10x_gpio.o
    0x08001330   0x08001330   0x00000004   Code   RO          518    .text.GPIO_SetBits  stm32f10x_gpio.o
    0x08001334   0x08001334   0x0000000c   PAD
    0x08001340   0x08001340   0x00000044   Code   RO          856    .text.PendSV_Handler  port.o
    0x08001384   0x08001384   0x00000018   Code   RO          664    .text.RCC_APB2PeriphClockCmd  stm32f10x_rcc.o
    0x0800139c   0x0800139c   0x0000008c   Code   RO          660    .text.RCC_GetClocksFreq  stm32f10x_rcc.o
    0x08001428   0x08001428   0x00000008   PAD
    0x08001430   0x08001430   0x00000024   Code   RO          842    .text.SVC_Handler   port.o
    0x08001454   0x08001454   0x0000001e   Code   RO          265    .text.SysTick_Handler  cmsis_os2.o
    0x08001472   0x08001472   0x00000002   PAD
    0x08001474   0x08001474   0x0000005c   Code   RO          771    .text.SystemCoreClockUpdate  system_stm32f10x.o
    0x080014d0   0x080014d0   0x0000014a   Code   RO          769    .text.SystemInit    system_stm32f10x.o
    0x0800161a   0x0800161a   0x00000002   PAD
    0x0800161c   0x0800161c   0x000000a6   Code   RO            8    .text.Task_check_syntax  main.o
    0x080016c2   0x080016c2   0x00000002   PAD
    0x080016c4   0x080016c4   0x000000aa   Code   RO           10    .text.Task_controll_led  main.o
    0x0800176e   0x0800176e   0x00000002   PAD
    0x08001770   0x08001770   0x0000004a   Code   RO            4    .text.Task_receive_uart  main.o
    0x080017ba   0x080017ba   0x00000002   PAD
    0x080017bc   0x080017bc   0x00000056   Code   RO            6    .text.Task_send_data  main.o
    0x08001812   0x08001812   0x00000002   PAD
    0x08001814   0x08001814   0x00000072   Code   RO          118    .text.USART1_IRQHandler  my_usart.o
    0x08001886   0x08001886   0x00000002   PAD
    0x08001888   0x08001888   0x00000006   Code   RO          746    .text.USART_ClearFlag  stm32f10x_usart.o
    0x0800188e   0x0800188e   0x00000002   PAD
    0x08001890   0x08001890   0x0000000e   Code   RO          750    .text.USART_ClearITPendingBit  stm32f10x_usart.o
    0x0800189e   0x0800189e   0x00000002   PAD
    0x080018a0   0x080018a0   0x00000014   Code   RO          704    .text.USART_Cmd     stm32f10x_usart.o
    0x080018b4   0x080018b4   0x0000000a   Code   RO          744    .text.USART_GetFlagStatus  stm32f10x_usart.o
    0x080018be   0x080018be   0x00000002   PAD
    0x080018c0   0x080018c0   0x00000030   Code   RO          748    .text.USART_GetITStatus  stm32f10x_usart.o
    0x080018f0   0x080018f0   0x0000002e   Code   RO          706    .text.USART_ITConfig  stm32f10x_usart.o
    0x0800191e   0x0800191e   0x00000002   PAD
    0x08001920   0x08001920   0x000000b6   Code   RO          696    .text.USART_Init    stm32f10x_usart.o
    0x080019d6   0x080019d6   0x00000002   PAD
    0x080019d8   0x080019d8   0x00000008   Code   RO          722    .text.USART_ReceiveData  stm32f10x_usart.o
    0x080019e0   0x080019e0   0x00000008   Code   RO          720    .text.USART_SendData  stm32f10x_usart.o
    0x080019e8   0x080019e8   0x0000007e   Code   RO          243    .text.__user_perthread_libspace  clib_arm.o
    0x08001a66   0x08001a66   0x00000002   PAD
    0x08001a68   0x08001a68   0x00000024   Code   RO          247    .text._mutex_acquire  clib_arm.o
    0x08001a8c   0x08001a8c   0x0000004e   Code   RO          251    .text._mutex_free   clib_arm.o
    0x08001ada   0x08001ada   0x00000002   PAD
    0x08001adc   0x08001adc   0x0000007e   Code   RO          245    .text._mutex_initialize  clib_arm.o
    0x08001b5a   0x08001b5a   0x00000002   PAD
    0x08001b5c   0x08001b5c   0x00000026   Code   RO          249    .text._mutex_release  clib_arm.o
    0x08001b82   0x08001b82   0x00000002   PAD
    0x08001b84   0x08001b84   0x00000002   Code   RO          241    .text._platform_post_stackheap_init  clib_arm.o
    0x08001b86   0x08001b86   0x00000002   PAD
    0x08001b88   0x08001b88   0x00000014   Code   RO          459    .text._sys_close    retarget_io.o
    0x08001b9c   0x08001b9c   0x00000004   Code   RO          471    .text._sys_flen     retarget_io.o
    0x08001ba0   0x08001ba0   0x00000010   Code   RO          467    .text._sys_istty    retarget_io.o
    0x08001bb0   0x08001bb0   0x00000064   Code   RO          457    .text._sys_open     retarget_io.o
    0x08001c14   0x08001c14   0x00000006   Code   RO          469    .text._sys_seek     retarget_io.o
    0x08001c1a   0x08001c1a   0x00000002   PAD
    0x08001c1c   0x08001c1c   0x00000022   Code   RO          461    .text._sys_write    retarget_io.o
    0x08001c3e   0x08001c3e   0x00000002   PAD
    0x08001c40   0x08001c40   0x00000004   Code   RO          465    .text._ttywrch      retarget_io.o
    0x08001c44   0x08001c44   0x000000bc   Code   RO           14    .text.checkSyntax   main.o
    0x08001d00   0x08001d00   0x00000024   Code   RO          114    .text.fputc         my_usart.o
    0x08001d24   0x08001d24   0x00000154   Code   RO            2    .text.main          main.o
    0x08001e78   0x08001e78   0x0000009e   Code   RO          980    .text.prvAddCurrentTaskToDelayedList  tasks.o
    0x08001f16   0x08001f16   0x00000002   PAD
    0x08001f18   0x08001f18   0x00000132   Code   RO          970    .text.prvAddNewTaskToReadyList  tasks.o
    0x0800204a   0x0800204a   0x00000002   PAD
    0x0800204c   0x0800204c   0x00000082   Code   RO         1004    .text.prvIdleTask   tasks.o
    0x080020ce   0x080020ce   0x00000002   PAD
    0x080020d0   0x080020d0   0x00000114   Code   RO          968    .text.prvInitialiseNewTask  tasks.o
    0x080021e4   0x080021e4   0x00000020   Code   RO          848    .text.prvPortStartFirstTask  port.o
    0x08002204   0x08002204   0x000000b8   Code   RO         1146    .text.prvSampleTimeNow  timers.o
    0x080022bc   0x080022bc   0x0000002e   Code   RO          840    .text.prvTaskExitError  port.o
    0x080022ea   0x080022ea   0x00000002   PAD
    0x080022ec   0x080022ec   0x00000240   Code   RO         1108    .text.prvTimerTask  timers.o
    0x0800252c   0x0800252c   0x00000074   Code   RO          924    .text.prvUnlockQueue  queue.o
    0x080025a0   0x080025a0   0x000001a8   Code   RO          869    .text.pvPortMalloc  heap_4.o
    0x08002748   0x08002748   0x00000018   Code   RO         1060    .text.pvTaskIncrementMutexHeldCount  tasks.o
    0x08002760   0x08002760   0x00000020   Code   RO          838    .text.pxPortInitialiseStack  port.o
    0x08002780   0x08002780   0x000000bc   Code   RO          116    .text.usart1_cfg_A9A10  my_usart.o
    0x0800283c   0x0800283c   0x00000024   Code   RO          828    .text.uxListRemove  list.o
    0x08002860   0x08002860   0x0000001a   Code   RO         1058    .text.uxTaskResetEventItemValue  tasks.o
    0x0800287a   0x0800287a   0x00000002   PAD
    0x0800287c   0x0800287c   0x0000001a   Code   RO          413    .text.vApplicationGetIdleTaskMemory  cmsis_os2.o
    0x08002896   0x08002896   0x00000002   PAD
    0x08002898   0x08002898   0x0000001a   Code   RO          415    .text.vApplicationGetTimerTaskMemory  cmsis_os2.o
    0x080028b2   0x080028b2   0x00000002   PAD
    0x080028b4   0x080028b4   0x00000002   Code   RO          411    .text.vApplicationStackOverflowHook  cmsis_os2.o
    0x080028b6   0x080028b6   0x00000002   PAD
    0x080028b8   0x080028b8   0x00000016   Code   RO          820    .text.vListInitialise  list.o
    0x080028ce   0x080028ce   0x00000002   PAD
    0x080028d0   0x080028d0   0x00000006   Code   RO          822    .text.vListInitialiseItem  list.o
    0x080028d6   0x080028d6   0x00000002   PAD
    0x080028d8   0x080028d8   0x00000060   Code   RO          826    .text.vListInsert   list.o
    0x08002938   0x08002938   0x00000020   Code   RO          852    .text.vPortEnterCritical  port.o
    0x08002958   0x08002958   0x0000001a   Code   RO          854    .text.vPortExitCritical  port.o
    0x08002972   0x08002972   0x00000002   PAD
    0x08002974   0x08002974   0x000000ae   Code   RO          871    .text.vPortFree     heap_4.o
    0x08002a22   0x08002a22   0x00000002   PAD
    0x08002a24   0x08002a24   0x00000034   Code   RO          846    .text.vPortSetupTimerInterrupt  port.o
    0x08002a58   0x08002a58   0x0000000e   Code   RO          944    .text.vQueueDelete  queue.o
    0x08002a66   0x08002a66   0x00000002   PAD
    0x08002a68   0x08002a68   0x00000046   Code   RO          956    .text.vQueueWaitForMessageRestricted  queue.o
    0x08002aae   0x08002aae   0x00000002   PAD
    0x08002ab0   0x08002ab0   0x0000008e   Code   RO          984    .text.vTaskDelay    tasks.o
    0x08002b3e   0x08002b3e   0x00000002   PAD
    0x08002b40   0x08002b40   0x0000001a   Code   RO         1034    .text.vTaskInternalSetTimeOutState  tasks.o
    0x08002b5a   0x08002b5a   0x00000002   PAD
    0x08002b5c   0x08002b5c   0x0000000e   Code   RO         1038    .text.vTaskMissedYield  tasks.o
    0x08002b6a   0x08002b6a   0x00000002   PAD
    0x08002b6c   0x08002b6c   0x00000020   Code   RO         1022    .text.vTaskPlaceOnEventList  tasks.o
    0x08002b8c   0x08002b8c   0x0000005a   Code   RO         1026    .text.vTaskPlaceOnEventListRestricted  tasks.o
    0x08002be6   0x08002be6   0x00000002   PAD
    0x08002be8   0x08002be8   0x00000058   Code   RO         1024    .text.vTaskPlaceOnUnorderedEventList  tasks.o
    0x08002c40   0x08002c40   0x0000008a   Code   RO         1056    .text.vTaskPriorityDisinheritAfterTimeout  tasks.o
    0x08002cca   0x08002cca   0x00000002   PAD
    0x08002ccc   0x08002ccc   0x000000b2   Code   RO         1030    .text.vTaskRemoveFromUnorderedEventList  tasks.o
    0x08002d7e   0x08002d7e   0x00000002   PAD
    0x08002d80   0x08002d80   0x000000bc   Code   RO         1002    .text.vTaskStartScheduler  tasks.o
    0x08002e3c   0x08002e3c   0x00000010   Code   RO          978    .text.vTaskSuspendAll  tasks.o
    0x08002e4c   0x08002e4c   0x000000c6   Code   RO          996    .text.vTaskSwitchContext  tasks.o
    0x08002f12   0x08002f12   0x00000002   PAD
    0x08002f14   0x08002f14   0x0000001c   Code   RO          786    .text.xEventGroupCreate  event_groups.o
    0x08002f30   0x08002f30   0x00000076   Code   RO          790    .text.xEventGroupSetBits  event_groups.o
    0x08002fa6   0x08002fa6   0x00000002   PAD
    0x08002fa8   0x08002fa8   0x000000c0   Code   RO          792    .text.xEventGroupWaitBits  event_groups.o
    0x08003068   0x08003068   0x00000060   Code   RO          844    .text.xPortStartScheduler  port.o
    0x080030c8   0x080030c8   0x0000002e   Code   RO          858    .text.xPortSysTickHandler  port.o
    0x080030f6   0x080030f6   0x00000002   PAD
    0x080030f8   0x080030f8   0x00000028   Code   RO          904    .text.xQueueCreateMutex  queue.o
    0x08003120   0x08003120   0x0000006a   Code   RO          906    .text.xQueueCreateMutexStatic  queue.o
    0x0800318a   0x0800318a   0x00000002   PAD
    0x0800318c   0x0800318c   0x00000086   Code   RO          902    .text.xQueueGenericCreate  queue.o
    0x08003212   0x08003212   0x00000002   PAD
    0x08003214   0x08003214   0x00000080   Code   RO          900    .text.xQueueGenericCreateStatic  queue.o
    0x08003294   0x08003294   0x00000228   Code   RO          914    .text.xQueueGenericSend  queue.o
    0x080034bc   0x080034bc   0x000001d8   Code   RO          930    .text.xQueueReceive  queue.o
    0x08003694   0x08003694   0x0000020c   Code   RO          918    .text.xQueueSemaphoreTake  queue.o
    0x080038a0   0x080038a0   0x00000060   Code   RO         1036    .text.xTaskCheckForTimeOut  tasks.o
    0x08003900   0x08003900   0x0000005e   Code   RO          972    .text.xTaskCreate   tasks.o
    0x0800395e   0x0800395e   0x00000002   PAD
    0x08003960   0x08003960   0x00000050   Code   RO          966    .text.xTaskCreateStatic  tasks.o
    0x080039b0   0x080039b0   0x0000000c   Code   RO         1048    .text.xTaskGetCurrentTaskHandle  tasks.o
    0x080039bc   0x080039bc   0x00000026   Code   RO         1050    .text.xTaskGetSchedulerState  tasks.o
    0x080039e2   0x080039e2   0x00000002   PAD
    0x080039e4   0x080039e4   0x0000000c   Code   RO         1010    .text.xTaskGetTickCount  tasks.o
    0x080039f0   0x080039f0   0x00000186   Code   RO         1008    .text.xTaskIncrementTick  tasks.o
    0x08003b76   0x08003b76   0x00000002   PAD
    0x08003b78   0x08003b78   0x00000072   Code   RO         1054    .text.xTaskPriorityDisinherit  tasks.o
    0x08003bea   0x08003bea   0x00000002   PAD
    0x08003bec   0x08003bec   0x000000a6   Code   RO         1052    .text.xTaskPriorityInherit  tasks.o
    0x08003c92   0x08003c92   0x00000002   PAD
    0x08003c94   0x08003c94   0x000000de   Code   RO         1028    .text.xTaskRemoveFromEventList  tasks.o
    0x08003d72   0x08003d72   0x00000002   PAD
    0x08003d74   0x08003d74   0x00000164   Code   RO          982    .text.xTaskResumeAll  tasks.o
    0x08003ed8   0x08003ed8   0x000000b8   Code   RO         1106    .text.xTimerCreateTimerTask  timers.o
    0x08003f90   0x08003f90   0x00000004   Data   RO          685    .rodata.ADCPrescTable  stm32f10x_rcc.o
    0x08003f94   0x08003f94   0x00000010   Data   RO          774    .rodata.AHBPrescTable  system_stm32f10x.o
    0x08003fa4   0x08003fa4   0x00000010   Data   RO          684    .rodata.APBAHBPrescTable  stm32f10x_rcc.o
    0x08003fb4   0x08003fb4   0x00000008   Data   RO          475    .rodata.__stderr_name  retarget_io.o
    0x08003fbc   0x08003fbc   0x00000007   Data   RO          473    .rodata.__stdin_name  retarget_io.o
    0x08003fc3   0x08003fc3   0x00000008   Data   RO          474    .rodata.__stdout_name  retarget_io.o
    0x08003fcb   0x08003fcb   0x00000019   Data   RO           25    .rodata.str1.1      main.o
    0x08003fe4   0x08003fe4   0x00000004   Data   RO         1077    .rodata.uxTopUsedPriority  tasks.o
    0x08003fe8   0x08003fe8   0x00000020   Data   RO         1534    Region$$Table       anon$$obj.o


    Execution Region RW_IRAM1 (Exec base: 0x20000000, Load base: 0x08004008, Size: 0x00003568, Max: 0x00005000, ABSOLUTE)

    Exec Addr    Load Addr    Size         Type   Attr      Idx    E Section Name        Object

    0x20000000   0x08004008   0x00000004   Data   RW         1199    .data               c_w.l(strtok.o)
    0x20000004   0x0800400c   0x00000004   Data   RW         1222    .data               c_w.l(stdio_streams.o)
    0x20000008   0x08004010   0x00000004   Data   RW         1223    .data               c_w.l(stdio_streams.o)
    0x2000000c   0x08004014   0x00000004   Data   RW         1224    .data               c_w.l(stdio_streams.o)
    0x20000010   0x08004018   0x00000004   Data   RW         1322    .data               c_w.l(streamlock.o)
    0x20000014   0x0800401c   0x00000004   Data   RW          773    .data.SystemCoreClock  system_stm32f10x.o
    0x20000018   0x08004020   0x00000004   Data   RW          860    .data.uxCriticalNesting  port.o
    0x2000001c   0x08004024   0x00000004   PAD
    0x20000020        -       0x00000054   Zero   RW         1219    .bss                c_w.l(stdio_streams.o)
    0x20000074        -       0x00000054   Zero   RW         1220    .bss                c_w.l(stdio_streams.o)
    0x200000c8        -       0x00000054   Zero   RW         1221    .bss                c_w.l(stdio_streams.o)
    0x2000011c        -       0x00000060   Zero   RW         1405    .bss                c_w.l(libspace.o)
    0x2000017c        -       0x00000050   Zero   RW          127    .bss.RX_Buffer      my_usart.o
    0x200001cc        -       0x00000001   Zero   RW          124    .bss.RX_available   my_usart.o
    0x200001cd        -       0x00000001   Zero   RW          125    .bss.RX_index       my_usart.o
    0x200001ce   0x08004024   0x00000002   PAD
    0x200001d0        -       0x00000004   Zero   RW           23    .bss._Semaphore     main.o
    0x200001d4        -       0x00000190   Zero   RW          256    .bss.clib_mutex_cb  clib_arm.o
    0x20000364        -       0x00000014   Zero   RW          255    .bss.clib_mutex_id  clib_arm.o
    0x20000378        -       0x00000004   Zero   RW           24    .bss.event_hdl      main.o
    0x2000037c        -       0x00000001   Zero   RW           21    .bss.off_led_flag   main.o
    0x2000037d        -       0x00000001   Zero   RW           20    .bss.on_led_flag    main.o
    0x2000037e   0x08004024   0x00000002   PAD
    0x20000380        -       0x000001e0   Zero   RW          253    .bss.os_libspace    clib_arm.o
    0x20000560        -       0x00000010   Zero   RW          254    .bss.os_libspace_id  clib_arm.o
    0x20000570        -       0x00000050   Zero   RW         1156    .bss.prvCheckForValidListAndQueue.ucStaticTimerQueueStorage  timers.o
    0x200005c0        -       0x00000050   Zero   RW         1155    .bss.prvCheckForValidListAndQueue.xStaticTimerQueue  timers.o
    0x20000610        -       0x00000004   Zero   RW         1152    .bss.prvSampleTimeNow.xLastTime  timers.o
    0x20000614        -       0x00000004   Zero   RW         1076    .bss.pxCurrentTCB   tasks.o
    0x20000618        -       0x00000004   Zero   RW         1150    .bss.pxCurrentTimerList  timers.o
    0x2000061c        -       0x00000004   Zero   RW         1084    .bss.pxDelayedTaskList  tasks.o
    0x20000620        -       0x00000004   Zero   RW          883    .bss.pxEnd          heap_4.o
    0x20000624        -       0x00000004   Zero   RW         1085    .bss.pxOverflowDelayedTaskList  tasks.o
    0x20000628        -       0x00000004   Zero   RW         1151    .bss.pxOverflowTimerList  timers.o
    0x2000062c        -       0x00000460   Zero   RW         1087    .bss.pxReadyTasksLists  tasks.o
    0x20000a8c        -       0x00000002   Zero   RW          126    .bss.receive_length  my_usart.o
    0x20000a8e        -       0x00002000   Zero   RW          889    .bss.ucHeap         heap_4.o
    0x20002a8e   0x08004024   0x00000002   PAD
    0x20002a90        -       0x00000004   Zero   RW         1081    .bss.uxCurrentNumberOfTasks  tasks.o
    0x20002a94        -       0x00000004   Zero   RW         1080    .bss.uxDeletedTasksWaitingCleanUp  tasks.o
    0x20002a98        -       0x00000004   Zero   RW         1089    .bss.uxSchedulerSuspended  tasks.o
    0x20002a9c        -       0x00000004   Zero   RW         1078    .bss.uxTaskNumber   tasks.o
    0x20002aa0        -       0x00000004   Zero   RW         1088    .bss.uxTopReadyPriority  tasks.o
    0x20002aa4        -       0x00000200   Zero   RW          419    .bss.vApplicationGetIdleTaskMemory.Idle_Stack  cmsis_os2.o
    0x20002ca4        -       0x0000005c   Zero   RW          418    .bss.vApplicationGetIdleTaskMemory.Idle_TCB  cmsis_os2.o
    0x20002d00        -       0x00000140   Zero   RW          421    .bss.vApplicationGetTimerTaskMemory.Timer_Stack  cmsis_os2.o
    0x20002e40        -       0x0000005c   Zero   RW          420    .bss.vApplicationGetTimerTaskMemory.Timer_TCB  cmsis_os2.o
    0x20002e9c        -       0x00000014   Zero   RW         1153    .bss.xActiveTimerList1  timers.o
    0x20002eb0        -       0x00000014   Zero   RW         1154    .bss.xActiveTimerList2  timers.o
    0x20002ec4        -       0x00000014   Zero   RW         1096    .bss.xDelayedTaskList1  tasks.o
    0x20002ed8        -       0x00000014   Zero   RW         1097    .bss.xDelayedTaskList2  tasks.o
    0x20002eec        -       0x00000004   Zero   RW          884    .bss.xFreeBytesRemaining  heap_4.o
    0x20002ef0        -       0x00000004   Zero   RW         1092    .bss.xIdleTaskHandle  tasks.o
    0x20002ef4        -       0x00000004   Zero   RW          886    .bss.xMinimumEverFreeBytesRemaining  heap_4.o
    0x20002ef8        -       0x00000004   Zero   RW         1093    .bss.xNextTaskUnblockTime  tasks.o
    0x20002efc        -       0x00000004   Zero   RW         1095    .bss.xNumOfOverflows  tasks.o
    0x20002f00        -       0x00000004   Zero   RW          887    .bss.xNumberOfSuccessfulAllocations  heap_4.o
    0x20002f04        -       0x00000004   Zero   RW          888    .bss.xNumberOfSuccessfulFrees  heap_4.o
    0x20002f08        -       0x00000004   Zero   RW         1094    .bss.xPendedTicks   tasks.o
    0x20002f0c        -       0x00000014   Zero   RW         1091    .bss.xPendingReadyList  tasks.o
    0x20002f20        -       0x00000004   Zero   RW         1082    .bss.xSchedulerRunning  tasks.o
    0x20002f24        -       0x00000008   Zero   RW          885    .bss.xStart         heap_4.o
    0x20002f2c        -       0x00000014   Zero   RW         1086    .bss.xSuspendedTaskList  tasks.o
    0x20002f40        -       0x00000014   Zero   RW         1079    .bss.xTasksWaitingTermination  tasks.o
    0x20002f54        -       0x00000004   Zero   RW         1083    .bss.xTickCount     tasks.o
    0x20002f58        -       0x00000004   Zero   RW         1148    .bss.xTimerQueue    timers.o
    0x20002f5c        -       0x00000004   Zero   RW         1149    .bss.xTimerTaskHandle  timers.o
    0x20002f60        -       0x00000004   Zero   RW         1090    .bss.xYieldPending  tasks.o
    0x20002f64   0x08004024   0x00000004   PAD
    0x20002f68        -       0x00000200   Zero   RW          760    HEAP                startup_stm32f10x_md.o
    0x20003168        -       0x00000400   Zero   RW          759    STACK               startup_stm32f10x_md.o


==============================================================================

Image component sizes


      Code (inc. data)   RO Data    RW Data    ZI Data      Debug   Object Name

       406          0          0          0        916       4458   clib_arm.o
        84          0          0          0       1016      56209   cmsis_os2.o
       338          0          0          0          0      10325   event_groups.o
       598          0          0          0       8220       5837   heap_4.o
       160          0          0          0          0       2449   list.o
      1024        160         25          0         10       5351   main.o
       338          0          0          0         84       6833   my_usart.o
       466         12          0          4          0       2938   port.o
      2156          0          0          0          0      22267   queue.o
       184          0         23          0          0       2776   retarget_io.o
        64         26        236          0       1536        860   startup_stm32f10x_md.o
       664          0          0          0          0       7292   stm32f10x_gpio.o
       164          0         20          0          0       9094   stm32f10x_rcc.o
       342          0          0          0          0       8909   stm32f10x_usart.o
       422          0         16          4          0       2817   system_stm32f10x.o
      3610          8          4          0       1280      38894   tasks.o
       944         18          0          0        220      15014   timers.o

    ----------------------------------------------------------------------
     12084        224        356          8      13296     202323   Object Totals
         0          0         32          0          0          0   (incl. Generated)
       120          0          0          0         14          0   (incl. Padding)

    ----------------------------------------------------------------------

      Code (inc. data)   RO Data    RW Data    ZI Data      Debug   Library Member Name

         8          0          0          0          0         68   __main.o
       104          0          0          0          0         84   __printf.o
         0          0          0          0          0          0   __rtentry.o
        20          0          0          0          0          0   __rtentry2.o
         6          0          0          0          0          0   __rtentry4.o
        94          8          0          0          0          0   __scatter.o
        26          0          0          0          0          0   __scatter_copy.o
        28          0          0          0          0          0   __scatter_zi.o
        48          6          0          0          0         96   _printf_char_common.o
        36          4          0          0          0         80   _printf_char_file.o
         6          0          0          0          0          0   _printf_d.o
       120         16          0          0          0         92   _printf_dec.o
       178          0          0          0          0         88   _printf_intcommon.o
         0          0          0          0          0          0   _printf_percent.o
         4          0          0          0          0          0   _printf_percent_end.o
        16          0          0          0          0         68   aeabi_memset4.o
        10          0          0          0          0         68   defsig_exit.o
        50          0          0          0          0         88   defsig_general.o
        80         58          0          0          0         76   defsig_rtmem_inner.o
        14          0          0          0          0         80   defsig_rtmem_outer.o
        52         38          0          0          0         76   defsig_rtred_inner.o
        14          0          0          0          0         80   defsig_rtred_outer.o
        18          0          0          0          0         80   exit.o
        76          0          0          0          0         88   fclose.o
        30          0          0          0          0         80   ferror_locked.o
       332         10          0          0          0        152   fopen_locked.o
       248          6          0          0          0         84   fseek.o
        66          0          0          0          0         76   ftell.o
       166          0          0          0          0        144   h1_alloc_threads.o
        82          0          0          0          0        104   h1_extend_threads.o
        10          0          0          0          0         76   h1_final_threads.o
       118          0          0          0          0        108   h1_free_threads.o
        18          0          0          0          0         84   h1_init_threads.o
         6          0          0          0          0        152   heapauxi.o
         4          0          0          0          0        136   hguard.o
         0          0          0          0          0          0   indicate_semi.o
       138          0          0          0          0        168   init_alloc.o
       456         48          0          0          0        116   initio_locked.o
         2          0          0          0          0          0   libinit.o
        14          0          0          0          0          0   libinit2.o
         2          0          0          0          0          0   libshutdown.o
        10          0          0          0          0          0   libshutdown2.o
         8          4          0          0         96         68   libspace.o
         0          0          0          0          0          0   maybetermalloc2.o
        24          4          0          0          0         84   noretval__2printf.o
        44          4          0          0          0         84   puts.o
         4          0          0          0          0         68   rt_errno_addr_twolibspace.o
        10          0          0          0          0         76   rt_heap_descriptor_twolibspace.o
        68          0          0          0          0         68   rt_memclr.o
        78          0          0          0          0         80   rt_memclr_w.o
       138          0          0          0          0         68   rt_memcpy_v6.o
       100          0          0          0          0         80   rt_memcpy_w.o
         2          0          0          0          0          0   rtexit.o
        10          0          0          0          0          0   rtexit2.o
       104          0          0          0          0         88   setvbuf_locked.o
       264          6          0          0          0        160   stdio.o
         0          0          0         12        252          0   stdio_streams.o
       128          0          0          0          0         68   strcmpv7m.o
        32          0          0          0          0         80   strcspn.o
         0          0          0          4          0          0   streamlock.o
        28          0          0          0          0         80   strspn.o
        12          6          0          4          0         68   strtok.o
        68          4          0          0          0         84   strtok_int.o
        12          4          0          0          0         68   sys_exit.o
        74          0          0          0          0         80   sys_stackheap_outer.o
        16          0          0          0          0         80   term_alloc.o
         2          0          0          0          0         68   use_no_semi.o

    ----------------------------------------------------------------------
      3952        226          0         20        348       4292   Library Totals
        16          0          0          0          0          0   (incl. Padding)

    ----------------------------------------------------------------------

      Code (inc. data)   RO Data    RW Data    ZI Data      Debug   Library Name

      3936        226          0         20        348       4292   c_w.l

    ----------------------------------------------------------------------
      3952        226          0         20        348       4292   Library Totals

    ----------------------------------------------------------------------

==============================================================================


      Code (inc. data)   RO Data    RW Data    ZI Data      Debug   

     16036        450        356         28      13644     204091   Grand Totals
     16036        450        356         28      13644     204091   ELF Image Totals
     16036        450        356         28          0          0   ROM Totals

==============================================================================

    Total RO  Size (Code + RO Data)                16392 (  16.01kB)
    Total RW  Size (RW Data + ZI Data)             13672 (  13.35kB)
    Total ROM Size (Code + RO Data + RW Data)      16420 (  16.04kB)

==============================================================================

