<html>
<body>
<pre>
<h1>µVision Build Log</h1>
<h2>Tool Versions:</h2>
IDE-Version: µVision V5.39.0.0
Copyright (C) 2023 ARM Ltd and ARM Germany GmbH. All rights reserved.
License Information: Long Vu Doan, PTIT, LIC=----
 
Tool Versions:
Toolchain:       MDK-Lite  Version: 5.39.0.0
Toolchain Path:  C:\Keil_v5\ARM\ARMCLANG\Bin
C Compiler:      ArmClang.exe V6.21
Assembler:       Armasm.exe V6.21
Linker/Locator:  ArmLink.exe V6.21
Library Manager: ArmAr.exe V6.21
Hex Converter:   FromElf.exe V6.21
CPU DLL:         SARMCM3.DLL V5.39.0.0
Dialog DLL:      DCM.DLL V1.17.5.0
Target DLL:      Segger\JL2CM3.dll V2.99.43.0
Dialog DLL:      TCM.DLL V1.56.4.0
 
<h2>Project:</h2>
D:\TaiLieuHocTap\nam4-ky1_1208_2024\HeThongNhung\BTL\Phan2\MDK\test_f1rtos_2.uvprojx
Project File Date:  10/01/2024

<h2>Output:</h2>
*** Using Compiler 'V6.21', folder: 'C:\Keil_v5\ARM\ARMCLANG\Bin'
Build target 'Target 1'
../USER/main.c(123): warning: passing 'volatile uint8_t[80]' (aka 'volatile unsigned char[80]') to parameter of type 'char *' discards qualifiers [-Wincompatible-pointer-types-discards-qualifiers]
  123 |         seperate_each_word(RX_Buffer,des,&lengthReceive,"_");
      |                            ^~~~~~~~~
../USER/main.c(33): note: passing argument to parameter 'str' here
   33 | void seperate_each_word(char str[],char* des[],int *lengthReceive,const char *delim); /// tach tu 
      |                              ^
1 warning generated.
compiling main.c...
compiling My_i2c.c...
../USER/My_ds3231_rtc.c(236): warning: non-void function does not return a value in all control paths [-Wreturn-type]
  236 | }
      | ^
../USER/My_ds3231_rtc.c(247): warning: non-void function does not return a value in all control paths [-Wreturn-type]
  247 | }
      | ^
2 warnings generated.
compiling My_ds3231_rtc.c...
compiling I2C_LCD.c...
../USER/My_usart.c(140): warning: expression result unused [-Wunused-value]
  140 |   for(i;i>=0;i--){
      |       ^
1 warning generated.
compiling My_usart.c...
compiling LiquidCrystal_I2C.c...
compiling delay.c...
compiling clib_arm.c...
compiling os_systick.c...
compiling retarget_io.c...
compiling misc.c...
compiling stm32f10x_gpio.c...
compiling cmsis_os2.c...
compiling stm32f10x_i2c.c...
compiling stm32f10x_rcc.c...
compiling system_stm32f10x.c...
compiling stm32f10x_usart.c...
compiling freertos_evr.c...
compiling list.c...
compiling event_groups.c...
compiling port.c...
compiling heap_4.c...
compiling queue.c...
compiling timers.c...
compiling tasks.c...
linking...
Program Size: Code=16036 RO-data=356 RW-data=28 ZI-data=13644  
FromELF: creating hex file...
".\Objects\test_f1rtos_2.axf" - 0 Error(s), 4 Warning(s).

<h2>Software Packages used:</h2>

Package Vendor: ARM
                http://www.keil.com/pack/ARM.CMSIS.5.9.0.pack
                ARM::CMSIS@5.9.0
                CMSIS (Common Microcontroller Software Interface Standard)
   * Component: RTOS2 Version: 2.1.3
   * Component: CORE Version: 5.6.0

Package Vendor: ARM
                https://www.keil.com/pack/ARM.CMSIS-FreeRTOS.10.5.1.pack
                ARM::CMSIS-FreeRTOS@10.5.1
                Bundle of FreeRTOS for Cortex-M and Cortex-A
   * Component: FreeRTOS Variant: Cortex-M Version: 10.5.1
   * Component: Config Variant: CMSIS RTOS2 Version: 10.5.1
   * Component: Core Variant: Cortex-M Version: 10.5.1
   * Component: Event Groups Version: 10.5.1
   * Component: Heap Variant: Heap_4 Version: 10.5.1
   * Component: Timers Version: 10.5.1

Package Vendor: Keil
                https://www.keil.com/pack/Keil.ARM_Compiler.1.7.2.pack
                Keil::ARM_Compiler@1.7.2
                Keil ARM Compiler extensions for ARM Compiler 5 and ARM Compiler 6
   * Component: STDIN Variant: Breakpoint Version: 1.2.0
   * Component: STDOUT Variant: Breakpoint Version: 1.2.0
   * Component: TTY Variant: Breakpoint Version: 1.2.0

Package Vendor: Keil
                https://www.keil.com/pack/Keil.STM32F1xx_DFP.2.4.1.pack
                Keil::STM32F1xx_DFP@2.4.1
                STMicroelectronics STM32F1 Series Device Support, Drivers and Examples
   * Component: Startup Version: 1.0.0
   * Component: Framework Version: 3.6.0
   * Component: GPIO Version: 3.6.0
   * Component: I2C Version: 3.6.0
   * Component: RCC Version: 3.6.0
   * Component: USART Version: 3.6.0

<h2>Collection of Component include folders:</h2>
  ./RTE/Device/STM32F103C8
  ./RTE/RTOS
  ./RTE/_Target_1
  C:/Users/DELL/AppData/Local/Arm/Packs/ARM/CMSIS-FreeRTOS/10.5.1/CMSIS/RTOS2/FreeRTOS/Include
  C:/Users/DELL/AppData/Local/Arm/Packs/ARM/CMSIS-FreeRTOS/10.5.1/Source/include
  C:/Users/DELL/AppData/Local/Arm/Packs/ARM/CMSIS-FreeRTOS/10.5.1/Source/portable/GCC/ARM_CM3
  C:/Users/DELL/AppData/Local/Arm/Packs/ARM/CMSIS/5.9.0/CMSIS/Core/Include
  C:/Users/DELL/AppData/Local/Arm/Packs/ARM/CMSIS/5.9.0/CMSIS/RTOS2/Include
  C:/Users/DELL/AppData/Local/Arm/Packs/Keil/STM32F1xx_DFP/2.4.1/Device/Include
  C:/Users/DELL/AppData/Local/Arm/Packs/Keil/STM32F1xx_DFP/2.4.1/Device/StdPeriph_Driver/inc

<h2>Collection of Component Files used:</h2>

   * Component: ::CMSIS:RTOS2(API)@2.1.3
      Include file:  CMSIS/RTOS2/Include/cmsis_os2.h

   * Component: ARM::CMSIS:CORE@5.6.0

   * Component: ARM::CMSIS:RTOS2:FreeRTOS&Cortex-M@10.5.1
      Source file:   CMSIS/RTOS2/FreeRTOS/Source/ARM/clib_arm.c
      Source file:   CMSIS/RTOS2/FreeRTOS/Source/os_systick.c
      Source file:   CMSIS/RTOS2/FreeRTOS/Source/cmsis_os2.c
      Include file:  CMSIS/RTOS2/FreeRTOS/Include/freertos_mpool.h

   * Component: ARM::RTOS&FreeRTOS:Config&CMSIS RTOS2@10.5.1
      Include file:  CMSIS/RTOS2/FreeRTOS/Config/ARMCM/FreeRTOSConfig.h

   * Component: ARM::RTOS&FreeRTOS:Core&Cortex-M@10.5.1
      Include file:  Source/include/queue.h
      Source file:   Source/list.c
      Source file:   Source/queue.c
      Include file:  Source/include/semphr.h
      Include file:  Source/include/FreeRTOS.h
      Include file:  Source/include/task.h
      Source file:   Source/tasks.c
      Source file:   Source/portable/GCC/ARM_CM3/port.c
      Source file:   CMSIS/RTOS2/FreeRTOS/Source/freertos_evr.c

   * Component: ARM::RTOS&FreeRTOS:Event Groups@10.5.1
      Include file:  Source/include/event_groups.h
      Source file:   Source/event_groups.c

   * Component: ARM::RTOS&FreeRTOS:Heap&Heap_4@10.5.1
      Source file:   Source/portable/MemMang/heap_4.c

   * Component: ARM::RTOS&FreeRTOS:Timers@10.5.1
      Source file:   Source/timers.c
      Include file:  Source/include/timers.h

   * Component: Keil::Compiler&ARM Compiler:I/O:STDIN&Breakpoint@1.2.0
      Source file:   Source/retarget_io.c

   * Component: Keil::Compiler&ARM Compiler:I/O:STDOUT&Breakpoint@1.2.0
      Source file:   Source/retarget_io.c

   * Component: Keil::Compiler&ARM Compiler:I/O:TTY&Breakpoint@1.2.0
      Source file:   Source/retarget_io.c

   * Component: Keil::Device:Startup@1.0.0
      Include file:  RTE_Driver/Config/RTE_Device.h
      Source file:   Device/Source/system_stm32f10x.c
      Source file:   Device/Source/ARM/STM32F1xx_OPT.s
      Source file:   Device/Source/ARM/startup_stm32f10x_md.s

   * Component: Keil::Device:StdPeriph Drivers:Framework@3.6.0
      Source file:   Device/StdPeriph_Driver/templates/stm32f10x_it.c
      Source file:   Device/StdPeriph_Driver/src/misc.c
      Include file:  Device/StdPeriph_Driver/inc/misc.h
      Include file:  Device/StdPeriph_Driver/templates/stm32f10x_it.h
      Source file:   Device/StdPeriph_Driver/templates/stm32f10x_conf.h

   * Component: Keil::Device:StdPeriph Drivers:GPIO@3.6.0
      Include file:  Device/StdPeriph_Driver/inc/stm32f10x_gpio.h
      Source file:   Device/StdPeriph_Driver/src/stm32f10x_gpio.c

   * Component: Keil::Device:StdPeriph Drivers:I2C@3.6.0
      Include file:  Device/StdPeriph_Driver/inc/stm32f10x_i2c.h
      Source file:   Device/StdPeriph_Driver/src/stm32f10x_i2c.c

   * Component: Keil::Device:StdPeriph Drivers:RCC@3.6.0
      Source file:   Device/StdPeriph_Driver/src/stm32f10x_rcc.c
      Include file:  Device/StdPeriph_Driver/inc/stm32f10x_rcc.h

   * Component: Keil::Device:StdPeriph Drivers:USART@3.6.0
      Source file:   Device/StdPeriph_Driver/src/stm32f10x_usart.c
      Include file:  Device/StdPeriph_Driver/inc/stm32f10x_usart.h
Build Time Elapsed:  00:00:03
</pre>
</body>
</html>
