Component: Arm Compiler for Embedded 6.21 Tool: armlink [5ec1fa00]

==============================================================================

Section Cross References

    main.o(.text) refers (Special) to _printf_percent.o(.ARM.Collect$$_printf_percent$$00000000) for _printf_percent
    main.o(.text) refers (Special) to _printf_f.o(.ARM.Collect$$_printf_percent$$00000003) for _printf_f
    main.o(.text) refers (Special) to printf1.o(x$fpl$printf1) for _printf_fp_dec
    main.o(.text.GPIO_Config) refers (Special) to _printf_percent.o(.ARM.Collect$$_printf_percent$$00000000) for _printf_percent
    main.o(.text.GPIO_Config) refers (Special) to _printf_f.o(.ARM.Collect$$_printf_percent$$00000003) for _printf_f
    main.o(.text.GPIO_Config) refers (Special) to printf1.o(x$fpl$printf1) for _printf_fp_dec
    main.o(.text.GPIO_Config) refers to stm32f10x_rcc.o(.text.RCC_APB2PeriphClockCmd) for RCC_APB2PeriphClockCmd
    main.o(.text.GPIO_Config) refers to stm32f10x_gpio.o(.text.GPIO_Init) for GPIO_Init
    main.o(.ARM.exidx.text.GPIO_Config) refers (Special) to _printf_percent.o(.ARM.Collect$$_printf_percent$$00000000) for _printf_percent
    main.o(.ARM.exidx.text.GPIO_Config) refers (Special) to _printf_f.o(.ARM.Collect$$_printf_percent$$00000003) for _printf_f
    main.o(.ARM.exidx.text.GPIO_Config) refers (Special) to printf1.o(x$fpl$printf1) for _printf_fp_dec
    main.o(.ARM.exidx.text.GPIO_Config) refers to main.o(.text.GPIO_Config) for [Anonymous Symbol]
    main.o(.text.ADC_Config) refers (Special) to _printf_percent.o(.ARM.Collect$$_printf_percent$$00000000) for _printf_percent
    main.o(.text.ADC_Config) refers (Special) to _printf_f.o(.ARM.Collect$$_printf_percent$$00000003) for _printf_f
    main.o(.text.ADC_Config) refers (Special) to printf1.o(x$fpl$printf1) for _printf_fp_dec
    main.o(.text.ADC_Config) refers to stm32f10x_adc.o(.text.ADC_Init) for ADC_Init
    main.o(.text.ADC_Config) refers to stm32f10x_adc.o(.text.ADC_RegularChannelConfig) for ADC_RegularChannelConfig
    main.o(.text.ADC_Config) refers to stm32f10x_adc.o(.text.ADC_Cmd) for ADC_Cmd
    main.o(.text.ADC_Config) refers to stm32f10x_adc.o(.text.ADC_ResetCalibration) for ADC_ResetCalibration
    main.o(.text.ADC_Config) refers to stm32f10x_adc.o(.text.ADC_GetResetCalibrationStatus) for ADC_GetResetCalibrationStatus
    main.o(.text.ADC_Config) refers to stm32f10x_adc.o(.text.ADC_StartCalibration) for ADC_StartCalibration
    main.o(.text.ADC_Config) refers to stm32f10x_adc.o(.text.ADC_GetCalibrationStatus) for ADC_GetCalibrationStatus
    main.o(.text.ADC_Config) refers to stm32f10x_adc.o(.text.ADC_SoftwareStartConvCmd) for ADC_SoftwareStartConvCmd
    main.o(.ARM.exidx.text.ADC_Config) refers (Special) to _printf_percent.o(.ARM.Collect$$_printf_percent$$00000000) for _printf_percent
    main.o(.ARM.exidx.text.ADC_Config) refers (Special) to _printf_f.o(.ARM.Collect$$_printf_percent$$00000003) for _printf_f
    main.o(.ARM.exidx.text.ADC_Config) refers (Special) to printf1.o(x$fpl$printf1) for _printf_fp_dec
    main.o(.ARM.exidx.text.ADC_Config) refers to main.o(.text.ADC_Config) for [Anonymous Symbol]
    main.o(.text.main) refers (Special) to _printf_percent.o(.ARM.Collect$$_printf_percent$$00000000) for _printf_percent
    main.o(.text.main) refers (Special) to _printf_f.o(.ARM.Collect$$_printf_percent$$00000003) for _printf_f
    main.o(.text.main) refers (Special) to printf1.o(x$fpl$printf1) for _printf_fp_dec
    main.o(.text.main) refers to system_stm32f10x.o(.text.SystemInit) for SystemInit
    main.o(.text.main) refers to system_stm32f10x.o(.text.SystemCoreClockUpdate) for SystemCoreClockUpdate
    main.o(.text.main) refers to delay.o(.text.SysTick_Init) for SysTick_Init
    main.o(.text.main) refers to stm32f10x_rcc.o(.text.RCC_APB2PeriphClockCmd) for RCC_APB2PeriphClockCmd
    main.o(.text.main) refers to stm32f10x_gpio.o(.text.GPIO_Init) for GPIO_Init
    main.o(.text.main) refers to my_usart.o(.text.usart1_cfg_A9A10) for usart1_cfg_A9A10
    main.o(.text.main) refers to main.o(.text.ADC_Config) for ADC_Config
    main.o(.text.main) refers to puts.o(.text) for puts
    main.o(.text.main) refers to stm32f10x_adc.o(.text.ADC_GetConversionValue) for ADC_GetConversionValue
    main.o(.text.main) refers to dflt_clz.o(x$fpl$dfltu) for __aeabi_ui2d
    main.o(.text.main) refers to dmul.o(x$fpl$dmul) for __aeabi_dmul
    main.o(.text.main) refers to d2f.o(x$fpl$d2f) for __aeabi_d2f
    main.o(.text.main) refers to f2d.o(x$fpl$f2d) for __aeabi_f2d
    main.o(.text.main) refers to noretval__2printf.o(.text) for __2printf
    main.o(.text.main) refers to delay.o(.text.delay_ms) for delay_ms
    main.o(.ARM.exidx.text.main) refers (Special) to _printf_percent.o(.ARM.Collect$$_printf_percent$$00000000) for _printf_percent
    main.o(.ARM.exidx.text.main) refers (Special) to _printf_f.o(.ARM.Collect$$_printf_percent$$00000003) for _printf_f
[...]
    ../clib/printf.c                         0x00000000   Number         0  _printf_fp_infnan.o ABSOLUTE
    ../clib/printf.c                         0x00000000   Number         0  __printf_nopercent.o ABSOLUTE
    ../clib/printf_percent.s                 0x00000000   Number         0  _printf_f.o ABSOLUTE
    ../clib/printf_percent.s                 0x00000000   Number         0  _printf_percent.o ABSOLUTE
    ../clib/printf_percent.s                 0x00000000   Number         0  _printf_percent_end.o ABSOLUTE
    ../clib/signal.c                         0x00000000   Number         0  defsig_fpe_outer.o ABSOLUTE
    ../clib/signal.c                         0x00000000   Number         0  defsig_fpe_formal.o ABSOLUTE
    ../clib/signal.c                         0x00000000   Number         0  defsig_rtred_outer.o ABSOLUTE
    ../clib/signal.c                         0x00000000   Number         0  defsig_rtred_formal.o ABSOLUTE
    ../clib/signal.c                         0x00000000   Number         0  defsig_exit.o ABSOLUTE
    ../clib/signal.c                         0x00000000   Number         0  defsig_fpe_inner.o ABSOLUTE
    ../clib/signal.c                         0x00000000   Number         0  defsig_rtred_inner.o ABSOLUTE
    ../clib/signal.c                         0x00000000   Number         0  __raise.o ABSOLUTE
    ../clib/signal.c                         0x00000000   Number         0  defsig_general.o ABSOLUTE
    ../clib/signal.c                         0x00000000   Number         0  defsig_rtmem_outer.o ABSOLUTE
    ../clib/signal.c                         0x00000000   Number         0  defsig_rtmem_formal.o ABSOLUTE
    ../clib/signal.c                         0x00000000   Number         0  defsig_rtmem_inner.o ABSOLUTE
    ../clib/signal.c                         0x00000000   Number         0  defsig_abrt_inner.o ABSOLUTE
    ../clib/signal.c                         0x00000000   Number         0  defsig_stak_inner.o ABSOLUTE
    ../clib/signal.c                         0x00000000   Number         0  defsig_pvfn_inner.o ABSOLUTE
    ../clib/signal.c                         0x00000000   Number         0  defsig_cppl_inner.o ABSOLUTE
    ../clib/signal.c                         0x00000000   Number         0  defsig_segv_inner.o ABSOLUTE
    ../clib/signal.c                         0x00000000   Number         0  defsig_other.o ABSOLUTE
    ../clib/signal.s                         0x00000000   Number         0  defsig.o ABSOLUTE
    ../clib/stdio.c                          0x00000000   Number         0  puts.o ABSOLUTE
    ../clib/stdio.c                          0x00000000   Number         0  stdio_streams.o ABSOLUTE
    ../clib/stdio.c                          0x00000000   Number         0  ferror.o ABSOLUTE
    ../clib/stdio.c                          0x00000000   Number         0  initio.o ABSOLUTE
    ../clib/stdio.c                          0x00000000   Number         0  ferror_locked.o ABSOLUTE
    ../clib/stdio.c                          0x00000000   Number         0  initio_locked.o ABSOLUTE
    ../clib/stdio.c                          0x00000000   Number         0  setvbuf.o ABSOLUTE
    ../clib/stdio.c                          0x00000000   Number         0  streamlock.o ABSOLUTE
    ../clib/stdio.c                          0x00000000   Number         0  fopen.o ABSOLUTE
    ../clib/stdio.c                          0x00000000   Number         0  fclose.o ABSOLUTE
    ../clib/stdio.c                          0x00000000   Number         0  setvbuf_locked.o ABSOLUTE
    ../clib/stdio.c                          0x00000000   Number         0  fopen_locked.o ABSOLUTE
    ../clib/stdio.c                          0x00000000   Number         0  fseek.o ABSOLUTE
    ../clib/stdio.c                          0x00000000   Number         0  stdio.o ABSOLUTE
    ../clib/stdio.c                          0x00000000   Number         0  ftell.o ABSOLUTE
    ../clib/stdlib.c                         0x00000000   Number         0  exit.o ABSOLUTE
    ../fplib/d2f.s                           0x00000000   Number         0  d2f.o ABSOLUTE
    ../fplib/dflt.s                          0x00000000   Number         0  dflt_clz.o ABSOLUTE
    ../fplib/dmul.s                          0x00000000   Number         0  dmul.o ABSOLUTE
    ../fplib/dnaninf.s                       0x00000000   Number         0  dnaninf.o ABSOLUTE
    ../fplib/dretinf.s                       0x00000000   Number         0  dretinf.o ABSOLUTE
    ../fplib/f2d.s                           0x00000000   Number         0  f2d.o ABSOLUTE
    ../fplib/fnaninf.s                       0x00000000   Number         0  fnaninf.o ABSOLUTE
    ../fplib/fpinit.s                        0x00000000   Number         0  fpinit.o ABSOLUTE
    ../fplib/fpinit_empty.s                  0x00000000   Number         0  fpinit_empty.o ABSOLUTE
    ../fplib/fretinf.s                       0x00000000   Number         0  fretinf.o ABSOLUTE
    ../fplib/istatus.s                       0x00000000   Number         0  istatus.o ABSOLUTE
    ../fplib/printf1.s                       0x00000000   Number         0  printf1.o ABSOLUTE
    ../fplib/usenofp.s                       0x00000000   Number         0  usenofp.o ABSOLUTE
    ../mathlib/fpclassify.c                  0x00000000   Number         0  fpclassify.o ABSOLUTE
    DMA_STM32F10x.c                          0x00000000   Number         0  dma_stm32f10x.o ABSOLUTE
    Delay.c                                  0x00000000   Number         0  delay.o ABSOLUTE
    GPIO_STM32F10x.c                         0x00000000   Number         0  gpio_stm32f10x.o ABSOLUTE
    My_usart.c                               0x00000000   Number         0  my_usart.o ABSOLUTE
    RTE/Device/STM32F103C8/startup_stm32f10x_md.s 0x00000000   Number         0  startup_stm32f10x_md.o ABSOLUTE
    dc.s                                     0x00000000   Number         0  dc.o ABSOLUTE
    main.c                                   0x00000000   Number         0  main.o ABSOLUTE
    misc.c                                   0x00000000   Number         0  misc.o ABSOLUTE
    retarget_io.c                            0x00000000   Number         0  retarget_io.o ABSOLUTE
    stdin_bkpt.c                             0x00000000   Number         0  stdin_bkpt.o ABSOLUTE
    stdout_bkpt.c                            0x00000000   Number         0  stdout_bkpt.o ABSOLUTE
    stm32f10x_adc.c                          0x00000000   Number         0  stm32f10x_adc.o ABSOLUTE
    stm32f10x_exti.c                         0x00000000   Number         0  stm32f10x_exti.o ABSOLUTE
    stm32f10x_gpio.c                         0x00000000   Number         0  stm32f10x_gpio.o ABSOLUTE
    stm32f10x_rcc.c                          0x00000000   Number         0  stm32f10x_rcc.o ABSOLUTE
    stm32f10x_usart.c                        0x00000000   Number         0  stm32f10x_usart.o ABSOLUTE
    system_stm32f10x.c                       0x00000000   Number         0  system_stm32f10x.o ABSOLUTE
    RESET                                    0x08000000   Section      236  startup_stm32f10x_md.o(RESET)
    !!!main                                  0x080000ec   Section        8  __main.o(!!!main)
    !!!scatter                               0x080000f4   Section       92  __scatter.o(!!!scatter)
    !!handler_copy                           0x08000150   Section       26  __scatter_copy.o(!!handler_copy)
    !!handler_null                           0x0800016c   Section        2  __scatter.o(!!handler_null)
    !!handler_zi                             0x08000170   Section       28  __scatter_zi.o(!!handler_zi)
    .ARM.Collect$$_printf_percent$$00000000  0x0800018c   Section        0  _printf_percent.o(.ARM.Collect$$_printf_percent$$00000000)
    .ARM.Collect$$_printf_percent$$00000003  0x0800018c   Section        6  _printf_f.o(.ARM.Collect$$_printf_percent$$00000003)
    .ARM.Collect$$_printf_percent$$00000017  0x08000192   Section        4  _printf_percent_end.o(.ARM.Collect$$_printf_percent$$00000017)
    .ARM.Collect$$libinit$$00000000          0x08000196   Section        2  libinit.o(.ARM.Collect$$libinit$$00000000)
    .ARM.Collect$$libinit$$00000002          0x08000198   Section        0  libinit2.o(.ARM.Collect$$libinit$$00000002)
    .ARM.Collect$$libinit$$00000004          0x08000198   Section        0  libinit2.o(.ARM.Collect$$libinit$$00000004)
    .ARM.Collect$$libinit$$00000006          0x08000198   Section        0  libinit2.o(.ARM.Collect$$libinit$$00000006)
    .ARM.Collect$$libinit$$00000007          0x08000198   Section        8  libinit2.o(.ARM.Collect$$libinit$$00000007)
    .ARM.Collect$$libinit$$0000000C          0x080001a0   Section        0  libinit2.o(.ARM.Collect$$libinit$$0000000C)
    .ARM.Collect$$libinit$$0000000E          0x080001a0   Section        0  libinit2.o(.ARM.Collect$$libinit$$0000000E)
    .ARM.Collect$$libinit$$00000010          0x080001a0   Section        0  libinit2.o(.ARM.Collect$$libinit$$00000010)
    .ARM.Collect$$libinit$$00000011          0x080001a0   Section        6  libinit2.o(.ARM.Collect$$libinit$$00000011)
    .ARM.Collect$$libinit$$00000013          0x080001a6   Section        0  libinit2.o(.ARM.Collect$$libinit$$00000013)
    .ARM.Collect$$libinit$$00000015          0x080001a6   Section        0  libinit2.o(.ARM.Collect$$libinit$$00000015)
    .ARM.Collect$$libinit$$00000017          0x080001a6   Section        0  libinit2.o(.ARM.Collect$$libinit$$00000017)
    .ARM.Collect$$libinit$$00000018          0x080001a6   Section       10  libinit2.o(.ARM.Collect$$libinit$$00000018)
    .ARM.Collect$$libinit$$00000019          0x080001b0   Section        0  libinit2.o(.ARM.Collect$$libinit$$00000019)
    .ARM.Collect$$libinit$$0000001B          0x080001b0   Section        0  libinit2.o(.ARM.Collect$$libinit$$0000001B)
    .ARM.Collect$$libinit$$0000001D          0x080001b0   Section        0  libinit2.o(.ARM.Collect$$libinit$$0000001D)
    .ARM.Collect$$libinit$$0000001F          0x080001b0   Section        0  libinit2.o(.ARM.Collect$$libinit$$0000001F)
    .ARM.Collect$$libinit$$00000021          0x080001b0   Section        0  libinit2.o(.ARM.Collect$$libinit$$00000021)
    .ARM.Collect$$libinit$$00000023          0x080001b0   Section        0  libinit2.o(.ARM.Collect$$libinit$$00000023)
    .ARM.Collect$$libinit$$00000025          0x080001b0   Section        0  libinit2.o(.ARM.Collect$$libinit$$00000025)
    .ARM.Collect$$libinit$$00000026          0x080001b0   Section        4  libinit2.o(.ARM.Collect$$libinit$$00000026)
    .ARM.Collect$$libinit$$00000027          0x080001b4   Section        0  libinit2.o(.ARM.Collect$$libinit$$00000027)
    .ARM.Collect$$libinit$$0000002E          0x080001b4   Section        0  libinit2.o(.ARM.Collect$$libinit$$0000002E)
    .ARM.Collect$$libinit$$00000030          0x080001b4   Section        0  libinit2.o(.ARM.Collect$$libinit$$00000030)
    .ARM.Collect$$libinit$$00000032          0x080001b4   Section        0  libinit2.o(.ARM.Collect$$libinit$$00000032)
    .ARM.Collect$$libinit$$00000034          0x080001b4   Section        0  libinit2.o(.ARM.Collect$$libinit$$00000034)
    .ARM.Collect$$libinit$$00000035          0x080001b4   Section        2  libinit2.o(.ARM.Collect$$libinit$$00000035)
    .ARM.Collect$$libshutdown$$00000000      0x080001b6   Section        2  libshutdown.o(.ARM.Collect$$libshutdown$$00000000)
    .ARM.Collect$$libshutdown$$00000002      0x080001b8   Section        0  libshutdown2.o(.ARM.Collect$$libshutdown$$00000002)
    .ARM.Collect$$libshutdown$$00000003      0x080001b8   Section        4  libshutdown2.o(.ARM.Collect$$libshutdown$$00000003)
    .ARM.Collect$$libshutdown$$00000004      0x080001bc   Section        0  libshutdown2.o(.ARM.Collect$$libshutdown$$00000004)
    .ARM.Collect$$libshutdown$$00000007      0x080001bc   Section        0  libshutdown2.o(.ARM.Collect$$libshutdown$$00000007)
    .ARM.Collect$$libshutdown$$0000000A      0x080001bc   Section        0  libshutdown2.o(.ARM.Collect$$libshutdown$$0000000A)
    .ARM.Collect$$libshutdown$$0000000C      0x080001bc   Section        0  libshutdown2.o(.ARM.Collect$$libshutdown$$0000000C)
    .ARM.Collect$$libshutdown$$0000000F      0x080001bc   Section        0  libshutdown2.o(.ARM.Collect$$libshutdown$$0000000F)
    .ARM.Collect$$libshutdown$$00000010      0x080001bc   Section        2  libshutdown2.o(.ARM.Collect$$libshutdown$$00000010)
    .ARM.Collect$$rtentry$$00000000          0x080001be   Section        0  __rtentry.o(.ARM.Collect$$rtentry$$00000000)
    .ARM.Collect$$rtentry$$00000002          0x080001be   Section        0  __rtentry2.o(.ARM.Collect$$rtentry$$00000002)
    .ARM.Collect$$rtentry$$00000004          0x080001be   Section        6  __rtentry4.o(.ARM.Collect$$rtentry$$00000004)
    .ARM.Collect$$rtentry$$00000009          0x080001c4   Section        0  __rtentry2.o(.ARM.Collect$$rtentry$$00000009)
    .ARM.Collect$$rtentry$$0000000A          0x080001c4   Section        4  __rtentry2.o(.ARM.Collect$$rtentry$$0000000A)
    .ARM.Collect$$rtentry$$0000000C          0x080001c8   Section        0  __rtentry2.o(.ARM.Collect$$rtentry$$0000000C)
    .ARM.Collect$$rtentry$$0000000D          0x080001c8   Section        8  __rtentry2.o(.ARM.Collect$$rtentry$$0000000D)
    .ARM.Collect$$rtexit$$00000000           0x080001d0   Section        2  rtexit.o(.ARM.Collect$$rtexit$$00000000)
    .ARM.Collect$$rtexit$$00000002           0x080001d2   Section        0  rtexit2.o(.ARM.Collect$$rtexit$$00000002)
    .ARM.Collect$$rtexit$$00000003           0x080001d2   Section        4  rtexit2.o(.ARM.Collect$$rtexit$$00000003)
    .ARM.Collect$$rtexit$$00000004           0x080001d6   Section        6  rtexit2.o(.ARM.Collect$$rtexit$$00000004)
    .text                                    0x080001dc   Section       64  startup_stm32f10x_md.o(.text)
    .text                                    0x0800021c   Section        0  noretval__2printf.o(.text)
    .text                                    0x08000234   Section        0  __printf_wp.o(.text)
    .text                                    0x08000344   Section        0  puts.o(.text)
    .text                                    0x08000370   Section      128  strcmpv7m.o(.text)
    .text                                    0x080003f0   Section        0  heapauxi.o(.text)
    _fp_digits                               0x080003f7   Thumb Code   432  _printf_fp_dec.o(.text)
    .text                                    0x080003f6   Section        0  _printf_fp_dec.o(.text)
    .text                                    0x08000814   Section        0  _printf_char_file.o(.text)
    .text                                    0x08000838   Section        8  rt_locale_intlibspace.o(.text)
    .text                                    0x08000840   Section      138  lludiv10.o(.text)
    _printf_input_char                       0x080008cd   Thumb Code    10  _printf_char_common.o(.text)
    .text                                    0x080008cc   Section        0  _printf_char_common.o(.text)
    .text                                    0x080008fc   Section        0  _printf_fp_infnan.o(.text)
    .text                                    0x0800097c   Section        0  bigflt0.o(.text)
    .text                                    0x08000a60   Section        0  ferror.o(.text)
    .text                                    0x08000a68   Section        0  initio.o(.text)
    .text                                    0x08000ba0   Section        8  libspace.o(.text)
    .text                                    0x08000ba8   Section       74  sys_stackheap_outer.o(.text)
    .text                                    0x08000bf2   Section        0  h1_free.o(.text)
    .text                                    0x08000c40   Section        0  setvbuf.o(.text)
    _freopen_locked                          0x08000c89   Thumb Code     0  fopen.o(.text)
    .text                                    0x08000c88   Section        0  fopen.o(.text)
    .text                                    0x08000d78   Section        0  fclose.o(.text)
    .text                                    0x08000dc4   Section        0  exit.o(.text)
    .text                                    0x08000dd6   Section        0  defsig_rtred_outer.o(.text)
    .text                                    0x08000de4   Section       78  rt_memclr_w.o(.text)
    .text                                    0x08000e34   Section        8  rt_heap_descriptor_intlibspace.o(.text)
    .text                                    0x08000e3c   Section        0  hguard.o(.text)
    .text                                    0x08000e40   Section        0  init_alloc.o(.text)
    .text                                    0x08000eca   Section        0  h1_alloc.o(.text)
    .text                                    0x08000f28   Section        0  fseek.o(.text)
    .text                                    0x08001020   Section        0  stdio.o(.text)
    .text                                    0x08001128   Section        0  defsig_exit.o(.text)
    .text                                    0x08001134   Section        0  defsig_rtred_inner.o(.text)
    .text                                    0x08001168   Section        0  sys_exit.o(.text)
    .text                                    0x08001174   Section        0  maybetermalloc1.o(.text)
    .text                                    0x08001174   Section        0  h1_init.o(.text)
    .text                                    0x08001180   Section        0  h1_extend.o(.text)
    .text                                    0x080011b4   Section        0  ftell.o(.text)
    .text                                    0x080011f6   Section        0  defsig_general.o(.text)
    .text                                    0x08001228   Section        0  defsig_rtmem_outer.o(.text)
    .text                                    0x08001236   Section        0  sys_wrch.o(.text)
    .text                                    0x08001244   Section        2  use_no_semi.o(.text)
    .text                                    0x08001246   Section        0  indicate_semi.o(.text)
    .text                                    0x08001248   Section        8  rt_errno_addr_intlibspace.o(.text)
    .text                                    0x08001250   Section        0  defsig_rtmem_inner.o(.text)
    [Anonymous Symbol]                       0x080012a0   Section        0  stm32f10x_adc.o(.text.ADC_Cmd)
    [Anonymous Symbol]                       0x080012b0   Section        0  main.o(.text.ADC_Config)
    [Anonymous Symbol]                       0x08001320   Section        0  stm32f10x_adc.o(.text.ADC_GetCalibrationStatus)
    [Anonymous Symbol]                       0x08001328   Section        0  stm32f10x_adc.o(.text.ADC_GetConversionValue)
    [Anonymous Symbol]                       0x08001330   Section        0  stm32f10x_adc.o(.text.ADC_GetResetCalibrationStatus)
    [Anonymous Symbol]                       0x08001338   Section        0  stm32f10x_adc.o(.text.ADC_Init)
    [Anonymous Symbol]                       0x0800138c   Section        0  stm32f10x_adc.o(.text.ADC_RegularChannelConfig)
    [Anonymous Symbol]                       0x080013ec   Section        0  stm32f10x_adc.o(.text.ADC_ResetCalibration)
    [Anonymous Symbol]                       0x080013f8   Section        0  stm32f10x_adc.o(.text.ADC_SoftwareStartConvCmd)
    [Anonymous Symbol]                       0x0800140c   Section        0  stm32f10x_adc.o(.text.ADC_StartCalibration)
    [Anonymous Symbol]                       0x08001418   Section        0  dma_stm32f10x.o(.text.DMA1_Channel1_Event)
    [Anonymous Symbol]                       0x0800141c   Section        0  dma_stm32f10x.o(.text.DMA1_Channel1_IRQHandler)
    [Anonymous Symbol]                       0x08001430   Section        0  dma_stm32f10x.o(.text.DMA1_Channel2_Event)
    [Anonymous Symbol]                       0x08001434   Section        0  dma_stm32f10x.o(.text.DMA1_Channel2_IRQHandler)
    [Anonymous Symbol]                       0x08001448   Section        0  dma_stm32f10x.o(.text.DMA1_Channel3_Event)
    [Anonymous Symbol]                       0x0800144c   Section        0  dma_stm32f10x.o(.text.DMA1_Channel3_IRQHandler)
    [Anonymous Symbol]                       0x08001460   Section        0  dma_stm32f10x.o(.text.DMA1_Channel4_Event)
    [Anonymous Symbol]                       0x08001464   Section        0  dma_stm32f10x.o(.text.DMA1_Channel4_IRQHandler)
    [Anonymous Symbol]                       0x08001478   Section        0  dma_stm32f10x.o(.text.DMA1_Channel5_Event)
    [Anonymous Symbol]                       0x0800147c   Section        0  dma_stm32f10x.o(.text.DMA1_Channel5_IRQHandler)
    [Anonymous Symbol]                       0x08001490   Section        0  dma_stm32f10x.o(.text.DMA1_Channel6_Event)
    [Anonymous Symbol]                       0x08001494   Section        0  dma_stm32f10x.o(.text.DMA1_Channel6_IRQHandler)
    [Anonymous Symbol]                       0x080014a8   Section        0  dma_stm32f10x.o(.text.DMA1_Channel7_Event)
    [Anonymous Symbol]                       0x080014ac   Section        0  dma_stm32f10x.o(.text.DMA1_Channel7_IRQHandler)
    [Anonymous Symbol]                       0x080014c0   Section        0  stm32f10x_gpio.o(.text.GPIO_Init)
    [Anonymous Symbol]                       0x08001580   Section        0  stm32f10x_rcc.o(.text.RCC_APB2PeriphClockCmd)
    [Anonymous Symbol]                       0x08001598   Section        0  stm32f10x_rcc.o(.text.RCC_GetClocksFreq)
    [Anonymous Symbol]                       0x08001624   Section        0  delay.o(.text.SysTick_Handler)
    [Anonymous Symbol]                       0x08001634   Section        0  delay.o(.text.SysTick_Init)
    [Anonymous Symbol]                       0x08001648   Section        0  system_stm32f10x.o(.text.SystemCoreClockUpdate)
    [Anonymous Symbol]                       0x080016a8   Section        0  system_stm32f10x.o(.text.SystemInit)
    [Anonymous Symbol]                       0x080017b8   Section        0  my_usart.o(.text.USART1_IRQHandler)
    [Anonymous Symbol]                       0x0800182c   Section        0  stm32f10x_usart.o(.text.USART_ClearFlag)
    [Anonymous Symbol]                       0x08001834   Section        0  stm32f10x_usart.o(.text.USART_ClearITPendingBit)
    [Anonymous Symbol]                       0x08001844   Section        0  stm32f10x_usart.o(.text.USART_Cmd)
    [Anonymous Symbol]                       0x08001858   Section        0  stm32f10x_usart.o(.text.USART_GetFlagStatus)
    [Anonymous Symbol]                       0x08001864   Section        0  stm32f10x_usart.o(.text.USART_GetITStatus)
    [Anonymous Symbol]                       0x08001894   Section        0  stm32f10x_usart.o(.text.USART_ITConfig)
    [Anonymous Symbol]                       0x080018c4   Section        0  stm32f10x_usart.o(.text.USART_Init)
    [Anonymous Symbol]                       0x0800197c   Section        0  stm32f10x_usart.o(.text.USART_ReceiveData)
    [Anonymous Symbol]                       0x08001984   Section        0  stm32f10x_usart.o(.text.USART_SendData)
    [Anonymous Symbol]                       0x0800198c   Section        0  retarget_io.o(.text._sys_close)
    [Anonymous Symbol]                       0x080019a0   Section        0  retarget_io.o(.text._sys_flen)
    [Anonymous Symbol]                       0x080019b4   Section        0  retarget_io.o(.text._sys_istty)
    [Anonymous Symbol]                       0x080019c4   Section        0  retarget_io.o(.text._sys_open)
    [Anonymous Symbol]                       0x08001a28   Section        0  retarget_io.o(.text._sys_seek)
    [Anonymous Symbol]                       0x08001a30   Section        0  retarget_io.o(.text._sys_write)
    [Anonymous Symbol]                       0x08001a60   Section        0  delay.o(.text.delay_ms)
    [Anonymous Symbol]                       0x08001aa8   Section        0  my_usart.o(.text.fputc)
    [Anonymous Symbol]                       0x08001ad8   Section        0  main.o(.text.main)
    [Anonymous Symbol]                       0x08001b80   Section        0  stdout_bkpt.o(.text.stdout_putchar)
    [Anonymous Symbol]                       0x08001b84   Section        0  my_usart.o(.text.usart1_cfg_A9A10)
    CL$$btod_d2e                             0x08001c40   Section       62  btod.o(CL$$btod_d2e)
    CL$$btod_d2e_denorm_low                  0x08001c7e   Section       70  btod.o(CL$$btod_d2e_denorm_low)
    CL$$btod_d2e_norm_op1                    0x08001cc4   Section       96  btod.o(CL$$btod_d2e_norm_op1)
    CL$$btod_div_common                      0x08001d24   Section      824  btod.o(CL$$btod_div_common)
    CL$$btod_e2e                             0x0800205c   Section      220  btod.o(CL$$btod_e2e)
    CL$$btod_ediv                            0x08002138   Section       42  btod.o(CL$$btod_ediv)
    CL$$btod_emul                            0x08002162   Section       42  btod.o(CL$$btod_emul)
    CL$$btod_mult_common                     0x0800218c   Section      580  btod.o(CL$$btod_mult_common)
    i.__ARM_fpclassify                       0x080023d0   Section        0  fpclassify.o(i.__ARM_fpclassify)
    i._is_digit                              0x080023f8   Section        0  __printf_wp.o(i._is_digit)
    locale$$code                             0x08002408   Section       44  lc_numeric_c.o(locale$$code)
    x$fpl$d2f                                0x08002434   Section       98  d2f.o(x$fpl$d2f)
    x$fpl$dfltu                              0x08002496   Section       38  dflt_clz.o(x$fpl$dfltu)
    x$fpl$dmul                               0x080024bc   Section      340  dmul.o(x$fpl$dmul)
    x$fpl$dnaninf                            0x08002610   Section      156  dnaninf.o(x$fpl$dnaninf)
    x$fpl$dretinf                            0x080026ac   Section       12  dretinf.o(x$fpl$dretinf)
    x$fpl$f2d                                0x080026b8   Section       86  f2d.o(x$fpl$f2d)
    x$fpl$fnaninf                            0x0800270e   Section      140  fnaninf.o(x$fpl$fnaninf)
    x$fpl$fretinf                            0x0800279a   Section       10  fretinf.o(x$fpl$fretinf)
    x$fpl$printf1                            0x080027a4   Section        4  printf1.o(x$fpl$printf1)
    tenpwrs_x                                0x080027a8   Data          60  bigflt0.o(.constdata)
    .constdata                               0x080027a8   Section      148  bigflt0.o(.constdata)
    x$fpl$usenofp                            0x080027a8   Section        0  usenofp.o(x$fpl$usenofp)
    tenpwrs_i                                0x080027e4   Data          64  bigflt0.o(.constdata)
    ADCPrescTable                            0x0800283c   Data           4  stm32f10x_rcc.o(.rodata.ADCPrescTable)
    [Anonymous Symbol]                       0x0800283c   Section        0  stm32f10x_rcc.o(.rodata.ADCPrescTable)
    APBAHBPrescTable                         0x08002850   Data          16  stm32f10x_rcc.o(.rodata.APBAHBPrescTable)
    [Anonymous Symbol]                       0x08002850   Section        0  stm32f10x_rcc.o(.rodata.APBAHBPrescTable)
    locale$$data                             0x08002898   Section       28  lc_numeric_c.o(locale$$data)
    __lcnum_c_name                           0x0800289c   Data           2  lc_numeric_c.o(locale$$data)
    __lcnum_c_start                          0x080028a4   Data           0  lc_numeric_c.o(locale$$data)
    __lcnum_c_point                          0x080028b0   Data           0  lc_numeric_c.o(locale$$data)
    __lcnum_c_thousands                      0x080028b2   Data           0  lc_numeric_c.o(locale$$data)
    __lcnum_c_grouping                       0x080028b3   Data           0  lc_numeric_c.o(locale$$data)
    __lcnum_c_end                            0x080028b4   Data           0  lc_numeric_c.o(locale$$data)
    .data                                    0x20000000   Section        4  stdio_streams.o(.data)
    .data                                    0x20000004   Section        4  stdio_streams.o(.data)
    .data                                    0x20000008   Section        4  stdio_streams.o(.data)
    .bss                                     0x20000018   Section       84  stdio_streams.o(.bss)
    .bss                                     0x2000006c   Section       84  stdio_streams.o(.bss)
    .bss                                     0x200000c0   Section       84  stdio_streams.o(.bss)
    .bss                                     0x20000114   Section       96  libspace.o(.bss)
    Heap_Mem                                 0x200001c8   Data         512  startup_stm32f10x_md.o(HEAP)
    HEAP                                     0x200001c8   Section      512  startup_stm32f10x_md.o(HEAP)
    Stack_Mem                                0x200003c8   Data        1024  startup_stm32f10x_md.o(STACK)
    STACK                                    0x200003c8   Section     1024  startup_stm32f10x_md.o(STACK)
    __initial_sp                             0x200007c8   Data           0  startup_stm32f10x_md.o(STACK)

    Global Symbols

    Symbol Name                              Value     Ov Type        Size  Object(Section)

    BuildAttributes$$THM_ISAv4$P$D$K$B$S$PE$A:L22UL41UL21$X:L11$S22US41US21$IEEE1$IW$~IW$USESV6$~STKCKD$USESV7$~SHL$OTIME$ROPI$IEEEJ$EBA8$UX$STANDARDLIB$REQ8$PRES8$EABIv2 0x00000000   Number         0  anon$$obj.o ABSOLUTE
    __fp_init_empty                          0x00000000   Number         0  fpinit_empty.o ABSOLUTE
    _printf_flags                            0x00000000   Number         0  printf_stubs.o ABSOLUTE
    _printf_return_value                     0x00000000   Number         0  printf_stubs.o ABSOLUTE
    _printf_sizespec                         0x00000000   Number         0  printf_stubs.o ABSOLUTE
    _printf_widthprec                        0x00000000   Number         0  printf_stubs.o ABSOLUTE
    __ARM_exceptions_init                     - Undefined Weak Reference
    __alloca_initialize                       - Undefined Weak Reference
    __arm_preinit_                            - Undefined Weak Reference
    __arm_relocate_pie_                       - Undefined Weak Reference
    __cpp_initialize__aeabi_                  - Undefined Weak Reference
    __cxa_finalize                            - Undefined Weak Reference
    __sigvec_lookup                           - Undefined Weak Reference
    __user_heap_extent                        - Undefined Weak Reference
    _atexit_init                              - Undefined Weak Reference
    _call_atexit_fns                          - Undefined Weak Reference
    _clock_init                               - Undefined Weak Reference
    _fp_trap_init                             - Undefined Weak Reference
    _fp_trap_shutdown                         - Undefined Weak Reference
    _get_lc_collate                           - Undefined Weak Reference
    _get_lc_ctype                             - Undefined Weak Reference
    _get_lc_monetary                          - Undefined Weak Reference
    _get_lc_time                              - Undefined Weak Reference
    _getenv_init                              - Undefined Weak Reference
    _handle_redirection                       - Undefined Weak Reference
    _mutex_acquire                            - Undefined Weak Reference
    _mutex_free                               - Undefined Weak Reference
    _mutex_release                            - Undefined Weak Reference
    _printf_post_padding                      - Undefined Weak Reference
    _printf_pre_padding                       - Undefined Weak Reference
    _rand_init                                - Undefined Weak Reference
    _signal_finish                            - Undefined Weak Reference
    _signal_init                              - Undefined Weak Reference
    __Vectors_Size                           0x000000ec   Number         0  startup_stm32f10x_md.o ABSOLUTE
    __Vectors                                0x08000000   Data           4  startup_stm32f10x_md.o(RESET)
    __Vectors_End                            0x080000ec   Data           0  startup_stm32f10x_md.o(RESET)
    __main                                   0x080000ed   Thumb Code     8  __main.o(!!!main)
    __scatterload                            0x080000f5   Thumb Code     0  __scatter.o(!!!scatter)
    __scatterload_rt2                        0x080000f5   Thumb Code    84  __scatter.o(!!!scatter)
    __scatterload_rt2_thumb_only             0x080000f5   Thumb Code     0  __scatter.o(!!!scatter)
    __scatterload_loop                       0x080000ff   Thumb Code     0  __scatter.o(!!!scatter)
    __scatterload_copy                       0x08000151   Thumb Code    26  __scatter_copy.o(!!handler_copy)
    __scatterload_null                       0x0800016d   Thumb Code     2  __scatter.o(!!handler_null)
    __scatterload_zeroinit                   0x08000171   Thumb Code    28  __scatter_zi.o(!!handler_zi)
    _printf_f                                0x0800018d   Thumb Code     0  _printf_f.o(.ARM.Collect$$_printf_percent$$00000003)
    _printf_percent                          0x0800018d   Thumb Code     0  _printf_percent.o(.ARM.Collect$$_printf_percent$$00000000)
    _printf_percent_end                      0x08000193   Thumb Code     0  _printf_percent_end.o(.ARM.Collect$$_printf_percent$$00000017)
    __rt_lib_init                            0x08000197   Thumb Code     0  libinit.o(.ARM.Collect$$libinit$$00000000)
    __rt_lib_init_fp_1                       0x08000199   Thumb Code     0  libinit2.o(.ARM.Collect$$libinit$$00000002)
    __rt_lib_init_heap_2                     0x08000199   Thumb Code     0  libinit2.o(.ARM.Collect$$libinit$$00000007)
    __rt_lib_init_preinit_1                  0x08000199   Thumb Code     0  libinit2.o(.ARM.Collect$$libinit$$00000006)
    __rt_lib_init_relocate_pie_1             0x08000199   Thumb Code     0  libinit2.o(.ARM.Collect$$libinit$$00000004)
    __rt_lib_init_heap_1                     0x080001a1   Thumb Code     0  libinit2.o(.ARM.Collect$$libinit$$0000000C)
    __rt_lib_init_lc_common                  0x080001a1   Thumb Code     0  libinit2.o(.ARM.Collect$$libinit$$00000011)
    __rt_lib_init_rand_1                     0x080001a1   Thumb Code     0  libinit2.o(.ARM.Collect$$libinit$$00000010)
    __rt_lib_init_user_alloc_1               0x080001a1   Thumb Code     0  libinit2.o(.ARM.Collect$$libinit$$0000000E)
    __rt_lib_init_lc_collate_1               0x080001a7   Thumb Code     0  libinit2.o(.ARM.Collect$$libinit$$00000013)
    __rt_lib_init_lc_ctype_1                 0x080001a7   Thumb Code     0  libinit2.o(.ARM.Collect$$libinit$$00000015)
    __rt_lib_init_lc_monetary_1              0x080001a7   Thumb Code     0  libinit2.o(.ARM.Collect$$libinit$$00000017)
    __rt_lib_init_lc_numeric_2               0x080001a7   Thumb Code     0  libinit2.o(.ARM.Collect$$libinit$$00000018)
    __rt_lib_init_atexit_1                   0x080001b1   Thumb Code     0  libinit2.o(.ARM.Collect$$libinit$$0000001D)
    __rt_lib_init_clock_1                    0x080001b1   Thumb Code     0  libinit2.o(.ARM.Collect$$libinit$$00000023)
    __rt_lib_init_fp_trap_1                  0x080001b1   Thumb Code     0  libinit2.o(.ARM.Collect$$libinit$$00000021)
    __rt_lib_init_getenv_1                   0x080001b1   Thumb Code     0  libinit2.o(.ARM.Collect$$libinit$$00000025)
    __rt_lib_init_lc_numeric_1               0x080001b1   Thumb Code     0  libinit2.o(.ARM.Collect$$libinit$$00000019)
    __rt_lib_init_lc_time_1                  0x080001b1   Thumb Code     0  libinit2.o(.ARM.Collect$$libinit$$0000001B)
    __rt_lib_init_signal_1                   0x080001b1   Thumb Code     0  libinit2.o(.ARM.Collect$$libinit$$0000001F)
    __rt_lib_init_stdio_2                    0x080001b1   Thumb Code     0  libinit2.o(.ARM.Collect$$libinit$$00000026)
    __rt_lib_init_alloca_1                   0x080001b5   Thumb Code     0  libinit2.o(.ARM.Collect$$libinit$$00000030)
    __rt_lib_init_argv_1                     0x080001b5   Thumb Code     0  libinit2.o(.ARM.Collect$$libinit$$0000002E)
    __rt_lib_init_cpp_1                      0x080001b5   Thumb Code     0  libinit2.o(.ARM.Collect$$libinit$$00000034)
    __rt_lib_init_exceptions_1               0x080001b5   Thumb Code     0  libinit2.o(.ARM.Collect$$libinit$$00000032)
    __rt_lib_init_return                     0x080001b5   Thumb Code     0  libinit2.o(.ARM.Collect$$libinit$$00000035)
    __rt_lib_init_stdio_1                    0x080001b5   Thumb Code     0  libinit2.o(.ARM.Collect$$libinit$$00000027)
    __rt_lib_shutdown                        0x080001b7   Thumb Code     0  libshutdown.o(.ARM.Collect$$libshutdown$$00000000)
    __rt_lib_shutdown_cpp_1                  0x080001b9   Thumb Code     0  libshutdown2.o(.ARM.Collect$$libshutdown$$00000002)
    __rt_lib_shutdown_stdio_2                0x080001b9   Thumb Code     0  libshutdown2.o(.ARM.Collect$$libshutdown$$00000003)
    __rt_lib_shutdown_fp_trap_1              0x080001bd   Thumb Code     0  libshutdown2.o(.ARM.Collect$$libshutdown$$00000007)
    __rt_lib_shutdown_heap_1                 0x080001bd   Thumb Code     0  libshutdown2.o(.ARM.Collect$$libshutdown$$0000000F)
    __rt_lib_shutdown_return                 0x080001bd   Thumb Code     0  libshutdown2.o(.ARM.Collect$$libshutdown$$00000010)
    __rt_lib_shutdown_signal_1               0x080001bd   Thumb Code     0  libshutdown2.o(.ARM.Collect$$libshutdown$$0000000A)
    __rt_lib_shutdown_stdio_1                0x080001bd   Thumb Code     0  libshutdown2.o(.ARM.Collect$$libshutdown$$00000004)
    __rt_lib_shutdown_user_alloc_1           0x080001bd   Thumb Code     0  libshutdown2.o(.ARM.Collect$$libshutdown$$0000000C)
    __rt_entry                               0x080001bf   Thumb Code     0  __rtentry.o(.ARM.Collect$$rtentry$$00000000)
    __rt_entry_presh_1                       0x080001bf   Thumb Code     0  __rtentry2.o(.ARM.Collect$$rtentry$$00000002)
    __rt_entry_sh                            0x080001bf   Thumb Code     0  __rtentry4.o(.ARM.Collect$$rtentry$$00000004)
    __rt_entry_li                            0x080001c5   Thumb Code     0  __rtentry2.o(.ARM.Collect$$rtentry$$0000000A)
    __rt_entry_postsh_1                      0x080001c5   Thumb Code     0  __rtentry2.o(.ARM.Collect$$rtentry$$00000009)
    __rt_entry_main                          0x080001c9   Thumb Code     0  __rtentry2.o(.ARM.Collect$$rtentry$$0000000D)
    __rt_entry_postli_1                      0x080001c9   Thumb Code     0  __rtentry2.o(.ARM.Collect$$rtentry$$0000000C)
    __rt_exit                                0x080001d1   Thumb Code     0  rtexit.o(.ARM.Collect$$rtexit$$00000000)
    __rt_exit_ls                             0x080001d3   Thumb Code     0  rtexit2.o(.ARM.Collect$$rtexit$$00000003)
    __rt_exit_prels_1                        0x080001d3   Thumb Code     0  rtexit2.o(.ARM.Collect$$rtexit$$00000002)
    __rt_exit_exit                           0x080001d7   Thumb Code     0  rtexit2.o(.ARM.Collect$$rtexit$$00000004)
    Reset_Handler                            0x080001dd   Thumb Code     8  startup_stm32f10x_md.o(.text)
    NMI_Handler                              0x080001e5   Thumb Code     2  startup_stm32f10x_md.o(.text)
    HardFault_Handler                        0x080001e7   Thumb Code     2  startup_stm32f10x_md.o(.text)
    MemManage_Handler                        0x080001e9   Thumb Code     2  startup_stm32f10x_md.o(.text)
    BusFault_Handler                         0x080001eb   Thumb Code     2  startup_stm32f10x_md.o(.text)
    UsageFault_Handler                       0x080001ed   Thumb Code     2  startup_stm32f10x_md.o(.text)
    SVC_Handler                              0x080001ef   Thumb Code     2  startup_stm32f10x_md.o(.text)
    DebugMon_Handler                         0x080001f1   Thumb Code     2  startup_stm32f10x_md.o(.text)
    PendSV_Handler                           0x080001f3   Thumb Code     2  startup_stm32f10x_md.o(.text)
    ADC1_2_IRQHandler                        0x080001f7   Thumb Code     0  startup_stm32f10x_md.o(.text)
    CAN1_RX1_IRQHandler                      0x080001f7   Thumb Code     0  startup_stm32f10x_md.o(.text)
    CAN1_SCE_IRQHandler                      0x080001f7   Thumb Code     0  startup_stm32f10x_md.o(.text)
    EXTI0_IRQHandler                         0x080001f7   Thumb Code     0  startup_stm32f10x_md.o(.text)
    EXTI15_10_IRQHandler                     0x080001f7   Thumb Code     0  startup_stm32f10x_md.o(.text)
    EXTI1_IRQHandler                         0x080001f7   Thumb Code     0  startup_stm32f10x_md.o(.text)
    EXTI2_IRQHandler                         0x080001f7   Thumb Code     0  startup_stm32f10x_md.o(.text)
    EXTI3_IRQHandler                         0x080001f7   Thumb Code     0  startup_stm32f10x_md.o(.text)
    EXTI4_IRQHandler                         0x080001f7   Thumb Code     0  startup_stm32f10x_md.o(.text)
    EXTI9_5_IRQHandler                       0x080001f7   Thumb Code     0  startup_stm32f10x_md.o(.text)
    FLASH_IRQHandler                         0x080001f7   Thumb Code     0  startup_stm32f10x_md.o(.text)
    I2C1_ER_IRQHandler                       0x080001f7   Thumb Code     0  startup_stm32f10x_md.o(.text)
    I2C1_EV_IRQHandler                       0x080001f7   Thumb Code     0  startup_stm32f10x_md.o(.text)
    I2C2_ER_IRQHandler                       0x080001f7   Thumb Code     0  startup_stm32f10x_md.o(.text)
    I2C2_EV_IRQHandler                       0x080001f7   Thumb Code     0  startup_stm32f10x_md.o(.text)
    PVD_IRQHandler                           0x080001f7   Thumb Code     0  startup_stm32f10x_md.o(.text)
    RCC_IRQHandler                           0x080001f7   Thumb Code     0  startup_stm32f10x_md.o(.text)
    RTCAlarm_IRQHandler                      0x080001f7   Thumb Code     0  startup_stm32f10x_md.o(.text)
    RTC_IRQHandler                           0x080001f7   Thumb Code     0  startup_stm32f10x_md.o(.text)
    SPI1_IRQHandler                          0x080001f7   Thumb Code     0  startup_stm32f10x_md.o(.text)
    SPI2_IRQHandler                          0x080001f7   Thumb Code     0  startup_stm32f10x_md.o(.text)
    TAMPER_IRQHandler                        0x080001f7   Thumb Code     0  startup_stm32f10x_md.o(.text)
    TIM1_BRK_IRQHandler                      0x080001f7   Thumb Code     0  startup_stm32f10x_md.o(.text)
    TIM1_CC_IRQHandler                       0x080001f7   Thumb Code     0  startup_stm32f10x_md.o(.text)
    TIM1_TRG_COM_IRQHandler                  0x080001f7   Thumb Code     0  startup_stm32f10x_md.o(.text)
    TIM1_UP_IRQHandler                       0x080001f7   Thumb Code     0  startup_stm32f10x_md.o(.text)
    TIM2_IRQHandler                          0x080001f7   Thumb Code     0  startup_stm32f10x_md.o(.text)
    TIM3_IRQHandler                          0x080001f7   Thumb Code     0  startup_stm32f10x_md.o(.text)
    TIM4_IRQHandler                          0x080001f7   Thumb Code     0  startup_stm32f10x_md.o(.text)
    USART2_IRQHandler                        0x080001f7   Thumb Code     0  startup_stm32f10x_md.o(.text)
    USART3_IRQHandler                        0x080001f7   Thumb Code     0  startup_stm32f10x_md.o(.text)
    USBWakeUp_IRQHandler                     0x080001f7   Thumb Code     0  startup_stm32f10x_md.o(.text)
    USB_HP_CAN1_TX_IRQHandler                0x080001f7   Thumb Code     0  startup_stm32f10x_md.o(.text)
    USB_LP_CAN1_RX0_IRQHandler               0x080001f7   Thumb Code     0  startup_stm32f10x_md.o(.text)
    WWDG_IRQHandler                          0x080001f7   Thumb Code     0  startup_stm32f10x_md.o(.text)
    __user_initial_stackheap                 0x080001f9   Thumb Code     0  startup_stm32f10x_md.o(.text)
    __2printf                                0x0800021d   Thumb Code    20  noretval__2printf.o(.text)
    __printf                                 0x08000235   Thumb Code   270  __printf_wp.o(.text)
    puts                                     0x08000345   Thumb Code    40  puts.o(.text)
    strcmp                                   0x08000371   Thumb Code   128  strcmpv7m.o(.text)
    __use_two_region_memory                  0x080003f1   Thumb Code     2  heapauxi.o(.text)
    __rt_heap_escrow                         0x080003f3   Thumb Code     2  heapauxi.o(.text)
    __rt_heap_expand                         0x080003f5   Thumb Code     2  heapauxi.o(.text)
    _printf_fp_dec_real                      0x080005a7   Thumb Code   620  _printf_fp_dec.o(.text)
    _printf_char_file                        0x08000815   Thumb Code    32  _printf_char_file.o(.text)
    __rt_locale                              0x08000839   Thumb Code     8  rt_locale_intlibspace.o(.text)
    _ll_udiv10                               0x08000841   Thumb Code   138  lludiv10.o(.text)
    _printf_char_common                      0x080008d7   Thumb Code    32  _printf_char_common.o(.text)
    _printf_fp_infnan                        0x080008fd   Thumb Code   112  _printf_fp_infnan.o(.text)
    _btod_etento                             0x0800097d   Thumb Code   224  bigflt0.o(.text)
    ferror                                   0x08000a61   Thumb Code     8  ferror.o(.text)
    _initio                                  0x08000a69   Thumb Code   210  initio.o(.text)
    _terminateio                             0x08000b3b   Thumb Code    56  initio.o(.text)
    __user_libspace                          0x08000ba1   Thumb Code     8  libspace.o(.text)
    __user_perproc_libspace                  0x08000ba1   Thumb Code     0  libspace.o(.text)
    __user_perthread_libspace                0x08000ba1   Thumb Code     0  libspace.o(.text)
    __user_setup_stackheap                   0x08000ba9   Thumb Code    74  sys_stackheap_outer.o(.text)
    free                                     0x08000bf3   Thumb Code    78  h1_free.o(.text)
    setvbuf                                  0x08000c41   Thumb Code    70  setvbuf.o(.text)
    freopen                                  0x08000c89   Thumb Code   160  fopen.o(.text)
    fopen                                    0x08000d29   Thumb Code    74  fopen.o(.text)
    _fclose_internal                         0x08000d79   Thumb Code    76  fclose.o(.text)
    fclose                                   0x08000d79   Thumb Code     0  fclose.o(.text)
    exit                                     0x08000dc5   Thumb Code    18  exit.o(.text)
    __rt_SIGRTRED                            0x08000dd7   Thumb Code    14  defsig_rtred_outer.o(.text)
    __aeabi_memclr4                          0x08000de5   Thumb Code     0  rt_memclr_w.o(.text)
    __aeabi_memclr8                          0x08000de5   Thumb Code     0  rt_memclr_w.o(.text)
    __rt_memclr_w                            0x08000de5   Thumb Code     0  rt_memclr_w.o(.text)
    _memset_w                                0x08000de9   Thumb Code    74  rt_memclr_w.o(.text)
    __rt_heap_descriptor                     0x08000e35   Thumb Code     8  rt_heap_descriptor_intlibspace.o(.text)
    __use_no_heap                            0x08000e3d   Thumb Code     2  hguard.o(.text)
    __heap$guard                             0x08000e3f   Thumb Code     2  hguard.o(.text)
    _terminate_user_alloc                    0x08000e41   Thumb Code     2  init_alloc.o(.text)
    _init_user_alloc                         0x08000e43   Thumb Code     2  init_alloc.o(.text)
    __Heap_Full                              0x08000e45   Thumb Code    34  init_alloc.o(.text)
    __Heap_Broken                            0x08000e67   Thumb Code     6  init_alloc.o(.text)
    _init_alloc                              0x08000e6d   Thumb Code    94  init_alloc.o(.text)
    malloc                                   0x08000ecb   Thumb Code    94  h1_alloc.o(.text)
    _fseek                                   0x08000f29   Thumb Code   242  fseek.o(.text)
    fseek                                    0x08000f29   Thumb Code     0  fseek.o(.text)
    _seterr                                  0x08001021   Thumb Code    20  stdio.o(.text)
    _writebuf                                0x08001035   Thumb Code   108  stdio.o(.text)
    _fflush                                  0x080010a1   Thumb Code    70  stdio.o(.text)
    _deferredlazyseek                        0x080010e7   Thumb Code    60  stdio.o(.text)
    __sig_exit                               0x08001129   Thumb Code    10  defsig_exit.o(.text)
    __rt_SIGRTRED_inner                      0x08001135   Thumb Code    14  defsig_rtred_inner.o(.text)
    _sys_exit                                0x08001169   Thumb Code     8  sys_exit.o(.text)
    __Heap_Initialize                        0x08001175   Thumb Code     8  h1_init.o(.text)
    _maybe_terminate_alloc                   0x08001175   Thumb Code     0  maybetermalloc1.o(.text)
    __Heap_DescSize                          0x0800117d   Thumb Code     4  h1_init.o(.text)
    __Heap_ProvideMemory                     0x08001181   Thumb Code    52  h1_extend.o(.text)
    _ftell_internal                          0x080011b5   Thumb Code    66  ftell.o(.text)
    ftell                                    0x080011b5   Thumb Code     0  ftell.o(.text)
    __default_signal_display                 0x080011f7   Thumb Code    50  defsig_general.o(.text)
    __rt_SIGRTMEM                            0x08001229   Thumb Code    14  defsig_rtmem_outer.o(.text)
    _ttywrch                                 0x08001237   Thumb Code    14  sys_wrch.o(.text)
    __I$use$semihosting                      0x08001245   Thumb Code     0  use_no_semi.o(.text)
    __use_no_semihosting_swi                 0x08001245   Thumb Code     2  use_no_semi.o(.text)
    __semihosting_library_function           0x08001247   Thumb Code     0  indicate_semi.o(.text)
    __aeabi_errno_addr                       0x08001249   Thumb Code     8  rt_errno_addr_intlibspace.o(.text)
    __errno$intlibspace                      0x08001249   Thumb Code     0  rt_errno_addr_intlibspace.o(.text)
    __rt_errno_addr$intlibspace              0x08001249   Thumb Code     0  rt_errno_addr_intlibspace.o(.text)
    __rt_SIGRTMEM_inner                      0x08001251   Thumb Code    22  defsig_rtmem_inner.o(.text)
    ADC_Cmd                                  0x080012a1   Thumb Code    16  stm32f10x_adc.o(.text.ADC_Cmd)
    ADC_Config                               0x080012b1   Thumb Code   110  main.o(.text.ADC_Config)
    ADC_GetCalibrationStatus                 0x08001321   Thumb Code     8  stm32f10x_adc.o(.text.ADC_GetCalibrationStatus)
    ADC_GetConversionValue                   0x08001329   Thumb Code     6  stm32f10x_adc.o(.text.ADC_GetConversionValue)
    ADC_GetResetCalibrationStatus            0x08001331   Thumb Code     8  stm32f10x_adc.o(.text.ADC_GetResetCalibrationStatus)
    ADC_Init                                 0x08001339   Thumb Code    82  stm32f10x_adc.o(.text.ADC_Init)
    ADC_RegularChannelConfig                 0x0800138d   Thumb Code    96  stm32f10x_adc.o(.text.ADC_RegularChannelConfig)
    ADC_ResetCalibration                     0x080013ed   Thumb Code    10  stm32f10x_adc.o(.text.ADC_ResetCalibration)
    ADC_SoftwareStartConvCmd                 0x080013f9   Thumb Code    18  stm32f10x_adc.o(.text.ADC_SoftwareStartConvCmd)
    ADC_StartCalibration                     0x0800140d   Thumb Code    10  stm32f10x_adc.o(.text.ADC_StartCalibration)
    DMA1_Channel1_Event                      0x08001419   Thumb Code     2  dma_stm32f10x.o(.text.DMA1_Channel1_Event)
    DMA1_Channel1_IRQHandler                 0x0800141d   Thumb Code    18  dma_stm32f10x.o(.text.DMA1_Channel1_IRQHandler)
    DMA1_Channel2_Event                      0x08001431   Thumb Code     2  dma_stm32f10x.o(.text.DMA1_Channel2_Event)
    DMA1_Channel2_IRQHandler                 0x08001435   Thumb Code    20  dma_stm32f10x.o(.text.DMA1_Channel2_IRQHandler)
    DMA1_Channel3_Event                      0x08001449   Thumb Code     2  dma_stm32f10x.o(.text.DMA1_Channel3_Event)
    DMA1_Channel3_IRQHandler                 0x0800144d   Thumb Code    20  dma_stm32f10x.o(.text.DMA1_Channel3_IRQHandler)
    DMA1_Channel4_Event                      0x08001461   Thumb Code     2  dma_stm32f10x.o(.text.DMA1_Channel4_Event)
    DMA1_Channel4_IRQHandler                 0x08001465   Thumb Code    20  dma_stm32f10x.o(.text.DMA1_Channel4_IRQHandler)
    DMA1_Channel5_Event                      0x08001479   Thumb Code     2  dma_stm32f10x.o(.text.DMA1_Channel5_Event)
    DMA1_Channel5_IRQHandler                 0x0800147d   Thumb Code    20  dma_stm32f10x.o(.text.DMA1_Channel5_IRQHandler)
    DMA1_Channel6_Event                      0x08001491   Thumb Code     2  dma_stm32f10x.o(.text.DMA1_Channel6_Event)
    DMA1_Channel6_IRQHandler                 0x08001495   Thumb Code    20  dma_stm32f10x.o(.text.DMA1_Channel6_IRQHandler)
    DMA1_Channel7_Event                      0x080014a9   Thumb Code     2  dma_stm32f10x.o(.text.DMA1_Channel7_Event)
    DMA1_Channel7_IRQHandler                 0x080014ad   Thumb Code    20  dma_stm32f10x.o(.text.DMA1_Channel7_IRQHandler)
    GPIO_Init                                0x080014c1   Thumb Code   192  stm32f10x_gpio.o(.text.GPIO_Init)
    RCC_APB2PeriphClockCmd                   0x08001581   Thumb Code    24  stm32f10x_rcc.o(.text.RCC_APB2PeriphClockCmd)
    RCC_GetClocksFreq                        0x08001599   Thumb Code   140  stm32f10x_rcc.o(.text.RCC_GetClocksFreq)
    SysTick_Handler                          0x08001625   Thumb Code    16  delay.o(.text.SysTick_Handler)
    SysTick_Init                             0x08001635   Thumb Code    20  delay.o(.text.SysTick_Init)
    SystemCoreClockUpdate                    0x08001649   Thumb Code    94  system_stm32f10x.o(.text.SystemCoreClockUpdate)
    SystemInit                               0x080016a9   Thumb Code   272  system_stm32f10x.o(.text.SystemInit)
    USART1_IRQHandler                        0x080017b9   Thumb Code   114  my_usart.o(.text.USART1_IRQHandler)
    USART_ClearFlag                          0x0800182d   Thumb Code     6  stm32f10x_usart.o(.text.USART_ClearFlag)
    USART_ClearITPendingBit                  0x08001835   Thumb Code    14  stm32f10x_usart.o(.text.USART_ClearITPendingBit)
    USART_Cmd                                0x08001845   Thumb Code    20  stm32f10x_usart.o(.text.USART_Cmd)
    USART_GetFlagStatus                      0x08001859   Thumb Code    10  stm32f10x_usart.o(.text.USART_GetFlagStatus)
    USART_GetITStatus                        0x08001865   Thumb Code    48  stm32f10x_usart.o(.text.USART_GetITStatus)
    USART_ITConfig                           0x08001895   Thumb Code    46  stm32f10x_usart.o(.text.USART_ITConfig)
    USART_Init                               0x080018c5   Thumb Code   182  stm32f10x_usart.o(.text.USART_Init)
    USART_ReceiveData                        0x0800197d   Thumb Code     8  stm32f10x_usart.o(.text.USART_ReceiveData)
    USART_SendData                           0x08001985   Thumb Code     8  stm32f10x_usart.o(.text.USART_SendData)
    _sys_close                               0x0800198d   Thumb Code    20  retarget_io.o(.text._sys_close)
    _sys_flen                                0x080019a1   Thumb Code    20  retarget_io.o(.text._sys_flen)
    _sys_istty                               0x080019b5   Thumb Code    16  retarget_io.o(.text._sys_istty)
    _sys_open                                0x080019c5   Thumb Code   100  retarget_io.o(.text._sys_open)
    _sys_seek                                0x08001a29   Thumb Code     6  retarget_io.o(.text._sys_seek)
    _sys_write                               0x08001a31   Thumb Code    46  retarget_io.o(.text._sys_write)
    delay_ms                                 0x08001a61   Thumb Code    72  delay.o(.text.delay_ms)
    fputc                                    0x08001aa9   Thumb Code    48  my_usart.o(.text.fputc)
    main                                     0x08001ad9   Thumb Code   144  main.o(.text.main)
    stdout_putchar                           0x08001b81   Thumb Code     4  stdout_bkpt.o(.text.stdout_putchar)
    usart1_cfg_A9A10                         0x08001b85   Thumb Code   188  my_usart.o(.text.usart1_cfg_A9A10)
    _btod_d2e                                0x08001c41   Thumb Code    62  btod.o(CL$$btod_d2e)
    _d2e_denorm_low                          0x08001c7f   Thumb Code    70  btod.o(CL$$btod_d2e_denorm_low)
    _d2e_norm_op1                            0x08001cc5   Thumb Code    96  btod.o(CL$$btod_d2e_norm_op1)
    __btod_div_common                        0x08001d25   Thumb Code   696  btod.o(CL$$btod_div_common)
    _e2e                                     0x0800205d   Thumb Code   220  btod.o(CL$$btod_e2e)
    _btod_ediv                               0x08002139   Thumb Code    42  btod.o(CL$$btod_ediv)
    _btod_emul                               0x08002163   Thumb Code    42  btod.o(CL$$btod_emul)
    __btod_mult_common                       0x0800218d   Thumb Code   580  btod.o(CL$$btod_mult_common)
    __ARM_fpclassify                         0x080023d1   Thumb Code    40  fpclassify.o(i.__ARM_fpclassify)
    _is_digit                                0x080023f9   Thumb Code    14  __printf_wp.o(i._is_digit)
    _get_lc_numeric                          0x08002409   Thumb Code    44  lc_numeric_c.o(locale$$code)
    __aeabi_d2f                              0x08002435   Thumb Code     0  d2f.o(x$fpl$d2f)
    _d2f                                     0x08002435   Thumb Code    98  d2f.o(x$fpl$d2f)
    __aeabi_ui2d                             0x08002497   Thumb Code     0  dflt_clz.o(x$fpl$dfltu)
    _dfltu                                   0x08002497   Thumb Code    38  dflt_clz.o(x$fpl$dfltu)
    __aeabi_dmul                             0x080024bd   Thumb Code     0  dmul.o(x$fpl$dmul)
    _dmul                                    0x080024bd   Thumb Code   332  dmul.o(x$fpl$dmul)
    __fpl_dnaninf                            0x08002611   Thumb Code   156  dnaninf.o(x$fpl$dnaninf)
    __fpl_dretinf                            0x080026ad   Thumb Code    12  dretinf.o(x$fpl$dretinf)
    __aeabi_f2d                              0x080026b9   Thumb Code     0  f2d.o(x$fpl$f2d)
    _f2d                                     0x080026b9   Thumb Code    86  f2d.o(x$fpl$f2d)
    __fpl_fnaninf                            0x0800270f   Thumb Code   140  fnaninf.o(x$fpl$fnaninf)
    __fpl_fretinf                            0x0800279b   Thumb Code    10  fretinf.o(x$fpl$fretinf)
    _printf_fp_dec                           0x080027a5   Thumb Code     4  printf1.o(x$fpl$printf1)
    __I$use$fp                               0x080027a8   Number         0  usenofp.o(x$fpl$usenofp)
    AHBPrescTable                            0x08002840   Data          16  system_stm32f10x.o(.rodata.AHBPrescTable)
    __stderr_name                            0x08002860   Data           8  retarget_io.o(.rodata.__stderr_name)
    __stdin_name                             0x08002868   Data           7  retarget_io.o(.rodata.__stdin_name)
    __stdout_name                            0x0800286f   Data           8  retarget_io.o(.rodata.__stdout_name)
    Region$$Table$$Base                      0x08002878   Number         0  anon$$obj.o(Region$$Table)
    Region$$Table$$Limit                     0x08002898   Number         0  anon$$obj.o(Region$$Table)
    __aeabi_stdin                            0x20000000   Data           4  stdio_streams.o(.data)
    __aeabi_stdout                           0x20000004   Data           4  stdio_streams.o(.data)
    __aeabi_stderr                           0x20000008   Data           4  stdio_streams.o(.data)
    SysTickCounter                           0x2000000c   Data           4  delay.o(.data.SysTickCounter)
    SystemCoreClock                          0x20000010   Data           4  system_stm32f10x.o(.data.SystemCoreClock)
    __stdin                                  0x20000018   Data          84  stdio_streams.o(.bss)
    __stdout                                 0x2000006c   Data          84  stdio_streams.o(.bss)
    __stderr                                 0x200000c0   Data          84  stdio_streams.o(.bss)
    __libspace_start                         0x20000114   Data          96  libspace.o(.bss)
    RX_Buffer                                0x20000174   Data          80  my_usart.o(.bss.RX_Buffer)
    __temporary_stack_top$libspace           0x20000174   Data           0  libspace.o(.bss)
    RX_available                             0x200001c4   Data           1  my_usart.o(.bss.RX_available)
    RX_index                                 0x200001c5   Data           1  my_usart.o(.bss.RX_index)
    receive_length                           0x200001c6   Data           2  my_usart.o(.bss.receive_length)



==============================================================================

Memory Map of the image

  Image Entry point : 0x080001dd

  Load Region LR_1 (Base: 0x08000000, Size: 0x000028c8, Max: 0xffffffff, ABSOLUTE)

    Execution Region ER_RO (Exec base: 0x08000000, Load base: 0x08000000, Size: 0x000028b4, Max: 0xffffffff, ABSOLUTE)

    Exec Addr    Load Addr    Size         Type   Attr      Idx    E Section Name        Object

    0x08000000   0x08000000   0x000000ec   Data   RO          469    RESET               startup_stm32f10x_md.o
    0x080000ec   0x080000ec   0x00000008   Code   RO          528  * !!!main             c_w.l(__main.o)
    0x080000f4   0x080000f4   0x0000005c   Code   RO          932    !!!scatter          c_w.l(__scatter.o)
    0x08000150   0x08000150   0x0000001a   Code   RO          936    !!handler_copy      c_w.l(__scatter_copy.o)
    0x0800016a   0x0800016a   0x00000002   PAD
    0x0800016c   0x0800016c   0x00000002   Code   RO          933    !!handler_null      c_w.l(__scatter.o)
    0x0800016e   0x0800016e   0x00000002   PAD
    0x08000170   0x08000170   0x0000001c   Code   RO          938    !!handler_zi        c_w.l(__scatter_zi.o)
    0x0800018c   0x0800018c   0x00000000   Code   RO          521    .ARM.Collect$$_printf_percent$$00000000  c_w.l(_printf_percent.o)
    0x0800018c   0x0800018c   0x00000006   Code   RO          520    .ARM.Collect$$_printf_percent$$00000003  c_w.l(_printf_f.o)
    0x08000192   0x08000192   0x00000004   Code   RO          555    .ARM.Collect$$_printf_percent$$00000017  c_w.l(_printf_percent_end.o)
    0x08000196   0x08000196   0x00000002   Code   RO          736    .ARM.Collect$$libinit$$00000000  c_w.l(libinit.o)
    0x08000198   0x08000198   0x00000000   Code   RO          738    .ARM.Collect$$libinit$$00000002  c_w.l(libinit2.o)
    0x08000198   0x08000198   0x00000000   Code   RO          740    .ARM.Collect$$libinit$$00000004  c_w.l(libinit2.o)
    0x08000198   0x08000198   0x00000000   Code   RO          742    .ARM.Collect$$libinit$$00000006  c_w.l(libinit2.o)
    0x08000198   0x08000198   0x00000008   Code   RO          743    .ARM.Collect$$libinit$$00000007  c_w.l(libinit2.o)
    0x080001a0   0x080001a0   0x00000000   Code   RO          745    .ARM.Collect$$libinit$$0000000C  c_w.l(libinit2.o)
    0x080001a0   0x080001a0   0x00000000   Code   RO          747    .ARM.Collect$$libinit$$0000000E  c_w.l(libinit2.o)
    0x080001a0   0x080001a0   0x00000000   Code   RO          749    .ARM.Collect$$libinit$$00000010  c_w.l(libinit2.o)
    0x080001a0   0x080001a0   0x00000006   Code   RO          750    .ARM.Collect$$libinit$$00000011  c_w.l(libinit2.o)
    0x080001a6   0x080001a6   0x00000000   Code   RO          752    .ARM.Collect$$libinit$$00000013  c_w.l(libinit2.o)
    0x080001a6   0x080001a6   0x00000000   Code   RO          754    .ARM.Collect$$libinit$$00000015  c_w.l(libinit2.o)
    0x080001a6   0x080001a6   0x00000000   Code   RO          756    .ARM.Collect$$libinit$$00000017  c_w.l(libinit2.o)
    0x080001a6   0x080001a6   0x0000000a   Code   RO          757    .ARM.Collect$$libinit$$00000018  c_w.l(libinit2.o)
    0x080001b0   0x080001b0   0x00000000   Code   RO          758    .ARM.Collect$$libinit$$00000019  c_w.l(libinit2.o)
    0x080001b0   0x080001b0   0x00000000   Code   RO          760    .ARM.Collect$$libinit$$0000001B  c_w.l(libinit2.o)
    0x080001b0   0x080001b0   0x00000000   Code   RO          762    .ARM.Collect$$libinit$$0000001D  c_w.l(libinit2.o)
    0x080001b0   0x080001b0   0x00000000   Code   RO          764    .ARM.Collect$$libinit$$0000001F  c_w.l(libinit2.o)
    0x080001b0   0x080001b0   0x00000000   Code   RO          766    .ARM.Collect$$libinit$$00000021  c_w.l(libinit2.o)
    0x080001b0   0x080001b0   0x00000000   Code   RO          768    .ARM.Collect$$libinit$$00000023  c_w.l(libinit2.o)
    0x080001b0   0x080001b0   0x00000000   Code   RO          770    .ARM.Collect$$libinit$$00000025  c_w.l(libinit2.o)
    0x080001b0   0x080001b0   0x00000004   Code   RO          771    .ARM.Collect$$libinit$$00000026  c_w.l(libinit2.o)
    0x080001b4   0x080001b4   0x00000000   Code   RO          772    .ARM.Collect$$libinit$$00000027  c_w.l(libinit2.o)
    0x080001b4   0x080001b4   0x00000000   Code   RO          776    .ARM.Collect$$libinit$$0000002E  c_w.l(libinit2.o)
    0x080001b4   0x080001b4   0x00000000   Code   RO          778    .ARM.Collect$$libinit$$00000030  c_w.l(libinit2.o)
    0x080001b4   0x080001b4   0x00000000   Code   RO          780    .ARM.Collect$$libinit$$00000032  c_w.l(libinit2.o)
    0x080001b4   0x080001b4   0x00000000   Code   RO          782    .ARM.Collect$$libinit$$00000034  c_w.l(libinit2.o)
    0x080001b4   0x080001b4   0x00000002   Code   RO          783    .ARM.Collect$$libinit$$00000035  c_w.l(libinit2.o)
    0x080001b6   0x080001b6   0x00000002   Code   RO          913    .ARM.Collect$$libshutdown$$00000000  c_w.l(libshutdown.o)
    0x080001b8   0x080001b8   0x00000000   Code   RO          785    .ARM.Collect$$libshutdown$$00000002  c_w.l(libshutdown2.o)
    0x080001b8   0x080001b8   0x00000004   Code   RO          786    .ARM.Collect$$libshutdown$$00000003  c_w.l(libshutdown2.o)
    0x080001bc   0x080001bc   0x00000000   Code   RO          787    .ARM.Collect$$libshutdown$$00000004  c_w.l(libshutdown2.o)
    0x080001bc   0x080001bc   0x00000000   Code   RO          790    .ARM.Collect$$libshutdown$$00000007  c_w.l(libshutdown2.o)
    0x080001bc   0x080001bc   0x00000000   Code   RO          793    .ARM.Collect$$libshutdown$$0000000A  c_w.l(libshutdown2.o)
    0x080001bc   0x080001bc   0x00000000   Code   RO          795    .ARM.Collect$$libshutdown$$0000000C  c_w.l(libshutdown2.o)
    0x080001bc   0x080001bc   0x00000000   Code   RO          798    .ARM.Collect$$libshutdown$$0000000F  c_w.l(libshutdown2.o)
    0x080001bc   0x080001bc   0x00000002   Code   RO          799    .ARM.Collect$$libshutdown$$00000010  c_w.l(libshutdown2.o)
    0x080001be   0x080001be   0x00000000   Code   RO          544    .ARM.Collect$$rtentry$$00000000  c_w.l(__rtentry.o)
    0x080001be   0x080001be   0x00000000   Code   RO          572    .ARM.Collect$$rtentry$$00000002  c_w.l(__rtentry2.o)
    0x080001be   0x080001be   0x00000006   Code   RO          584    .ARM.Collect$$rtentry$$00000004  c_w.l(__rtentry4.o)
    0x080001c4   0x080001c4   0x00000000   Code   RO          574    .ARM.Collect$$rtentry$$00000009  c_w.l(__rtentry2.o)
    0x080001c4   0x080001c4   0x00000004   Code   RO          575    .ARM.Collect$$rtentry$$0000000A  c_w.l(__rtentry2.o)
    0x080001c8   0x080001c8   0x00000000   Code   RO          577    .ARM.Collect$$rtentry$$0000000C  c_w.l(__rtentry2.o)
    0x080001c8   0x080001c8   0x00000008   Code   RO          578    .ARM.Collect$$rtentry$$0000000D  c_w.l(__rtentry2.o)
    0x080001d0   0x080001d0   0x00000002   Code   RO          800    .ARM.Collect$$rtexit$$00000000  c_w.l(rtexit.o)
    0x080001d2   0x080001d2   0x00000000   Code   RO          852    .ARM.Collect$$rtexit$$00000002  c_w.l(rtexit2.o)
    0x080001d2   0x080001d2   0x00000004   Code   RO          853    .ARM.Collect$$rtexit$$00000003  c_w.l(rtexit2.o)
    0x080001d6   0x080001d6   0x00000006   Code   RO          854    .ARM.Collect$$rtexit$$00000004  c_w.l(rtexit2.o)
    0x080001dc   0x080001dc   0x00000040   Code   RO          470  * .text               startup_stm32f10x_md.o
    0x0800021c   0x0800021c   0x00000018   Code   RO          496    .text               c_w.l(noretval__2printf.o)
    0x08000234   0x08000234   0x0000010e   Code   RO          508    .text               c_w.l(__printf_wp.o)
    0x08000342   0x08000342   0x00000002   PAD
    0x08000344   0x08000344   0x0000002c   Code   RO          522    .text               c_w.l(puts.o)
    0x08000370   0x08000370   0x00000080   Code   RO          524    .text               c_w.l(strcmpv7m.o)
    0x080003f0   0x080003f0   0x00000006   Code   RO          526    .text               c_w.l(heapauxi.o)
    0x080003f6   0x080003f6   0x0000041c   Code   RO          549    .text               c_w.l(_printf_fp_dec.o)
    0x08000812   0x08000812   0x00000002   PAD
    0x08000814   0x08000814   0x00000024   Code   RO          553    .text               c_w.l(_printf_char_file.o)
    0x08000838   0x08000838   0x00000008   Code   RO          591    .text               c_w.l(rt_locale_intlibspace.o)
    0x08000840   0x08000840   0x0000008a   Code   RO          593    .text               c_w.l(lludiv10.o)
    0x080008ca   0x080008ca   0x00000002   PAD
    0x080008cc   0x080008cc   0x00000030   Code   RO          595    .text               c_w.l(_printf_char_common.o)
    0x080008fc   0x080008fc   0x00000080   Code   RO          597    .text               c_w.l(_printf_fp_infnan.o)
    0x0800097c   0x0800097c   0x000000e4   Code   RO          599    .text               c_w.l(bigflt0.o)
    0x08000a60   0x08000a60   0x00000008   Code   RO          626    .text               c_w.l(ferror.o)
    0x08000a68   0x08000a68   0x00000138   Code   RO          628    .text               c_w.l(initio.o)
    0x08000ba0   0x08000ba0   0x00000008   Code   RO          641    .text               c_w.l(libspace.o)
    0x08000ba8   0x08000ba8   0x0000004a   Code   RO          646    .text               c_w.l(sys_stackheap_outer.o)
    0x08000bf2   0x08000bf2   0x0000004e   Code   RO          650    .text               c_w.l(h1_free.o)
    0x08000c40   0x08000c40   0x00000046   Code   RO          708    .text               c_w.l(setvbuf.o)
    0x08000c86   0x08000c86   0x00000002   PAD
    0x08000c88   0x08000c88   0x000000f0   Code   RO          711    .text               c_w.l(fopen.o)
    0x08000d78   0x08000d78   0x0000004c   Code   RO          713    .text               c_w.l(fclose.o)
    0x08000dc4   0x08000dc4   0x00000012   Code   RO          719    .text               c_w.l(exit.o)
    0x08000dd6   0x08000dd6   0x0000000e   Code   RO          725    .text               c_w.l(defsig_rtred_outer.o)
    0x08000de4   0x08000de4   0x0000004e   Code   RO          729    .text               c_w.l(rt_memclr_w.o)
    0x08000e32   0x08000e32   0x00000002   PAD
    0x08000e34   0x08000e34   0x00000008   Code   RO          807    .text               c_w.l(rt_heap_descriptor_intlibspace.o)
    0x08000e3c   0x08000e3c   0x00000004   Code   RO          809    .text               c_w.l(hguard.o)
    0x08000e40   0x08000e40   0x0000008a   Code   RO          811    .text               c_w.l(init_alloc.o)
    0x08000eca   0x08000eca   0x0000005e   Code   RO          817    .text               c_w.l(h1_alloc.o)
    0x08000f28   0x08000f28   0x000000f8   Code   RO          831    .text               c_w.l(fseek.o)
    0x08001020   0x08001020   0x00000108   Code   RO          833    .text               c_w.l(stdio.o)
    0x08001128   0x08001128   0x0000000a   Code   RO          835    .text               c_w.l(defsig_exit.o)
    0x08001132   0x08001132   0x00000002   PAD
    0x08001134   0x08001134   0x00000034   Code   RO          839    .text               c_w.l(defsig_rtred_inner.o)
    0x08001168   0x08001168   0x0000000c   Code   RO          847    .text               c_w.l(sys_exit.o)
    0x08001174   0x08001174   0x00000000   Code   RO          858    .text               c_w.l(maybetermalloc1.o)
    0x08001174   0x08001174   0x0000000c   Code   RO          860    .text               c_w.l(h1_init.o)
    0x08001180   0x08001180   0x00000034   Code   RO          862    .text               c_w.l(h1_extend.o)
    0x080011b4   0x080011b4   0x00000042   Code   RO          868    .text               c_w.l(ftell.o)
    0x080011f6   0x080011f6   0x00000032   Code   RO          872    .text               c_w.l(defsig_general.o)
    0x08001228   0x08001228   0x0000000e   Code   RO          874    .text               c_w.l(defsig_rtmem_outer.o)
    0x08001236   0x08001236   0x0000000e   Code   RO          887    .text               c_w.l(sys_wrch.o)
    0x08001244   0x08001244   0x00000002   Code   RO          895    .text               c_w.l(use_no_semi.o)
    0x08001246   0x08001246   0x00000000   Code   RO          897    .text               c_w.l(indicate_semi.o)
    0x08001246   0x08001246   0x00000002   PAD
    0x08001248   0x08001248   0x00000008   Code   RO          901    .text               c_w.l(rt_errno_addr_intlibspace.o)
    0x08001250   0x08001250   0x00000050   Code   RO          907    .text               c_w.l(defsig_rtmem_inner.o)
    0x080012a0   0x080012a0   0x00000010   Code   RO          127    .text.ADC_Cmd       stm32f10x_adc.o
    0x080012b0   0x080012b0   0x0000006e   Code   RO            4    .text.ADC_Config    main.o
    0x0800131e   0x0800131e   0x00000002   PAD
    0x08001320   0x08001320   0x00000008   Code   RO          139    .text.ADC_GetCalibrationStatus  stm32f10x_adc.o
    0x08001328   0x08001328   0x00000006   Code   RO          153    .text.ADC_GetConversionValue  stm32f10x_adc.o
    0x0800132e   0x0800132e   0x00000002   PAD
    0x08001330   0x08001330   0x00000008   Code   RO          135    .text.ADC_GetResetCalibrationStatus  stm32f10x_adc.o
    0x08001338   0x08001338   0x00000052   Code   RO          123    .text.ADC_Init      stm32f10x_adc.o
    0x0800138a   0x0800138a   0x00000002   PAD
    0x0800138c   0x0800138c   0x00000060   Code   RO          149    .text.ADC_RegularChannelConfig  stm32f10x_adc.o
    0x080013ec   0x080013ec   0x0000000a   Code   RO          133    .text.ADC_ResetCalibration  stm32f10x_adc.o
    0x080013f6   0x080013f6   0x00000002   PAD
    0x080013f8   0x080013f8   0x00000012   Code   RO          141    .text.ADC_SoftwareStartConvCmd  stm32f10x_adc.o
    0x0800140a   0x0800140a   0x00000002   PAD
    0x0800140c   0x0800140c   0x0000000a   Code   RO          137    .text.ADC_StartCalibration  stm32f10x_adc.o
    0x08001416   0x08001416   0x00000002   PAD
    0x08001418   0x08001418   0x00000002   Code   RO          414    .text.DMA1_Channel1_Event  dma_stm32f10x.o
    0x0800141a   0x0800141a   0x00000002   PAD
    0x0800141c   0x0800141c   0x00000012   Code   RO          428    .text.DMA1_Channel1_IRQHandler  dma_stm32f10x.o
    0x0800142e   0x0800142e   0x00000002   PAD
    0x08001430   0x08001430   0x00000002   Code   RO          416    .text.DMA1_Channel2_Event  dma_stm32f10x.o
    0x08001432   0x08001432   0x00000002   PAD
    0x08001434   0x08001434   0x00000014   Code   RO          430    .text.DMA1_Channel2_IRQHandler  dma_stm32f10x.o
    0x08001448   0x08001448   0x00000002   Code   RO          418    .text.DMA1_Channel3_Event  dma_stm32f10x.o
    0x0800144a   0x0800144a   0x00000002   PAD
    0x0800144c   0x0800144c   0x00000014   Code   RO          432    .text.DMA1_Channel3_IRQHandler  dma_stm32f10x.o
    0x08001460   0x08001460   0x00000002   Code   RO          420    .text.DMA1_Channel4_Event  dma_stm32f10x.o
    0x08001462   0x08001462   0x00000002   PAD
    0x08001464   0x08001464   0x00000014   Code   RO          434    .text.DMA1_Channel4_IRQHandler  dma_stm32f10x.o
    0x08001478   0x08001478   0x00000002   Code   RO          422    .text.DMA1_Channel5_Event  dma_stm32f10x.o
    0x0800147a   0x0800147a   0x00000002   PAD
    0x0800147c   0x0800147c   0x00000014   Code   RO          436    .text.DMA1_Channel5_IRQHandler  dma_stm32f10x.o
    0x08001490   0x08001490   0x00000002   Code   RO          424    .text.DMA1_Channel6_Event  dma_stm32f10x.o
    0x08001492   0x08001492   0x00000002   PAD
    0x08001494   0x08001494   0x00000014   Code   RO          438    .text.DMA1_Channel6_IRQHandler  dma_stm32f10x.o
    0x080014a8   0x080014a8   0x00000002   Code   RO          426    .text.DMA1_Channel7_Event  dma_stm32f10x.o
    0x080014aa   0x080014aa   0x00000002   PAD
    0x080014ac   0x080014ac   0x00000014   Code   RO          440    .text.DMA1_Channel7_IRQHandler  dma_stm32f10x.o
    0x080014c0   0x080014c0   0x000000c0   Code   RO          229    .text.GPIO_Init     stm32f10x_gpio.o
    0x08001580   0x08001580   0x00000018   Code   RO          314    .text.RCC_APB2PeriphClockCmd  stm32f10x_rcc.o
    0x08001598   0x08001598   0x0000008c   Code   RO          310    .text.RCC_GetClocksFreq  stm32f10x_rcc.o
    0x08001624   0x08001624   0x00000010   Code   RO           19    .text.SysTick_Handler  delay.o
    0x08001634   0x08001634   0x00000014   Code   RO           17    .text.SysTick_Init  delay.o
    0x08001648   0x08001648   0x0000005e   Code   RO          479    .text.SystemCoreClockUpdate  system_stm32f10x.o
    0x080016a6   0x080016a6   0x00000002   PAD
    0x080016a8   0x080016a8   0x00000110   Code   RO          477    .text.SystemInit    system_stm32f10x.o
    0x080017b8   0x080017b8   0x00000072   Code   RO           48    .text.USART1_IRQHandler  my_usart.o
    0x0800182a   0x0800182a   0x00000002   PAD
    0x0800182c   0x0800182c   0x00000006   Code   RO          396    .text.USART_ClearFlag  stm32f10x_usart.o
    0x08001832   0x08001832   0x00000002   PAD
    0x08001834   0x08001834   0x0000000e   Code   RO          400    .text.USART_ClearITPendingBit  stm32f10x_usart.o
    0x08001842   0x08001842   0x00000002   PAD
    0x08001844   0x08001844   0x00000014   Code   RO          354    .text.USART_Cmd     stm32f10x_usart.o
    0x08001858   0x08001858   0x0000000a   Code   RO          394    .text.USART_GetFlagStatus  stm32f10x_usart.o
    0x08001862   0x08001862   0x00000002   PAD
    0x08001864   0x08001864   0x00000030   Code   RO          398    .text.USART_GetITStatus  stm32f10x_usart.o
    0x08001894   0x08001894   0x0000002e   Code   RO          356    .text.USART_ITConfig  stm32f10x_usart.o
    0x080018c2   0x080018c2   0x00000002   PAD
    0x080018c4   0x080018c4   0x000000b6   Code   RO          346    .text.USART_Init    stm32f10x_usart.o
    0x0800197a   0x0800197a   0x00000002   PAD
    0x0800197c   0x0800197c   0x00000008   Code   RO          372    .text.USART_ReceiveData  stm32f10x_usart.o
    0x08001984   0x08001984   0x00000008   Code   RO          370    .text.USART_SendData  stm32f10x_usart.o
    0x0800198c   0x0800198c   0x00000014   Code   RO           64    .text._sys_close    retarget_io.o
    0x080019a0   0x080019a0   0x00000014   Code   RO           74    .text._sys_flen     retarget_io.o
    0x080019b4   0x080019b4   0x00000010   Code   RO           70    .text._sys_istty    retarget_io.o
    0x080019c4   0x080019c4   0x00000064   Code   RO           62    .text._sys_open     retarget_io.o
    0x08001a28   0x08001a28   0x00000006   Code   RO           72    .text._sys_seek     retarget_io.o
    0x08001a2e   0x08001a2e   0x00000002   PAD
    0x08001a30   0x08001a30   0x0000002e   Code   RO           66    .text._sys_write    retarget_io.o
    0x08001a5e   0x08001a5e   0x00000002   PAD
    0x08001a60   0x08001a60   0x00000048   Code   RO           33    .text.delay_ms      delay.o
    0x08001aa8   0x08001aa8   0x00000030   Code   RO           44    .text.fputc         my_usart.o
    0x08001ad8   0x08001ad8   0x000000a8   Code   RO            6    .text.main          main.o
    0x08001b80   0x08001b80   0x00000004   Code   RO           95    .text.stdout_putchar  stdout_bkpt.o
    0x08001b84   0x08001b84   0x000000bc   Code   RO           46    .text.usart1_cfg_A9A10  my_usart.o
    0x08001c40   0x08001c40   0x0000003e   Code   RO          602    CL$$btod_d2e        c_w.l(btod.o)
    0x08001c7e   0x08001c7e   0x00000046   Code   RO          604    CL$$btod_d2e_denorm_low  c_w.l(btod.o)
    0x08001cc4   0x08001cc4   0x00000060   Code   RO          603    CL$$btod_d2e_norm_op1  c_w.l(btod.o)
    0x08001d24   0x08001d24   0x00000338   Code   RO          612    CL$$btod_div_common  c_w.l(btod.o)
    0x0800205c   0x0800205c   0x000000dc   Code   RO          609    CL$$btod_e2e        c_w.l(btod.o)
    0x08002138   0x08002138   0x0000002a   Code   RO          606    CL$$btod_ediv       c_w.l(btod.o)
    0x08002162   0x08002162   0x0000002a   Code   RO          605    CL$$btod_emul       c_w.l(btod.o)
    0x0800218c   0x0800218c   0x00000244   Code   RO          611    CL$$btod_mult_common  c_w.l(btod.o)
    0x080023d0   0x080023d0   0x00000028   Code   RO          639    i.__ARM_fpclassify  m_ws.l(fpclassify.o)
    0x080023f8   0x080023f8   0x0000000e   Code   RO          510    i._is_digit         c_w.l(__printf_wp.o)
    0x08002406   0x08002406   0x00000002   PAD
    0x08002408   0x08002408   0x0000002c   Code   RO          635    locale$$code        c_w.l(lc_numeric_c.o)
    0x08002434   0x08002434   0x00000062   Code   RO          530    x$fpl$d2f           fz_ws.l(d2f.o)
    0x08002496   0x08002496   0x00000026   Code   RO          532    x$fpl$dfltu         fz_ws.l(dflt_clz.o)
    0x080024bc   0x080024bc   0x00000154   Code   RO          538    x$fpl$dmul          fz_ws.l(dmul.o)
    0x08002610   0x08002610   0x0000009c   Code   RO          562    x$fpl$dnaninf       fz_ws.l(dnaninf.o)
    0x080026ac   0x080026ac   0x0000000c   Code   RO          564    x$fpl$dretinf       fz_ws.l(dretinf.o)
    0x080026b8   0x080026b8   0x00000056   Code   RO          540    x$fpl$f2d           fz_ws.l(f2d.o)
    0x0800270e   0x0800270e   0x0000008c   Code   RO          566    x$fpl$fnaninf       fz_ws.l(fnaninf.o)
    0x0800279a   0x0800279a   0x0000000a   Code   RO          568    x$fpl$fretinf       fz_ws.l(fretinf.o)
    0x080027a4   0x080027a4   0x00000004   Code   RO          542    x$fpl$printf1       fz_ws.l(printf1.o)
    0x080027a8   0x080027a8   0x00000000   Code   RO          570    x$fpl$usenofp       fz_ws.l(usenofp.o)
    0x080027a8   0x080027a8   0x00000094   Data   RO          600    .constdata          c_w.l(bigflt0.o)
    0x0800283c   0x0800283c   0x00000004   Data   RO          335    .rodata.ADCPrescTable  stm32f10x_rcc.o
    0x08002840   0x08002840   0x00000010   Data   RO          482    .rodata.AHBPrescTable  system_stm32f10x.o
    0x08002850   0x08002850   0x00000010   Data   RO          334    .rodata.APBAHBPrescTable  stm32f10x_rcc.o
    0x08002860   0x08002860   0x00000008   Data   RO           78    .rodata.__stderr_name  retarget_io.o
    0x08002868   0x08002868   0x00000007   Data   RO           76    .rodata.__stdin_name  retarget_io.o
    0x0800286f   0x0800286f   0x00000008   Data   RO           77    .rodata.__stdout_name  retarget_io.o
    0x08002877   0x08002877   0x00000001   PAD
    0x08002878   0x08002878   0x00000020   Data   RO          931    Region$$Table       anon$$obj.o
    0x08002898   0x08002898   0x0000001c   Data   RO          634    locale$$data        c_w.l(lc_numeric_c.o)


    Execution Region ER_RW (Exec base: 0x20000000, Load base: 0x080028b4, Size: 0x00000014, Max: 0xffffffff, ABSOLUTE)

    Exec Addr    Load Addr    Size         Type   Attr      Idx    E Section Name        Object

    0x20000000   0x080028b4   0x00000004   Data   RW          559    .data               c_w.l(stdio_streams.o)
    0x20000004   0x080028b8   0x00000004   Data   RW          560    .data               c_w.l(stdio_streams.o)
    0x20000008   0x080028bc   0x00000004   Data   RW          561    .data               c_w.l(stdio_streams.o)
    0x2000000c   0x080028c0   0x00000004   Data   RW           35    .data.SysTickCounter  delay.o
    0x20000010   0x080028c4   0x00000004   Data   RW          481    .data.SystemCoreClock  system_stm32f10x.o


    Execution Region ER_ZI (Exec base: 0x20000018, Load base: 0x080028c8, Size: 0x000007b0, Max: 0xffffffff, ABSOLUTE)

    Exec Addr    Load Addr    Size         Type   Attr      Idx    E Section Name        Object

    0x20000018        -       0x00000054   Zero   RW          556    .bss                c_w.l(stdio_streams.o)
    0x2000006c        -       0x00000054   Zero   RW          557    .bss                c_w.l(stdio_streams.o)
    0x200000c0        -       0x00000054   Zero   RW          558    .bss                c_w.l(stdio_streams.o)
    0x20000114        -       0x00000060   Zero   RW          642    .bss                c_w.l(libspace.o)
    0x20000174        -       0x00000050   Zero   RW           53    .bss.RX_Buffer      my_usart.o
    0x200001c4        -       0x00000001   Zero   RW           50    .bss.RX_available   my_usart.o
    0x200001c5        -       0x00000001   Zero   RW           51    .bss.RX_index       my_usart.o
    0x200001c6        -       0x00000002   Zero   RW           52    .bss.receive_length  my_usart.o
    0x200001c8        -       0x00000200   Zero   RW          468    HEAP                startup_stm32f10x_md.o
    0x200003c8        -       0x00000400   Zero   RW          467    STACK               startup_stm32f10x_md.o


==============================================================================

Image component sizes


      Code (inc. data)   RO Data    RW Data    ZI Data      Debug   Object Name

       108          0          0          4          0       2284   delay.o
       152          0          0          0          0       6470   dma_stm32f10x.o
       278         24          0          0          0       2981   main.o
       350          0          0          0         84       5582   my_usart.o
       208          0         23          0          0       2732   retarget_io.o
        64         26        236          0       1536        856   startup_stm32f10x_md.o
         4          0          0          0          0        563   stdout_bkpt.o
       254          0          0          0          0       9829   stm32f10x_adc.o
       192          0          0          0          0       6182   stm32f10x_gpio.o
       164          0         20          0          0       8536   stm32f10x_rcc.o
       342          0          0          0          0       8910   stm32f10x_usart.o
       366          0         16          4          0       2773   system_stm32f10x.o

    ----------------------------------------------------------------------
      2528         50        328          8       1620      57698   Object Totals
         0          0         32          0          0          0   (incl. Generated)
        46          0          1          0          0          0   (incl. Padding)

    ----------------------------------------------------------------------

      Code (inc. data)   RO Data    RW Data    ZI Data      Debug   Library Member Name

         8          0          0          0          0         68   __main.o
       284          0          0          0          0        156   __printf_wp.o
         0          0          0          0          0          0   __rtentry.o
        12          0          0          0          0          0   __rtentry2.o
         6          0          0          0          0          0   __rtentry4.o
        94          8          0          0          0          0   __scatter.o
        26          0          0          0          0          0   __scatter_copy.o
        28          0          0          0          0          0   __scatter_zi.o
        48          6          0          0          0         96   _printf_char_common.o
        36          4          0          0          0         80   _printf_char_file.o
         6          0          0          0          0          0   _printf_f.o
      1052          0          0          0          0        148   _printf_fp_dec.o
       128         16          0          0          0         84   _printf_fp_infnan.o
         0          0          0          0          0          0   _printf_percent.o
         4          0          0          0          0          0   _printf_percent_end.o
       228          4        148          0          0         96   bigflt0.o
      1936        128          0          0          0        668   btod.o
        10          0          0          0          0         68   defsig_exit.o
        50          0          0          0          0         88   defsig_general.o
        80         58          0          0          0         76   defsig_rtmem_inner.o
        14          0          0          0          0         80   defsig_rtmem_outer.o
        52         38          0          0          0         76   defsig_rtred_inner.o
        14          0          0          0          0         80   defsig_rtred_outer.o
        18          0          0          0          0         80   exit.o
        76          0          0          0          0         88   fclose.o
         8          0          0          0          0         68   ferror.o
       240          6          0          0          0        128   fopen.o
       248          6          0          0          0         84   fseek.o
        66          0          0          0          0         76   ftell.o
        94          0          0          0          0         80   h1_alloc.o
        52          0          0          0          0         68   h1_extend.o
        78          0          0          0          0         80   h1_free.o
        12          0          0          0          0         84   h1_init.o
         6          0          0          0          0        152   heapauxi.o
         4          0          0          0          0        136   hguard.o
         0          0          0          0          0          0   indicate_semi.o
       138          0          0          0          0        168   init_alloc.o
       312         46          0          0          0        112   initio.o
        44         10         28          0          0         76   lc_numeric_c.o
         2          0          0          0          0          0   libinit.o
        30          0          0          0          0          0   libinit2.o
         2          0          0          0          0          0   libshutdown.o
         6          0          0          0          0          0   libshutdown2.o
         8          4          0          0         96         68   libspace.o
       138          0          0          0          0         80   lludiv10.o
         0          0          0          0          0          0   maybetermalloc1.o
        24          4          0          0          0         84   noretval__2printf.o
        44          4          0          0          0         84   puts.o
         8          4          0          0          0         68   rt_errno_addr_intlibspace.o
         8          4          0          0          0         68   rt_heap_descriptor_intlibspace.o
         8          4          0          0          0         68   rt_locale_intlibspace.o
        78          0          0          0          0         80   rt_memclr_w.o
         2          0          0          0          0          0   rtexit.o
        10          0          0          0          0          0   rtexit2.o
        70          0          0          0          0         80   setvbuf.o
       264          6          0          0          0        160   stdio.o
         0          0          0         12        252          0   stdio_streams.o
       128          0          0          0          0         68   strcmpv7m.o
        12          4          0          0          0         68   sys_exit.o
        74          0          0          0          0         80   sys_stackheap_outer.o
        14          0          0          0          0         76   sys_wrch.o
         2          0          0          0          0         68   use_no_semi.o
        98          4          0          0          0         92   d2f.o
        38          0          0          0          0         68   dflt_clz.o
       340         12          0          0          0        104   dmul.o
       156          4          0          0          0         92   dnaninf.o
        12          0          0          0          0         68   dretinf.o
        86          4          0          0          0         84   f2d.o
       140          4          0          0          0         84   fnaninf.o
        10          0          0          0          0         68   fretinf.o
         4          0          0          0          0         68   printf1.o
         0          0          0          0          0          0   usenofp.o
        40          0          0          0          0         68   fpclassify.o

    ----------------------------------------------------------------------
      7388        392        176         12        348       5340   Library Totals
        20          0          0          0          0          0   (incl. Padding)

    ----------------------------------------------------------------------

      Code (inc. data)   RO Data    RW Data    ZI Data      Debug   Library Name

      6444        364        176         12        348       4544   c_w.l
       884         28          0          0          0        728   fz_ws.l
        40          0          0          0          0         68   m_ws.l

    ----------------------------------------------------------------------
      7388        392        176         12        348       5340   Library Totals

    ----------------------------------------------------------------------

==============================================================================


      Code (inc. data)   RO Data    RW Data    ZI Data      Debug   

      9916        442        504         20       1968      59886   Grand Totals
      9916        442        504         20       1968      59886   ELF Image Totals
      9916        442        504         20          0          0   ROM Totals

==============================================================================

    Total RO  Size (Code + RO Data)                10420 (  10.18kB)
    Total RW  Size (RW Data + ZI Data)              1988 (   1.94kB)
    Total ROM Size (Code + RO Data + RW Data)      10440 (  10.20kB)

==============================================================================

